2020-10-29 17:16:47.313 1311-4777/com.google.android.gms I/Auth: [AuthManaged,PasswordComplexityHelperImpl] Disabling com.google.android.gms.auth.managed.ui.SetNewPasswordActivity
2020-10-29 17:16:47.335 1311-4777/com.google.android.gms I/Auth: [AuthManaged,PasswordComplexityHelperImpl] Updating password complexity components state.
2020-10-29 17:16:47.335 1311-4777/com.google.android.gms I/Auth: [AuthManaged,PasswordComplexityHelperImpl] Disabling com.google.android.gms.auth.managed.admin.DeviceAdminReceiver
2020-10-29 17:16:47.336 1311-4777/com.google.android.gms I/Auth: [AuthManaged,PasswordComplexityHelperImpl] Disabling com.google.android.gms.auth.managed.ui.SetNewPasswordActivity
2020-10-29 17:16:47.370 5351-5381/com.google.android.apps.maps D/HostConnection: HostConnection::get() New Host Connection established 0xf5ce3fd0, tid 5381
2020-10-29 17:16:47.371 1311-4777/com.google.android.gms I/Auth: [AuthManaged,PasswordComplexityHelperImpl] Updating password complexity components state.
2020-10-29 17:16:47.371 1311-4777/com.google.android.gms I/Auth: [AuthManaged,PasswordComplexityHelperImpl] Disabling com.google.android.gms.auth.managed.admin.DeviceAdminReceiver
2020-10-29 17:16:47.372 1311-4777/com.google.android.gms I/Auth: [AuthManaged,PasswordComplexityHelperImpl] Disabling com.google.android.gms.auth.managed.ui.SetNewPasswordActivity
2020-10-29 17:16:47.376 5351-5381/com.google.android.apps.maps D/HostConnection: HostComposition ext ANDROID_EMU_CHECKSUM_HELPER_v1 ANDROID_EMU_native_sync_v2 ANDROID_EMU_native_sync_v3 ANDROID_EMU_native_sync_v4 ANDROID_EMU_dma_v1 ANDROID_EMU_direct_mem ANDROID_EMU_host_composition_v1 ANDROID_EMU_host_composition_v2 ANDROID_EMU_YUV_Cache ANDROID_EMU_async_unmap_buffer GL_OES_vertex_array_object GL_KHR_texture_compression_astc_ldr ANDROID_EMU_gles_max_version_2 
2020-10-29 17:16:47.383 191-191/? I/hwservicemanager: getTransport: Cannot find entry android.hardware.configstore@1.0::ISurfaceFlingerConfigs/default in either framework or device manifest.
2020-10-29 17:16:47.389 5351-5381/com.google.android.apps.maps D/EGL_emulation: eglCreateContext: 0xf5ce5a80: maj 2 min 0 rcv 2
2020-10-29 17:16:47.392 1311-4777/com.google.android.gms I/Auth: [AuthManaged,PasswordComplexityHelperImpl] Updating password complexity components state.
2020-10-29 17:16:47.392 1311-4777/com.google.android.gms I/Auth: [AuthManaged,PasswordComplexityHelperImpl] Disabling com.google.android.gms.auth.managed.admin.DeviceAdminReceiver
2020-10-29 17:16:47.393 1311-4777/com.google.android.gms I/Auth: [AuthManaged,PasswordComplexityHelperImpl] Disabling com.google.android.gms.auth.managed.ui.SetNewPasswordActivity
2020-10-29 17:16:47.397 5351-5384/com.google.android.apps.maps I/TetheringManager: registerTetheringEventCallback:com.google.android.apps.maps
2020-10-29 17:16:47.402 5351-5381/com.google.android.apps.maps D/EGL_emulation: eglMakeCurrent: 0xf5ce5a80: ver 2 0 (tinfo 0xf6033250) (first time)
2020-10-29 17:16:47.416 1311-4777/com.google.android.gms I/Auth: [AuthManaged,PasswordComplexityHelperImpl] Updating password complexity components state.
2020-10-29 17:16:47.417 1311-4777/com.google.android.gms I/Auth: [AuthManaged,PasswordComplexityHelperImpl] Disabling com.google.android.gms.auth.managed.admin.DeviceAdminReceiver
2020-10-29 17:16:47.417 1311-4777/com.google.android.gms I/Auth: [AuthManaged,PasswordComplexityHelperImpl] Disabling com.google.android.gms.auth.managed.ui.SetNewPasswordActivity
2020-10-29 17:16:47.440 1311-4776/com.google.android.gms I/Auth: [AuthManaged,PasswordComplexityHelperImpl] Updating password complexity components state.
2020-10-29 17:16:47.440 1311-4776/com.google.android.gms I/Auth: [AuthManaged,PasswordComplexityHelperImpl] Disabling com.google.android.gms.auth.managed.admin.DeviceAdminReceiver
2020-10-29 17:16:47.440 1311-4776/com.google.android.gms I/Auth: [AuthManaged,PasswordComplexityHelperImpl] Disabling com.google.android.gms.auth.managed.ui.SetNewPasswordActivity
2020-10-29 17:16:47.448 577-942/system_process I/ActivityManager: Killing 4334:com.google.android.apps.youtube.music/u0a130 (adj 985): empty #17
2020-10-29 17:16:47.475 1311-4776/com.google.android.gms I/Auth: [AuthManaged,PasswordComplexityHelperImpl] Updating password complexity components state.
2020-10-29 17:16:47.475 1311-4776/com.google.android.gms I/Auth: [AuthManaged,PasswordComplexityHelperImpl] Disabling com.google.android.gms.auth.managed.admin.DeviceAdminReceiver
2020-10-29 17:16:47.476 1311-4776/com.google.android.gms I/Auth: [AuthManaged,PasswordComplexityHelperImpl] Disabling com.google.android.gms.auth.managed.ui.SetNewPasswordActivity
2020-10-29 17:16:47.493 577-1907/system_process D/ConnectivityService: ConnectivityService NetworkRequestInfo binderDied(NetworkRequest [ LISTEN id=31, [ Capabilities: INTERNET&NOT_RESTRICTED&TRUSTED&FOREGROUND Uid: 10130 AdministratorUids: [] RequestorUid: 10130 RequestorPackageName: com.google.android.apps.youtube.music] ], android.os.BinderProxy@10cfb0f)
2020-10-29 17:16:47.493 319-319/? I/Zygote: Process 4334 exited due to signal 9 (Killed)
2020-10-29 17:16:47.494 577-1351/system_process D/ConnectivityService: ConnectivityService NetworkRequestInfo binderDied(NetworkRequest [ TRACK_DEFAULT id=30, [ Capabilities: INTERNET&NOT_RESTRICTED&TRUSTED Uid: 10130 AdministratorUids: [] RequestorUid: 10130 RequestorPackageName: com.google.android.apps.youtube.music] ], android.os.BinderProxy@39fa79c)
2020-10-29 17:16:47.494 577-639/system_process I/libprocessgroup: Successfully killed process cgroup uid 10130 pid 4334 in 44ms
2020-10-29 17:16:47.494 577-790/system_process D/ConnectivityService: releasing NetworkRequest [ TRACK_DEFAULT id=30, [ Capabilities: INTERNET&NOT_RESTRICTED&TRUSTED Uid: 10130 AdministratorUids: [] RequestorUid: 10130 RequestorPackageName: com.google.android.apps.youtube.music] ] (release request)
2020-10-29 17:16:47.507 1213-1213/com.android.phone D/Telephony: isEmergencyPreferredAccount: subId=1, activeData=1
2020-10-29 17:16:47.507 1213-1213/com.android.phone D/Telephony: isEmergencyPreferredAccount: Device does not require preference.
2020-10-29 17:16:47.509 1576-3406/com.google.android.gms I/GmsModuleFndr: Beginning GMS chimera module scan
2020-10-29 17:16:47.510 577-1351/system_process W/ActivityManager: Unable to start service Intent { act=com.google.android.gms.auth.key.retrieval.service.START pkg=com.google.android.gms } U=0: not found
2020-10-29 17:16:47.511 577-1351/system_process W/ActivityManager: Unbind failed: could not find connection for android.os.BinderProxy@ef56721
2020-10-29 17:16:47.511 1576-2244/com.google.android.gms E/GmsClient: unable to connect to service: com.google.android.gms.auth.key.retrieval.service.START on com.google.android.gms
2020-10-29 17:16:47.514 1576-3406/com.google.android.gms I/ModuleSetMgr: Computing pending module set with APKs: [[AdsFdrDynamite.integ:21460000000], [Cronetdynamite:201817040700], [Dynamiteloader:201817040000], [Dynamitemodulesa:201817040000], [Dynamitemodulesc:201817040000], [Googlecertificates:201817040000], [Mapsdynamite:201817040000], [Measurementdynamite:201817040000]]
2020-10-29 17:16:47.515 1576-3406/com.google.android.gms I/ModuleSetMgr: Pending container module APKs: []
2020-10-29 17:16:47.515 1576-3406/com.google.android.gms I/ModuleSetMgr: Pending non-container module APKs: []
2020-10-29 17:16:47.520 1311-4775/com.google.android.gms I/NetRec: [388] akje.a: onConfigChanged()
2020-10-29 17:16:47.523 1311-4983/com.google.android.gms I/Auth: [AuthManaged,PasswordComplexityHelperImpl] Updating password complexity components state.
2020-10-29 17:16:47.523 1311-4983/com.google.android.gms I/Auth: [AuthManaged,PasswordComplexityHelperImpl] Disabling com.google.android.gms.auth.managed.admin.DeviceAdminReceiver
2020-10-29 17:16:47.524 1311-4983/com.google.android.gms I/Auth: [AuthManaged,PasswordComplexityHelperImpl] Disabling com.google.android.gms.auth.managed.ui.SetNewPasswordActivity
2020-10-29 17:16:47.529 1311-3346/com.google.android.gms I/Herrevad: [199] abjt.a: updateListenState
2020-10-29 17:16:47.577 1576-2233/com.google.android.gms I/ChromeSync: [Sync,SyncIntentOperation] Handling the intent: Intent { act=com.google.gservices.intent.action.GSERVICES_CHANGED flg=0x1000010 cmp=com.google.android.gms/.chimera.GmsIntentOperationService$PersistentInternalReceiver }.
2020-10-29 17:16:47.597 1576-2369/com.google.android.gms I/GmsModuleFndr: Beginning GMS chimera module scan
2020-10-29 17:16:47.602 1576-2369/com.google.android.gms I/ModuleSetMgr: Computing pending module set with APKs: [[AdsFdrDynamite.integ:21460000000], [Cronetdynamite:201817040700], [Dynamiteloader:201817040000], [Dynamitemodulesa:201817040000], [Dynamitemodulesc:201817040000], [Googlecertificates:201817040000], [Mapsdynamite:201817040000], [Measurementdynamite:201817040000]]
2020-10-29 17:16:47.604 1576-2369/com.google.android.gms I/ModuleSetMgr: Pending container module APKs: []
2020-10-29 17:16:47.605 1576-2369/com.google.android.gms I/ModuleSetMgr: Pending non-container module APKs: []
2020-10-29 17:16:47.610 1576-2233/com.google.android.gms I/MobileDataHub: Scheduling periodic tasks
2020-10-29 17:16:47.610 1576-2233/com.google.android.gms W/MobileDataHub: [Service] appsupload-periodic periodic task disabled
2020-10-29 17:16:47.637 577-5214/system_process D/PackageManager: Instant App installer not found with android.intent.action.INSTALL_INSTANT_APP_PACKAGE
2020-10-29 17:16:47.637 577-5214/system_process D/PackageManager: Clear ephemeral installer activity
2020-10-29 17:16:47.639 577-1907/system_process D/PackageManager: Instant App installer not found with android.intent.action.INSTALL_INSTANT_APP_PACKAGE
2020-10-29 17:16:47.639 577-1907/system_process D/PackageManager: Clear ephemeral installer activity
2020-10-29 17:16:47.643 1576-3406/com.google.android.gms I/MdiSyncModule: flag handling is skipping irrelevant intent.
2020-10-29 17:16:47.645 442-3696/? W/ServiceManager: Permission failure: android.permission.SYSTEM_CAMERA from uid=10108 pid=1576
2020-10-29 17:16:47.651 442-3696/? I/chatty: uid=1047(cameraserver) Binder:442_5 identical 2 lines
2020-10-29 17:16:47.651 442-3696/? W/ServiceManager: Permission failure: android.permission.SYSTEM_CAMERA from uid=10108 pid=1576
2020-10-29 17:16:47.652 1576-3406/com.google.android.gms I/OcrModelUpStIntentOp: Updating ocr activity enabled=true (phenotypeFlag=true, lowRamDevice=false, prereqCheck=true)
2020-10-29 17:16:47.654 1576-3406/com.google.android.gms I/OcrModelUpStIntentOp: Downloading text recognizer
2020-10-29 17:16:47.687 1576-2152/com.google.android.gms I/SystemUpdate: [Installation,ReceiverIntentOperation] Received intent: Intent { act=com.google.gservices.intent.action.GSERVICES_CHANGED flg=0x1000010 cmp=com.google.android.gms/.chimera.GmsIntentOperationService$PersistentInternalReceiver }.
2020-10-29 17:16:47.697 5351-5405/com.google.android.apps.maps W/droid.apps.map: Unsupported class loader
2020-10-29 17:16:47.702 1311-2178/com.google.android.gms I/GeofencerStateMachine: removeGeofences: removeRequest=RemoveGeofencingRequest[REMOVE_BY_IDS Ids=[atn_geofence_request_id], packageName=com.google.android.apps.maps]
2020-10-29 17:16:47.704 5351-5405/com.google.android.apps.maps W/droid.apps.map: Unsupported class loader
2020-10-29 17:16:47.705 577-1887/system_process E/system_server: Invalid class loader spec: =UnsupportedClassLoaderContext=
2020-10-29 17:16:47.705 577-1887/system_process E/PackageDexUsage: Unsupported context?
2020-10-29 17:16:47.724 1576-3375/com.google.android.gms I/SystemUpdate: [Execution,InstallationEventIntentOperation] Handling event of type 2.
2020-10-29 17:16:47.733 1576-4752/com.google.android.gms I/SystemUpdate: [Execution,InstallationIntentOperation] Received intent: Intent { act=com.google.android.gms.update.INSTALL_UPDATE cat=[targeted_intent_op_prefix:.update.execution.InstallationIntentOperation] cmp=com.google.android.gms/.chimera.GmsIntentOperationService }.
2020-10-29 17:16:47.734 1576-4752/com.google.android.gms I/SystemUpdate: [Execution,ExecutionManager] Action finished-execution executed for 0.00 seconds.
2020-10-29 17:16:47.740 1311-4775/com.google.android.gms I/Auth: [AuthManaged,PasswordComplexityHelperImpl] Updating password complexity components state.
2020-10-29 17:16:47.740 1311-4775/com.google.android.gms I/Auth: [AuthManaged,PasswordComplexityHelperImpl] Disabling com.google.android.gms.auth.managed.admin.DeviceAdminReceiver
2020-10-29 17:16:47.741 1311-4775/com.google.android.gms I/Auth: [AuthManaged,PasswordComplexityHelperImpl] Disabling com.google.android.gms.auth.managed.ui.SetNewPasswordActivity
2020-10-29 17:16:47.762 1576-1685/com.google.android.gms I/CheckinCompat: No service .update.SystemUpdateService to disable [CONTEXT service_id=130 ]
2020-10-29 17:16:47.763 1576-1685/com.google.android.gms I/CheckinCompat: No service .checkin.EventLogService to disable [CONTEXT service_id=130 ]
2020-10-29 17:16:47.771 1576-1685/com.google.android.gms I/CheckinCompat: No service .checkin.EventLogService$Receiver to disable [CONTEXT service_id=130 ]
2020-10-29 17:16:47.771 1576-1685/com.google.android.gms I/CheckinCompat: Done disabling old GoogleServicesFramework version [CONTEXT service_id=130 ]
2020-10-29 17:16:47.781 1311-1311/com.google.android.gms I/GeofencerStateMachine: sendQueryLocationOptIn
2020-10-29 17:16:47.782 1311-2176/com.google.android.gms I/GCoreUlr: WorldUpdater received intent Intent { act=com.google.android.location.reporting.ACTION_UPDATE_WORLD cmp=com.google.android.gms/com.google.android.location.reporting.service.DispatchingService (has extras) } with receiverAction com.google.gservices.intent.action.GSERVICES_CHANGED
2020-10-29 17:16:47.785 1311-1311/com.google.android.gms I/GeofencerStateMachine: sendQueryLocationOptIn
2020-10-29 17:16:47.789 1311-2176/com.google.android.gms I/GCoreUlr: WorldUpdater:com.google.gservices.intent.action.GSERVICES_CHANGED: Ensuring that reporting is stopped because of reasons: (no Google accounts)
2020-10-29 17:16:47.791 1311-1311/com.google.android.gms I/GeofencerStateMachine: sendQueryLocationOptIn
2020-10-29 17:16:47.791 1311-1326/com.google.android.gms I/.gms.persisten: Background concurrent copying GC freed 190325(8334KB) AllocSpace objects, 23(980KB) LOS objects, 49% free, 9237KB/18MB, paused 716us total 320.381ms
2020-10-29 17:16:47.804 1311-2176/com.google.android.gms I/GCoreUlr: Unbound from all signal providers.
2020-10-29 17:16:47.903 1311-4775/com.google.android.gms I/Auth: [AuthManaged,PasswordComplexityHelperImpl] Updating password complexity components state.
2020-10-29 17:16:47.903 1311-4775/com.google.android.gms I/Auth: [AuthManaged,PasswordComplexityHelperImpl] Disabling com.google.android.gms.auth.managed.admin.DeviceAdminReceiver
2020-10-29 17:16:47.903 1311-4775/com.google.android.gms I/Auth: [AuthManaged,PasswordComplexityHelperImpl] Disabling com.google.android.gms.auth.managed.ui.SetNewPasswordActivity
2020-10-29 17:16:47.905 1311-1311/com.google.android.gms I/GeofencerStateMachine: sendQueryLocationOptIn
2020-10-29 17:16:47.908 577-637/system_process D/CompatibilityChangeReporter: Compat change id reported: 135634846; UID 10107; state: DISABLED
2020-10-29 17:16:47.909 577-638/system_process D/CompatibilityChangeReporter: Compat change id reported: 143937733; UID 10107; state: DISABLED
2020-10-29 17:16:47.907 1311-1311/com.google.android.gms I/chatty: uid=10108 com.google.android.gms.persistent identical 1 line
2020-10-29 17:16:47.907 1311-1311/com.google.android.gms I/GeofencerStateMachine: sendQueryLocationOptIn
2020-10-29 17:16:47.916 319-319/? D/Zygote: Forked child process 5414
2020-10-29 17:16:47.918 1311-2176/com.google.android.gms I/GCoreUlr: DispatchingService ignoring Intent { act=android.net.wifi.WIFI_STATE_CHANGED flg=0x44000010 (has extras) } because ULR inactive
2020-10-29 17:16:47.923 577-638/system_process I/ActivityManager: Start proc 5414:com.google.android.googlequicksearchbox:interactor/u0a107 for service {com.google.android.googlequicksearchbox/com.google.android.voiceinteraction.GsaVoiceInteractionService}
2020-10-29 17:16:47.924 5414-5414/? W/hbox:interacto: Unexpected CPU variant for X86 using defaults: x86
2020-10-29 17:16:47.925 1311-1311/com.google.android.gms I/GCoreUlr: Unbound from all signal providers.
2020-10-29 17:16:47.925 1311-1311/com.google.android.gms I/GCoreUlr: Stopping handler for UlrDispSvcFast
2020-10-29 17:16:47.929 1311-1311/com.google.android.gms I/GeofencerStateMachine: sendQueryLocationOptIn
2020-10-29 17:16:47.932 415-440/? I/adbd: jdwp connection from 5414
2020-10-29 17:16:47.934 1311-1311/com.google.android.gms I/GeofencerStateMachine: sendQueryLocationOptIn
2020-10-29 17:16:47.942 1311-1311/com.google.android.gms I/chatty: uid=10108 com.google.android.gms.persistent identical 2 lines
2020-10-29 17:16:47.950 1311-1311/com.google.android.gms I/GeofencerStateMachine: sendQueryLocationOptIn
2020-10-29 17:16:47.950 1311-4775/com.google.android.gms I/Auth: [AuthManaged,PasswordComplexityHelperImpl] Updating password complexity components state.
2020-10-29 17:16:47.950 1311-4775/com.google.android.gms I/Auth: [AuthManaged,PasswordComplexityHelperImpl] Disabling com.google.android.gms.auth.managed.admin.DeviceAdminReceiver
2020-10-29 17:16:47.950 1311-4775/com.google.android.gms I/Auth: [AuthManaged,PasswordComplexityHelperImpl] Disabling com.google.android.gms.auth.managed.ui.SetNewPasswordActivity
2020-10-29 17:16:47.954 5414-5414/com.google.android.googlequicksearchbox D/ApplicationLoaders: Returning zygote-cached class loader: /system/framework/android.test.base.jar
2020-10-29 17:16:47.955 5414-5414/com.google.android.googlequicksearchbox I/hbox:interacto: The ClassLoaderContext is a special shared library.
2020-10-29 17:16:47.961 5414-5414/com.google.android.googlequicksearchbox I/hbox:interacto: The ClassLoaderContext is a special shared library.
2020-10-29 17:16:47.962 5414-5414/com.google.android.googlequicksearchbox D/nativeloader: classloader namespace configured for unbundled product apk. library_path=/product/priv-app/Velvet/lib/x86:/product/priv-app/Velvet/Velvet.apk!/lib/x86:/product/lib:/system/product/lib
2020-10-29 17:16:47.972 5414-5414/com.google.android.googlequicksearchbox D/NetworkSecurityConfig: Using Network Security Config from resource network_security_config debugBuild: false
2020-10-29 17:16:47.972 5414-5414/com.google.android.googlequicksearchbox D/NetworkSecurityConfig: Using Network Security Config from resource network_security_config debugBuild: false
2020-10-29 17:16:47.979 1311-2906/com.google.android.gms W/NetworkScheduler: The Firebase Job Dispatcher and GmsTaskScheduler are deprecated for apps targeting API 30 or newer. Application com.google.android.apps.maps has targetSdkVersion 30. Please migrate to the WorkManager or JobScheduler.
2020-10-29 17:16:47.983 1311-2906/com.google.android.gms W/NetworkScheduler: Running in whitelist mode. Ignoring task: com.google.android.apps.maps/com.google.android.apps.gmm.shared.cache.glide.GlideDiskCacheExpirationService{u=0 tag="glide.cache.periodic" trigger=window{period=86400s,flex=900s,earliest=82079s,latest=86399s} requirements=[NET_CONNECTED] attributes=[PERSISTED,RECURRING] scheduled=0s last_run=N/A jid=N/A status=UNKNOWN retries=0 client_lib=MANCHEGO_GCM-202210000}
2020-10-29 17:16:47.990 5414-5414/com.google.android.googlequicksearchbox I/MultiDex: VM with version 2.1.0 has multidex support
2020-10-29 17:16:47.991 5414-5414/com.google.android.googlequicksearchbox I/MultiDex: install
2020-10-29 17:16:47.991 5414-5414/com.google.android.googlequicksearchbox I/MultiDex: VM has multidex support, MultiDex support library is disabled.
2020-10-29 17:16:47.992 5414-5414/com.google.android.googlequicksearchbox I/InteractorInitializer: Initialized process com.google.android.googlequicksearchbox:interactor
2020-10-29 17:16:48.048 1311-4777/com.google.android.gms I/Auth: [AuthManaged,PasswordComplexityHelperImpl] Updating password complexity components state.
2020-10-29 17:16:48.048 1311-4777/com.google.android.gms I/Auth: [AuthManaged,PasswordComplexityHelperImpl] Disabling com.google.android.gms.auth.managed.admin.DeviceAdminReceiver
2020-10-29 17:16:48.049 1311-4777/com.google.android.gms I/Auth: [AuthManaged,PasswordComplexityHelperImpl] Disabling com.google.android.gms.auth.managed.ui.SetNewPasswordActivity
2020-10-29 17:16:48.058 5248-5276/com.google.android.apps.docs W/DynamiteModule: Local module descriptor class for providerinstaller not found.
2020-10-29 17:16:48.061 1311-2178/com.google.android.gms W/ProviderHelper: Unknown dynamite feature providerinstaller
2020-10-29 17:16:48.066 5248-5276/com.google.android.apps.docs W/ProviderInstaller: Failed to load providerinstaller module: No acceptable module found. Local version is 0 and remote version is 0.
2020-10-29 17:16:48.072 1311-4777/com.google.android.gms I/Auth: [AuthManaged,PasswordComplexityHelperImpl] Updating password complexity components state.
2020-10-29 17:16:48.072 1311-4777/com.google.android.gms I/Auth: [AuthManaged,PasswordComplexityHelperImpl] Disabling com.google.android.gms.auth.managed.admin.DeviceAdminReceiver
2020-10-29 17:16:48.073 1311-4777/com.google.android.gms I/Auth: [AuthManaged,PasswordComplexityHelperImpl] Disabling com.google.android.gms.auth.managed.ui.SetNewPasswordActivity
2020-10-29 17:16:48.075 5248-5276/com.google.android.apps.docs I/droid.apps.doc: The ClassLoaderContext is a special shared library.
2020-10-29 17:16:48.090 5248-5276/com.google.android.apps.docs I/droid.apps.doc: The ClassLoaderContext is a special shared library.
2020-10-29 17:16:48.091 5248-5276/com.google.android.apps.docs D/nativeloader: classloader namespace configured for unbundled product apk. library_path=/product/priv-app/PrebuiltGmsCore/lib/x86:/product/priv-app/PrebuiltGmsCore/PrebuiltGmsCore.apk!/lib/x86:/product/lib:/system/product/lib
2020-10-29 17:16:48.074 0-0/? I/binder: 1311:2905 transaction failed 29189/-22, size 388-0 line 3146
2020-10-29 17:16:48.131 5248-5276/com.google.android.apps.docs I/ProviderInstaller: Installed default security provider GmsCore_OpenSSL
2020-10-29 17:16:48.132 5414-5427/com.google.android.googlequicksearchbox I/hbox:interacto: Method exceeds compiler instruction limit: 34667 in com.google.common.b.ev com.google.android.apps.gsa.shared.logger.b.i.a()
2020-10-29 17:16:48.152 5414-5414/com.google.android.googlequicksearchbox I/GsaVoiceInteractionSrv: Registering passthrough
2020-10-29 17:16:48.171 5414-5442/com.google.android.googlequicksearchbox I/BrdcstRcvrMsgr: sendMessage(): received broadcast pss_action_startup
2020-10-29 17:16:48.178 2592-2592/com.google.android.googlequicksearchbox I/PublicSearchService: Creating pss binder().
2020-10-29 17:16:48.200 1311-2906/com.google.android.gms W/.gms.persisten: Long monitor contention with owner netscheduler-queue-handler (2746) at void apkp.b(int)(:com.google.android.gms@201817022@20.18.17 (040700-311416286):7) waiters=0 in void apkp.a(boolean, aeah) for 106ms
2020-10-29 17:16:48.201 2592-3691/com.google.android.googlequicksearchbox I/PublicSearchService: Calling beginBinderSession().
2020-10-29 17:16:48.204 1311-2906/com.google.android.gms W/NetworkScheduler: The Firebase Job Dispatcher and GmsTaskScheduler are deprecated for apps targeting API 30 or newer. Application com.google.android.apps.maps has targetSdkVersion 30. Please migrate to the WorkManager or JobScheduler.
2020-10-29 17:16:48.204 1311-2906/com.google.android.gms W/NetworkScheduler: Running in whitelist mode. Ignoring task: com.google.android.apps.maps/com.google.android.apps.gmm.offline.update.OfflineAutoUpdateMaintenanceGcmService{u=0 tag="default-tag" trigger=window{period=86400s,flex=1800s,earliest=82079s,latest=86399s} requirements=[NET_ANY,CHARGING] attributes=[PERSISTED,RECURRING] scheduled=0s last_run=N/A jid=N/A status=UNKNOWN retries=0 client_lib=MANCHEGO_GCM-202210000}
2020-10-29 17:16:48.215 5414-5414/com.google.android.googlequicksearchbox E/BrdcstRcvrServiceConn: binder null, could not send broadcast of action
2020-10-29 17:16:48.225 2592-2639/com.google.android.googlequicksearchbox I/MicroDataManager: isInitializing-false locale not changed-true model not changed-false
2020-10-29 17:16:48.225 2592-2639/com.google.android.googlequicksearchbox I/HotwordHelper: hasHotwordEverywhere-true
2020-10-29 17:16:48.228 1311-4777/com.google.android.gms I/Auth: [AuthManaged,PasswordComplexityHelperImpl] Updating password complexity components state.
2020-10-29 17:16:48.228 1311-4777/com.google.android.gms I/Auth: [AuthManaged,PasswordComplexityHelperImpl] Disabling com.google.android.gms.auth.managed.admin.DeviceAdminReceiver
2020-10-29 17:16:48.230 1311-4777/com.google.android.gms I/Auth: [AuthManaged,PasswordComplexityHelperImpl] Disabling com.google.android.gms.auth.managed.ui.SetNewPasswordActivity
2020-10-29 17:16:48.235 5414-5414/com.google.android.googlequicksearchbox E/HwDetectorWithState: a: 3
2020-10-29 17:16:48.235 5414-5414/com.google.android.googlequicksearchbox I/GsaVoiceInteractionSrv: #checkDspStatus
2020-10-29 17:16:48.235 5414-5414/com.google.android.googlequicksearchbox I/BistoHotwordHelper: setting speaker id present: false
2020-10-29 17:16:48.236 5414-5414/com.google.android.googlequicksearchbox I/BistoHotwordHelper: setting hotword model of size: 623108 bytes
2020-10-29 17:16:48.236 5414-5414/com.google.android.googlequicksearchbox I/BistoHotwordHelper: setting modeltype: X Google
2020-10-29 17:16:48.236 5414-5414/com.google.android.googlequicksearchbox I/BistoHotwordHelper: setting hotword voice locale: en-US
2020-10-29 17:16:48.248 5414-5414/com.google.android.googlequicksearchbox W/KeyphraseEnrollmentInfo: No enrollment application supports the given keyphrase/locale: 'X Google'/en_US
2020-10-29 17:16:48.248 5414-5414/com.google.android.googlequicksearchbox I/GsaVoiceInteractionSrv: Creating AOHD: Keyphrase - X Google, Locale - en-US/en-US
2020-10-29 17:16:48.253 5414-5414/com.google.android.googlequicksearchbox I/GsaVoiceInteractionSrv: onAvailabilityChanged 1
2020-10-29 17:16:48.256 5414-5414/com.google.android.googlequicksearchbox I/chatty: uid=10107 com.google.android.googlequicksearchbox:interactor identical 1 line
2020-10-29 17:16:48.256 5414-5414/com.google.android.googlequicksearchbox W/KeyphraseEnrollmentInfo: No enrollment application supports the given keyphrase/locale: 'X Google'/en_US
2020-10-29 17:16:48.259 577-1887/system_process D/CompatibilityChangeReporter: Compat change id reported: 135634846; UID 10130; state: DISABLED
2020-10-29 17:16:48.259 577-638/system_process D/CompatibilityChangeReporter: Compat change id reported: 143937733; UID 10130; state: DISABLED
2020-10-29 17:16:48.262 2592-2777/com.google.android.googlequicksearchbox W/SessionLifecycleManager: Client : AttachedClient[11401340537759246, ClientConfig[mFlags=[40000088001] mSuggestFlags=[0] mClientId=HOTWORD_SERVICE mSessionType=search publicSearchServiceCallerUid=-1]] has no associated SessionController
2020-10-29 17:16:48.263 2592-2777/com.google.android.googlequicksearchbox W/SearchServiceCore: Abort, client detached.
2020-10-29 17:16:48.288 1311-4777/com.google.android.gms I/Auth: [AuthManaged,PasswordComplexityHelperImpl] Updating password complexity components state.
2020-10-29 17:16:48.288 1311-4777/com.google.android.gms I/Auth: [AuthManaged,PasswordComplexityHelperImpl] Disabling com.google.android.gms.auth.managed.admin.DeviceAdminReceiver
2020-10-29 17:16:48.288 1311-4777/com.google.android.gms I/Auth: [AuthManaged,PasswordComplexityHelperImpl] Disabling com.google.android.gms.auth.managed.ui.SetNewPasswordActivity
2020-10-29 17:16:48.293 319-319/? D/Zygote: Forked child process 5448
2020-10-29 17:16:48.296 577-638/system_process I/ActivityManager: Start proc 5448:com.google.android.apps.youtube.music/u0a130 for broadcast {com.google.android.apps.youtube.music/com.google.firebase.iid.FirebaseInstanceIdReceiver}
2020-10-29 17:16:48.304 5448-5448/? W/s.youtube.musi: Unexpected CPU variant for X86 using defaults: x86
2020-10-29 17:16:48.310 415-440/? I/adbd: jdwp connection from 5448
2020-10-29 17:16:48.318 1311-4777/com.google.android.gms I/Auth: [AuthManaged,PasswordComplexityHelperImpl] Updating password complexity components state.
2020-10-29 17:16:48.318 1311-4777/com.google.android.gms I/Auth: [AuthManaged,PasswordComplexityHelperImpl] Disabling com.google.android.gms.auth.managed.admin.DeviceAdminReceiver
2020-10-29 17:16:48.319 1311-4777/com.google.android.gms I/Auth: [AuthManaged,PasswordComplexityHelperImpl] Disabling com.google.android.gms.auth.managed.ui.SetNewPasswordActivity
2020-10-29 17:16:48.339 5448-5448/com.google.android.apps.youtube.music D/ApplicationLoaders: Returning zygote-cached class loader: /system/framework/android.test.base.jar
2020-10-29 17:16:48.341 5448-5448/com.google.android.apps.youtube.music I/s.youtube.musi: The ClassLoaderContext is a special shared library.
2020-10-29 17:16:48.341 1311-4777/com.google.android.gms I/Auth: [AuthManaged,PasswordComplexityHelperImpl] Updating password complexity components state.
2020-10-29 17:16:48.341 1311-4777/com.google.android.gms I/Auth: [AuthManaged,PasswordComplexityHelperImpl] Disabling com.google.android.gms.auth.managed.admin.DeviceAdminReceiver
2020-10-29 17:16:48.342 1311-4777/com.google.android.gms I/Auth: [AuthManaged,PasswordComplexityHelperImpl] Disabling com.google.android.gms.auth.managed.ui.SetNewPasswordActivity
2020-10-29 17:16:48.344 5448-5448/com.google.android.apps.youtube.music I/s.youtube.musi: The ClassLoaderContext is a special shared library.
2020-10-29 17:16:48.345 5448-5448/com.google.android.apps.youtube.music D/nativeloader: classloader namespace configured for unbundled product apk. library_path=/product/app/YouTubeMusicPrebuilt/lib/x86:/product/app/YouTubeMusicPrebuilt/YouTubeMusicPrebuilt.apk!/lib/x86:/product/lib:/system/product/lib
2020-10-29 17:16:48.359 5448-5448/com.google.android.apps.youtube.music D/NetworkSecurityConfig: Using Network Security Config from resource network_security_config debugBuild: false
2020-10-29 17:16:48.359 5448-5448/com.google.android.apps.youtube.music D/NetworkSecurityConfig: Using Network Security Config from resource network_security_config debugBuild: false
2020-10-29 17:16:48.362 1311-4777/com.google.android.gms I/Auth: [AuthManaged,PasswordComplexityHelperImpl] Updating password complexity components state.
2020-10-29 17:16:48.362 1311-4777/com.google.android.gms I/Auth: [AuthManaged,PasswordComplexityHelperImpl] Disabling com.google.android.gms.auth.managed.admin.DeviceAdminReceiver
2020-10-29 17:16:48.363 1311-4777/com.google.android.gms I/Auth: [AuthManaged,PasswordComplexityHelperImpl] Disabling com.google.android.gms.auth.managed.ui.SetNewPasswordActivity
2020-10-29 17:16:48.390 1311-4776/com.google.android.gms I/Auth: [AuthManaged,PasswordComplexityHelperImpl] Updating password complexity components state.
2020-10-29 17:16:48.390 1311-4776/com.google.android.gms I/Auth: [AuthManaged,PasswordComplexityHelperImpl] Disabling com.google.android.gms.auth.managed.admin.DeviceAdminReceiver
2020-10-29 17:16:48.390 1311-4776/com.google.android.gms I/Auth: [AuthManaged,PasswordComplexityHelperImpl] Disabling com.google.android.gms.auth.managed.ui.SetNewPasswordActivity
2020-10-29 17:16:48.414 1311-4776/com.google.android.gms I/Auth: [AuthManaged,PasswordComplexityHelperImpl] Updating password complexity components state.
2020-10-29 17:16:48.414 1311-4776/com.google.android.gms I/Auth: [AuthManaged,PasswordComplexityHelperImpl] Disabling com.google.android.gms.auth.managed.admin.DeviceAdminReceiver
2020-10-29 17:16:48.416 1311-4776/com.google.android.gms I/Auth: [AuthManaged,PasswordComplexityHelperImpl] Disabling com.google.android.gms.auth.managed.ui.SetNewPasswordActivity
2020-10-29 17:16:48.440 5351-5412/com.google.android.apps.maps I/FA: App measurement initialized, version: 26016
2020-10-29 17:16:48.440 5351-5412/com.google.android.apps.maps I/FA: To enable debug logging run: adb shell setprop log.tag.FA VERBOSE
2020-10-29 17:16:48.440 5351-5412/com.google.android.apps.maps I/FA: To enable faster debug mode event logging run:
      adb shell setprop debug.firebase.analytics.app com.google.android.apps.maps
2020-10-29 17:16:48.445 1311-4776/com.google.android.gms I/Auth: [AuthManaged,PasswordComplexityHelperImpl] Updating password complexity components state.
2020-10-29 17:16:48.445 1311-4776/com.google.android.gms I/Auth: [AuthManaged,PasswordComplexityHelperImpl] Disabling com.google.android.gms.auth.managed.admin.DeviceAdminReceiver
2020-10-29 17:16:48.446 1311-4776/com.google.android.gms I/Auth: [AuthManaged,PasswordComplexityHelperImpl] Disabling com.google.android.gms.auth.managed.ui.SetNewPasswordActivity
2020-10-29 17:16:48.467 577-1905/system_process W/system_server: JNI critical lock held for 19.130ms on Thread[125,tid=1905,Runnable,Thread*=0xbd167610,peer=0x14644f90,"Binder:577_13"]
2020-10-29 17:16:48.499 1311-4776/com.google.android.gms I/Auth: [AuthManaged,PasswordComplexityHelperImpl] Updating password complexity components state.
2020-10-29 17:16:48.501 1311-4776/com.google.android.gms I/Auth: [AuthManaged,PasswordComplexityHelperImpl] Disabling com.google.android.gms.auth.managed.admin.DeviceAdminReceiver
2020-10-29 17:16:48.501 1311-4776/com.google.android.gms I/Auth: [AuthManaged,PasswordComplexityHelperImpl] Disabling com.google.android.gms.auth.managed.ui.SetNewPasswordActivity
2020-10-29 17:16:48.511 5448-5484/com.google.android.apps.youtube.music I/TetheringManager: registerTetheringEventCallback:com.google.android.apps.youtube.music
2020-10-29 17:16:48.513 5448-5448/com.google.android.apps.youtube.music W/s.youtube.musi: Accessing hidden field Ljava/util/Collections$SynchronizedCollection;->mutex:Ljava/lang/Object; (greylist-max-o, reflection, denied)
2020-10-29 17:16:48.513 5448-5448/com.google.android.apps.youtube.music W/s.youtube.musi: Accessing hidden method Ljava/util/Collections$SynchronizedSet;-><init>(Ljava/util/Set;Ljava/lang/Object;)V (greylist-max-o, reflection, denied)
2020-10-29 17:16:48.514 5448-5448/com.google.android.apps.youtube.music W/s.youtube.musi: Accessing hidden method Ljava/util/Collections$SynchronizedCollection;-><init>(Ljava/util/Collection;Ljava/lang/Object;)V (greylist-max-o, reflection, denied)
2020-10-29 17:16:48.518 1311-4776/com.google.android.gms I/Auth: [AuthManaged,PasswordComplexityHelperImpl] Updating password complexity components state.
2020-10-29 17:16:48.518 1311-4776/com.google.android.gms I/Auth: [AuthManaged,PasswordComplexityHelperImpl] Disabling com.google.android.gms.auth.managed.admin.DeviceAdminReceiver
2020-10-29 17:16:48.518 1311-4776/com.google.android.gms I/Auth: [AuthManaged,PasswordComplexityHelperImpl] Disabling com.google.android.gms.auth.managed.ui.SetNewPasswordActivity
2020-10-29 17:16:48.535 1311-4776/com.google.android.gms I/Auth: [AuthManaged,PasswordComplexityHelperImpl] Updating password complexity components state.
2020-10-29 17:16:48.535 1311-4776/com.google.android.gms I/Auth: [AuthManaged,PasswordComplexityHelperImpl] Disabling com.google.android.gms.auth.managed.admin.DeviceAdminReceiver
2020-10-29 17:16:48.536 1311-4776/com.google.android.gms I/Auth: [AuthManaged,PasswordComplexityHelperImpl] Disabling com.google.android.gms.auth.managed.ui.SetNewPasswordActivity
2020-10-29 17:16:48.549 3013-3281/com.google.android.gms D/EGL_emulation: eglCreateContext: 0xf5ce2670: maj 2 min 0 rcv 2
2020-10-29 17:16:48.565 1311-4775/com.google.android.gms I/Auth: [AuthManaged,PasswordComplexityHelperImpl] Updating password complexity components state.
2020-10-29 17:16:48.565 1311-4775/com.google.android.gms I/Auth: [AuthManaged,PasswordComplexityHelperImpl] Disabling com.google.android.gms.auth.managed.admin.DeviceAdminReceiver
2020-10-29 17:16:48.566 1311-4775/com.google.android.gms I/Auth: [AuthManaged,PasswordComplexityHelperImpl] Disabling com.google.android.gms.auth.managed.ui.SetNewPasswordActivity
2020-10-29 17:16:48.572 3013-3281/com.google.android.gms D/EGL_emulation: eglCreateContext: 0xf5ce1db0: maj 2 min 0 rcv 2
2020-10-29 17:16:48.591 1311-4775/com.google.android.gms I/Auth: [AuthManaged,PasswordComplexityHelperImpl] Updating password complexity components state.
2020-10-29 17:16:48.591 1311-4775/com.google.android.gms I/Auth: [AuthManaged,PasswordComplexityHelperImpl] Disabling com.google.android.gms.auth.managed.admin.DeviceAdminReceiver
2020-10-29 17:16:48.593 1311-4775/com.google.android.gms I/Auth: [AuthManaged,PasswordComplexityHelperImpl] Disabling com.google.android.gms.auth.managed.ui.SetNewPasswordActivity
2020-10-29 17:16:48.599 577-1905/system_process D/ConnectivityService: requestNetwork for uid/pid:10130/5448 NetworkRequest [ TRACK_DEFAULT id=37, [ Capabilities: INTERNET&NOT_RESTRICTED&TRUSTED Uid: 10130 AdministratorUids: [] RequestorUid: 10130 RequestorPackageName: com.google.android.apps.youtube.music] ]
2020-10-29 17:16:48.599 577-790/system_process D/ConnectivityService: NetReassign [37 : null > 100]
2020-10-29 17:16:48.599 577-784/system_process D/UntrustedWifiNetworkFactory: got request NetworkRequest [ TRACK_DEFAULT id=37, [ Capabilities: INTERNET&NOT_RESTRICTED&TRUSTED Uid: 10130 AdministratorUids: [] RequestorUid: 10130 RequestorPackageName: com.google.android.apps.youtube.music] ] with score 60 and providerId 1
2020-10-29 17:16:48.604 5448-5497/com.google.android.apps.youtube.music E/GEL_DELAYED_EVENT_DEBUG: Failed delayed event dispatch, no dispatchers.
2020-10-29 17:16:48.605 577-784/system_process D/WifiNetworkFactory: got request NetworkRequest [ TRACK_DEFAULT id=37, [ Capabilities: INTERNET&NOT_RESTRICTED&TRUSTED Uid: 10130 AdministratorUids: [] RequestorUid: 10130 RequestorPackageName: com.google.android.apps.youtube.music] ] with score 60 and providerId 1
2020-10-29 17:16:48.606 1213-1213/com.android.phone D/PhoneSwitcherNetworkRequstListener: got request NetworkRequest [ TRACK_DEFAULT id=37, [ Capabilities: INTERNET&NOT_RESTRICTED&TRUSTED Uid: 10130 AdministratorUids: [] RequestorUid: 10130 RequestorPackageName: com.google.android.apps.youtube.music] ] with score 60 and providerId 1
2020-10-29 17:16:48.608 577-790/system_process D/ConnectivityService: NetReassign [no changes]
2020-10-29 17:16:48.616 1213-1213/com.android.phone D/Telephony: isEmergencyPreferredAccount: subId=1, activeData=1
2020-10-29 17:16:48.616 1213-1213/com.android.phone D/Telephony: isEmergencyPreferredAccount: Device does not require preference.
2020-10-29 17:16:48.617 1311-4775/com.google.android.gms I/Auth: [AuthManaged,PasswordComplexityHelperImpl] Updating password complexity components state.
2020-10-29 17:16:48.617 1311-4775/com.google.android.gms I/Auth: [AuthManaged,PasswordComplexityHelperImpl] Disabling com.google.android.gms.auth.managed.admin.DeviceAdminReceiver
2020-10-29 17:16:48.617 1311-4775/com.google.android.gms I/Auth: [AuthManaged,PasswordComplexityHelperImpl] Disabling com.google.android.gms.auth.managed.ui.SetNewPasswordActivity
2020-10-29 17:16:48.655 1311-4775/com.google.android.gms I/Auth: [AuthManaged,PasswordComplexityHelperImpl] Updating password complexity components state.
2020-10-29 17:16:48.655 1311-4775/com.google.android.gms I/Auth: [AuthManaged,PasswordComplexityHelperImpl] Disabling com.google.android.gms.auth.managed.admin.DeviceAdminReceiver
2020-10-29 17:16:48.657 1311-4775/com.google.android.gms I/Auth: [AuthManaged,PasswordComplexityHelperImpl] Disabling com.google.android.gms.auth.managed.ui.SetNewPasswordActivity
2020-10-29 17:16:48.685 3013-3281/com.google.android.gms W/SystemServiceRegistry: No service published for: persistent_data_block
2020-10-29 17:16:48.691 1311-4775/com.google.android.gms I/Auth: [AuthManaged,PasswordComplexityHelperImpl] Updating password complexity components state.
2020-10-29 17:16:48.692 1311-4775/com.google.android.gms I/Auth: [AuthManaged,PasswordComplexityHelperImpl] Disabling com.google.android.gms.auth.managed.admin.DeviceAdminReceiver
2020-10-29 17:16:48.692 1311-4775/com.google.android.gms I/Auth: [AuthManaged,PasswordComplexityHelperImpl] Disabling com.google.android.gms.auth.managed.ui.SetNewPasswordActivity
2020-10-29 17:16:48.703 5448-5511/com.google.android.apps.youtube.music E/AwarenessClientProvider: Account associated with identity was null
2020-10-29 17:16:48.728 5448-5511/com.google.android.apps.youtube.music E/AwarenessRouterSyncMgr: Exception while syncing fences
    java.util.concurrent.ExecutionException: java.lang.IllegalStateException: Account associated with identity was null
        at zsp.a(PG:135)
        at zsp.get(PG:82)
        at zwj.a(PG:1)
        at zuv.a(PG:4)
        at fyf.run(Unknown Source:1)
        at java.util.concurrent.Executors$RunnableAdapter.call(Executors.java:462)
        at java.util.concurrent.FutureTask.run(FutureTask.java:266)
        at java.util.concurrent.ScheduledThreadPoolExecutor$ScheduledFutureTask.run(ScheduledThreadPoolExecutor.java:301)
        at java.util.concurrent.ThreadPoolExecutor.runWorker(ThreadPoolExecutor.java:1167)
        at java.util.concurrent.ThreadPoolExecutor$Worker.run(ThreadPoolExecutor.java:641)
        at pqt.run(PG:13)
        at java.lang.Thread.run(Thread.java:923)
     Caused by: java.lang.IllegalStateException: Account associated with identity was null
        at fxj.a(Unknown Source:3)
        at zsr.a(PG:3)
        at zst.run(PG:23)
        at zvn.run(PG:2)
        at java.util.concurrent.Executors$RunnableAdapter.call(Executors.java:462)
        at java.util.concurrent.FutureTask.run(FutureTask.java:266)
        at java.util.concurrent.ScheduledThreadPoolExecutor$ScheduledFutureTask.run(ScheduledThreadPoolExecutor.java:301)
        at java.util.concurrent.ThreadPoolExecutor.runWorker(ThreadPoolExecutor.java:1167)
        at java.util.concurrent.ThreadPoolExecutor$Worker.run(ThreadPoolExecutor.java:641)
        at pqt.run(PG:13)
        at java.lang.Thread.run(Thread.java:923)
2020-10-29 17:16:48.729 5448-5484/com.google.android.apps.youtube.music I/s.youtube.musi: The ClassLoaderContext is a special shared library.
2020-10-29 17:16:48.758 1311-1668/com.google.android.gms I/BeaconBle: Client requested scan, settings=BleSettings [scanMode=ZERO_POWER, callbackType=ALL_MATCHES, reportDelayMillis=0, 5 filters, 1 clients, callingClientName=Nearby] [CONTEXT service_id=111 ]
2020-10-29 17:16:48.763 5078-5098/com.google.android.youtube I/android.youtub: Waiting for a blocking GC ProfileSaver
2020-10-29 17:16:48.764 1311-4775/com.google.android.gms I/Auth: [AuthManaged,PasswordComplexityHelperImpl] Updating password complexity components state.
2020-10-29 17:16:48.764 1311-4775/com.google.android.gms I/Auth: [AuthManaged,PasswordComplexityHelperImpl] Disabling com.google.android.gms.auth.managed.admin.DeviceAdminReceiver
2020-10-29 17:16:48.767 1311-4775/com.google.android.gms I/Auth: [AuthManaged,PasswordComplexityHelperImpl] Disabling com.google.android.gms.auth.managed.ui.SetNewPasswordActivity
2020-10-29 17:16:48.775 1311-1668/com.google.android.gms I/BeaconBle: Stopping scan on delegate scanner. BT state: 12 [CONTEXT service_id=111 ]
2020-10-29 17:16:48.775 1311-1668/com.google.android.gms D/BluetoothAdapter: isLeEnabled(): ON
2020-10-29 17:16:48.784 1311-1668/com.google.android.gms I/BeaconBle: Resetting - new scanner available: true [CONTEXT service_id=111 ]
2020-10-29 17:16:48.785 1311-1668/com.google.android.gms I/BeaconBle: 'L' hardware scan: 5 filters, scanMode=-1, reportdelay=0, callback type=1, #clients=1, workSource=WorkSource{10108 com.google.android.gms} [CONTEXT service_id=111 ]
2020-10-29 17:16:48.786 1311-1668/com.google.android.gms I/BeaconBle: Starting scan on OS scanner. BT state: 12 [CONTEXT service_id=111 ]
2020-10-29 17:16:48.786 1311-1668/com.google.android.gms D/BluetoothAdapter: isLeEnabled(): ON
2020-10-29 17:16:48.786 5448-5493/com.google.android.apps.youtube.music W/GoogleTagManager: Failed to extract the container from the resource file. Resource is a UTF-8 encoded string but doesn't contain a JSON container
2020-10-29 17:16:48.788 5078-5098/com.google.android.youtube I/android.youtub: WaitForGcToComplete blocked ProfileSaver on ClassLinker for 25.110ms
2020-10-29 17:16:48.790 838-1366/com.android.bluetooth I/bt_stack: [INFO:gatt_api.cc(947)] GATT_Register 36028769-45c3-cd87-054d-fee9454bb831
2020-10-29 17:16:48.790 838-1366/com.android.bluetooth I/bt_stack: [INFO:gatt_api.cc(967)] allocated gatt_if=5
2020-10-29 17:16:48.797 1311-2178/com.google.android.gms D/BluetoothLeScanner: onScannerRegistered() - status=0 scannerId=5 mScannerId=0
2020-10-29 17:16:48.842 1311-4775/com.google.android.gms I/Auth: [AuthManaged,PasswordComplexityHelperImpl] Updating password complexity components state.
2020-10-29 17:16:48.842 1311-4775/com.google.android.gms I/Auth: [AuthManaged,PasswordComplexityHelperImpl] Disabling com.google.android.gms.auth.managed.admin.DeviceAdminReceiver
2020-10-29 17:16:48.845 1311-4775/com.google.android.gms I/Auth: [AuthManaged,PasswordComplexityHelperImpl] Disabling com.google.android.gms.auth.managed.ui.SetNewPasswordActivity
2020-10-29 17:16:48.874 1311-4775/com.google.android.gms I/Auth: [AuthManaged,PasswordComplexityHelperImpl] Updating password complexity components state.
2020-10-29 17:16:48.874 1311-4775/com.google.android.gms I/Auth: [AuthManaged,PasswordComplexityHelperImpl] Disabling com.google.android.gms.auth.managed.admin.DeviceAdminReceiver
2020-10-29 17:16:48.874 1311-4775/com.google.android.gms I/Auth: [AuthManaged,PasswordComplexityHelperImpl] Disabling com.google.android.gms.auth.managed.ui.SetNewPasswordActivity
2020-10-29 17:16:48.893 5448-5484/com.google.android.apps.youtube.music I/s.youtube.musi: The ClassLoaderContext is a special shared library.
2020-10-29 17:16:48.893 5448-5484/com.google.android.apps.youtube.music D/nativeloader: classloader namespace configured for unbundled product apk. library_path=/product/priv-app/PrebuiltGmsCore/lib/x86:/product/priv-app/PrebuiltGmsCore/PrebuiltGmsCore.apk!/lib/x86:/product/lib:/system/product/lib
2020-10-29 17:16:48.895 1311-4775/com.google.android.gms I/Auth: [AuthManaged,PasswordComplexityHelperImpl] Updating password complexity components state.
2020-10-29 17:16:48.895 1311-4775/com.google.android.gms I/Auth: [AuthManaged,PasswordComplexityHelperImpl] Disabling com.google.android.gms.auth.managed.admin.DeviceAdminReceiver
2020-10-29 17:16:48.896 1311-4775/com.google.android.gms I/Auth: [AuthManaged,PasswordComplexityHelperImpl] Disabling com.google.android.gms.auth.managed.ui.SetNewPasswordActivity
2020-10-29 17:16:48.934 1311-4775/com.google.android.gms I/Auth: [AuthManaged,PasswordComplexityHelperImpl] Updating password complexity components state.
2020-10-29 17:16:48.934 1311-4