android.gms W/ctxmgr: [FencePendingIntentCache]Sending CONTEXT_MANAGER_RESTARTED broadcast to com.google.android.apps.wellbeing [CONTEXT service_id=47 ]
2020-10-29 17:16:31.121 577-630/system_process I/chatty: uid=1000(system) android.io identical 6 lines
2020-10-29 17:16:31.125 577-630/system_process I/DropBoxManagerService: add tag=system_server_strictmode isTagEnabled=true flags=0x2
2020-10-29 17:16:31.126 577-1882/system_process D/PackageManager: Instant App installer not found with android.intent.action.INSTALL_INSTANT_APP_PACKAGE
2020-10-29 17:16:31.126 577-1882/system_process D/PackageManager: Clear ephemeral installer activity
2020-10-29 17:16:31.133 1576-2335/com.google.android.gms I/Icing: updateResources: need to parse abvr{com.google.android.gms} [CONTEXT service_id=21 ]
2020-10-29 17:16:31.146 1514-1514/com.google.android.apps.wellbeing W/ContextManagerRestartBr: Context manager broadcast triggered fence restoration
2020-10-29 17:16:31.147 1514-1514/com.google.android.apps.wellbeing W/AutoDndManagerImpl: Context manager requested to re-register fence
2020-10-29 17:16:31.148 1576-1592/com.google.android.gms W/System: A resource failed to call end. 
2020-10-29 17:16:31.159 577-630/system_process I/DropBoxManagerService: add tag=system_server_strictmode isTagEnabled=true flags=0x2
2020-10-29 17:16:31.164 1514-1514/com.google.android.apps.wellbeing W/ContextManagerRestarted: Context manager broadcast triggered power state fence restoration
2020-10-29 17:16:31.168 1514-1514/com.google.android.apps.wellbeing W/PowerStateManagerImpl: Context manager requested to re-register fence
2020-10-29 17:16:31.171 1311-1668/com.google.android.gms I/GeofencerStateMachine: removeGeofences: removeRequest=RemoveGeofencingRequest[REMOVE_BY_PENDING_INTENT pendingIntent=PendingIntent[creatorPackage=com.google.android.gms], packageName=com.google.android.gms]
2020-10-29 17:16:31.175 1311-3717/com.google.android.gms E/EasyUnlock: [EasyUnlockSupportReporterIntentOperation] Invalid account list.
2020-10-29 17:16:31.177 2556-3821/com.android.dialer I/Dialer: VisualVoicemailUpdateTask.updateNotification - no voicemails to notify about
2020-10-29 17:16:31.177 2556-3821/com.android.dialer I/Dialer: VisualVoicemailNotifier.cancelAllVoicemailNotifications - enter
2020-10-29 17:16:31.163 577-630/system_process I/DropBoxManagerService: add tag=system_server_strictmode isTagEnabled=true flags=0x2
2020-10-29 17:16:31.182 577-827/system_process D/PackageManager: Instant App installer not found with android.intent.action.INSTALL_INSTANT_APP_PACKAGE
2020-10-29 17:16:31.182 577-827/system_process D/PackageManager: Clear ephemeral installer activity
2020-10-29 17:16:31.183 2556-3821/com.android.dialer I/Dialer: VoicemailNotificationJobService.scheduleJob - job canceled
2020-10-29 17:16:31.183 577-1885/system_process D/PackageManager: Instant App installer not found with android.intent.action.INSTALL_INSTANT_APP_PACKAGE
2020-10-29 17:16:31.183 577-1885/system_process D/PackageManager: Clear ephemeral installer activity
2020-10-29 17:16:31.184 577-1885/system_process D/PackageManager: Instant App installer not found with android.intent.action.INSTALL_INSTANT_APP_PACKAGE
2020-10-29 17:16:31.184 577-1885/system_process D/PackageManager: Clear ephemeral installer activity
2020-10-29 17:16:31.185 2556-2556/com.android.dialer I/Dialer: VisualVoicemailUpdateTask.scheduleTask - update successful
2020-10-29 17:16:31.186 577-1351/system_process D/PackageManager: Instant App installer not found with android.intent.action.INSTALL_INSTANT_APP_PACKAGE
2020-10-29 17:16:31.186 577-1351/system_process D/PackageManager: Clear ephemeral installer activity
2020-10-29 17:16:31.194 577-577/system_process I/Telecom: DefaultDialerCache: Refreshing default dialer for user 0: now com.android.dialer: DDC.oR@AHE
2020-10-29 17:16:31.199 577-1885/system_process D/PackageManager: Instant App installer not found with android.intent.action.INSTALL_INSTANT_APP_PACKAGE
2020-10-29 17:16:31.199 577-1885/system_process D/PackageManager: Clear ephemeral installer activity
2020-10-29 17:16:31.200 577-942/system_process D/PackageManager: Instant App installer not found with android.intent.action.INSTALL_INSTANT_APP_PACKAGE
2020-10-29 17:16:31.200 577-942/system_process D/PackageManager: Clear ephemeral installer activity
2020-10-29 17:16:31.201 577-1121/system_process D/PackageManager: Instant App installer not found with android.intent.action.INSTALL_INSTANT_APP_PACKAGE
2020-10-29 17:16:31.201 577-1121/system_process D/PackageManager: Clear ephemeral installer activity
2020-10-29 17:16:31.204 1311-2903/com.google.android.gms E/EasyUnlock: [HostValidator] Invalid account list.
2020-10-29 17:16:31.211 577-577/system_process I/Telecom: MissedCallNotifierImpl: reloadAfterBootComplete: user=0: TSBCR.oR@AHI
2020-10-29 17:16:31.222 3778-3820/com.google.android.apps.docs I/GAv4: Google Analytics 202.3.00 is starting up. To enable debug logging on a device run:
      adb shell setprop log.tag.GAv4 DEBUG
      adb logcat -s GAv4
2020-10-29 17:16:31.232 1213-1213/com.android.phone D/CarrierConfigLoader: mHandler: 13 phoneId: 0
2020-10-29 17:16:31.233 1213-1213/com.android.phone D/CarrierConfigLoader: System unlocked
2020-10-29 17:16:31.233 1213-1213/com.android.phone D/CarrierConfigLoader: mHandler: 7 phoneId: 0
2020-10-29 17:16:31.240 1213-1213/com.android.phone D/CarrierConfigLoader: File not found: /data/user_de/0/com.android.phone/files/carrierconfig-com.android.carrierconfig-override-89014103211118510720-1.xml
2020-10-29 17:16:31.243 1213-1213/com.android.phone D/CarrierConfigLoader: Loaded config from XML. package=com.android.carrierconfig phoneId=0
2020-10-29 17:16:31.250 1311-1326/com.google.android.gms I/.gms.persisten: Background young concurrent copying GC freed 107921(5772KB) AllocSpace objects, 8(344KB) LOS objects, 31% free, 12MB/17MB, paused 1.997ms total 206.262ms
2020-10-29 17:16:31.254 1213-1213/com.android.phone D/CarrierConfigLoader: mHandler: 5 phoneId: 0
2020-10-29 17:16:31.220 577-577/system_process I/Telecom: MissedCallNotifierImpl: reloadAfterBootComplete: user=0: TSBCR.oR@AHI
2020-10-29 17:16:31.256 577-624/system_process D/CompatibilityChangeReporter: Compat change id reported: 135634846; UID 10125; state: DISABLED
2020-10-29 17:16:31.256 577-638/system_process D/CompatibilityChangeReporter: Compat change id reported: 143937733; UID 10125; state: DISABLED
2020-10-29 17:16:31.263 319-319/? D/Zygote: Forked child process 3850
2020-10-29 17:16:31.267 577-638/system_process I/ActivityManager: Start proc 3850:com.google.android.calendar/u0a125 for broadcast {com.google.android.calendar/com.google.android.calendar.SyncUpgradeReceiver}
2020-10-29 17:16:31.270 3850-3850/? W/ndroid.calenda: Unexpected CPU variant for X86 using defaults: x86
2020-10-29 17:16:31.274 1213-1213/com.android.phone D/CarrierConfigLoader: mHandler: 16 phoneId: 0
2020-10-29 17:16:31.274 1213-1213/com.android.phone D/CarrierConfigLoader: Broadcast CARRIER_CONFIG_CHANGED for phone 0 simApplicationState 10
2020-10-29 17:16:31.278 3126-3126/com.google.android.apps.messaging I/Bugle: Carrier config changed. Reloading MMS config.
2020-10-29 17:16:31.279 2916-2997/com.google.android.ims W/CarrierServices: [237] ebw.a: Unexpected action: android.telephony.action.CARRIER_CONFIG_CHANGED
2020-10-29 17:16:31.279 3126-3864/com.google.android.apps.messaging W/BugleRcsEngine: [330] xgu.a: Unexpected action: android.telephony.action.CARRIER_CONFIG_CHANGED
2020-10-29 17:16:31.280 1213-1213/com.android.phone D/CarrierConfigLoader: Broadcast CARRIER_CONFIG_CHANGED for phone 0, subId=1
2020-10-29 17:16:31.280 1213-1213/com.android.phone D/CarrierKeyDownloadManager: Carrier Config changed: android.telephony.action.CARRIER_CONFIG_CHANGED
2020-10-29 17:16:31.290 415-440/? I/adbd: jdwp connection from 3850
2020-10-29 17:16:31.301 577-577/system_process D/WifiService: ACTION_CARRIER_CONFIG_CHANGED, active subId: 1
2020-10-29 17:16:31.328 1576-3405/com.google.android.gms I/constellation: [intent_handler] on init with intent Intent { act=com.google.android.chimera.IntentOperation.NEW_MODULE (has extras) }
2020-10-29 17:16:31.328 577-942/system_process D/PackageManager: Instant App installer not found with android.intent.action.INSTALL_INSTANT_APP_PACKAGE
2020-10-29 17:16:31.328 577-942/system_process D/PackageManager: Clear ephemeral installer activity
2020-10-29 17:16:31.329 577-942/system_process D/PackageManager: Instant App installer not found with android.intent.action.INSTALL_INSTANT_APP_PACKAGE
2020-10-29 17:16:31.329 577-942/system_process D/PackageManager: Clear ephemeral installer activity
2020-10-29 17:16:31.329 577-1885/system_process D/PackageManager: Instant App installer not found with android.intent.action.INSTALL_INSTANT_APP_PACKAGE
2020-10-29 17:16:31.329 577-1885/system_process D/PackageManager: Clear ephemeral installer activity
2020-10-29 17:16:31.329 577-577/system_process I/Telecom: PhoneAccountRegistrar: getSimCallManager: SimCallManager for subId 1 queried, returning: null: TSI.gSCMFU@AHM
2020-10-29 17:16:31.329 577-1885/system_process D/PackageManager: Instant App installer not found with android.intent.action.INSTALL_INSTANT_APP_PACKAGE
2020-10-29 17:16:31.330 577-1885/system_process D/PackageManager: Clear ephemeral installer activity
2020-10-29 17:16:31.330 577-1885/system_process D/PackageManager: Instant App installer not found with android.intent.action.INSTALL_INSTANT_APP_PACKAGE
2020-10-29 17:16:31.330 577-1885/system_process D/PackageManager: Clear ephemeral installer activity
2020-10-29 17:16:31.330 577-1885/system_process D/PackageManager: Instant App installer not found with android.intent.action.INSTALL_INSTANT_APP_PACKAGE
2020-10-29 17:16:31.330 577-1885/system_process D/PackageManager: Clear ephemeral installer activity
2020-10-29 17:16:31.331 577-1885/system_process D/PackageManager: Instant App installer not found with android.intent.action.INSTALL_INSTANT_APP_PACKAGE
2020-10-29 17:16:31.331 577-1885/system_process D/PackageManager: Clear ephemeral installer activity
2020-10-29 17:16:31.333 1576-1576/com.google.android.gms I/Checkin: [CheckinChimeraService] onStartCommand
2020-10-29 17:16:31.333 3850-3850/com.google.android.calendar D/ApplicationLoaders: Returning zygote-cached class loader: /system/framework/android.test.base.jar
2020-10-29 17:16:31.334 1576-1576/com.google.android.gms I/Checkin: [CheckinChimeraService] runCheckinOnNewThread
2020-10-29 17:16:31.334 1576-1576/com.google.android.gms I/Checkin: [CheckinChimeraService] Check queued to run. Is task waiting: false
2020-10-29 17:16:31.334 1576-1576/com.google.android.gms I/Checkin: [CheckinChimeraService] Run checkin on new thread return:1
2020-10-29 17:16:31.334 1576-2369/com.google.android.gms I/Checkin: [CheckinChimeraService] Starting Checkin Task: CheckinNowTaskTag Reason : 1 Force : false UserId: 0
2020-10-29 17:16:31.335 3850-3850/com.google.android.calendar I/ndroid.calenda: The ClassLoaderContext is a special shared library.
2020-10-29 17:16:31.333 577-1885/system_process D/PackageManager: Instant App installer not found with android.intent.action.INSTALL_INSTANT_APP_PACKAGE
2020-10-29 17:16:31.335 577-1885/system_process D/PackageManager: Clear ephemeral installer activity
2020-10-29 17:16:31.336 577-1885/system_process D/PackageManager: Instant App installer not found with android.intent.action.INSTALL_INSTANT_APP_PACKAGE
2020-10-29 17:16:31.336 577-1885/system_process D/PackageManager: Clear ephemeral installer activity
2020-10-29 17:16:31.341 3850-3850/com.google.android.calendar I/ndroid.calenda: The ClassLoaderContext is a special shared library.
2020-10-29 17:16:31.342 3850-3850/com.google.android.calendar D/nativeloader: classloader namespace configured for unbundled product apk. library_path=/product/app/CalendarGooglePrebuilt/lib/x86:/product/lib:/system/product/lib
2020-10-29 17:16:31.357 3850-3850/com.google.android.calendar D/NetworkSecurityConfig: No Network Security Config specified, using platform default
2020-10-29 17:16:31.358 3850-3850/com.google.android.calendar D/NetworkSecurityConfig: No Network Security Config specified, using platform default
2020-10-29 17:16:31.360 1213-1213/com.android.phone I/Telephony: Carrier-config changed, checking for phone account updates.
2020-10-29 17:16:31.362 1213-1213/com.android.phone D/Telephony: TelecomAccountRegistry: handleCarrierConfigChange: subId=1, accountSubId=1
2020-10-29 17:16:31.373 1213-1213/com.android.phone D/Telephony: isEmergencyPreferredAccount: subId=1, activeData=1
2020-10-29 17:16:31.373 1213-1213/com.android.phone D/Telephony: isEmergencyPreferredAccount: Device does not require preference.
2020-10-29 17:16:31.387 1213-1213/com.android.phone I/Telephony: isRttCurrentlySupported -- regular acct, hasVoiceAvailability: false
     isRttSupported: false
     isRoaming: false
     isOnWfc: false
2020-10-29 17:16:31.388 577-1885/system_process D/PackageManager: Instant App installer not found with android.intent.action.INSTALL_INSTANT_APP_PACKAGE
2020-10-29 17:16:31.388 577-1885/system_process D/PackageManager: Clear ephemeral installer activity
2020-10-29 17:16:31.389 577-1885/system_process D/PackageManager: Instant App installer not found with android.intent.action.INSTALL_INSTANT_APP_PACKAGE
2020-10-29 17:16:31.390 577-1885/system_process D/PackageManager: Clear ephemeral installer activity
2020-10-29 17:16:31.391 577-1882/system_process D/PackageManager: Instant App installer not found with android.intent.action.INSTALL_INSTANT_APP_PACKAGE
2020-10-29 17:16:31.391 577-1882/system_process D/PackageManager: Clear ephemeral installer activity
2020-10-29 17:16:31.392 577-628/system_process E/GnssLocationProvider: IGnssConfiguration setEsExtensionSec() failed.
2020-10-29 17:16:31.394 3778-3863/com.google.android.apps.docs I/TetheringManager: registerTetheringEventCallback:com.google.android.apps.docs
2020-10-29 17:16:31.396 577-628/system_process E/GnssConfiguration: Unable to set ES_EXTENSION_SEC: 0
2020-10-29 17:16:31.396 577-1882/system_process D/PackageManager: Instant App installer not found with android.intent.action.INSTALL_INSTANT_APP_PACKAGE
2020-10-29 17:16:31.397 577-1882/system_process D/PackageManager: Clear ephemeral installer activity
2020-10-29 17:16:31.397 577-1121/system_process D/PackageManager: Instant App installer not found with android.intent.action.INSTALL_INSTANT_APP_PACKAGE
2020-10-29 17:16:31.397 577-1121/system_process D/PackageManager: Clear ephemeral installer activity
2020-10-29 17:16:31.398 577-1882/system_process D/PackageManager: Instant App installer not found with android.intent.action.INSTALL_INSTANT_APP_PACKAGE
2020-10-29 17:16:31.398 577-1882/system_process D/PackageManager: Clear ephemeral installer activity
2020-10-29 17:16:31.400 577-1882/system_process D/PackageManager: Instant App installer not found with android.intent.action.INSTALL_INSTANT_APP_PACKAGE
2020-10-29 17:16:31.400 577-1882/system_process D/PackageManager: Clear ephemeral installer activity
2020-10-29 17:16:31.400 3778-3879/com.google.android.apps.docs W/GAv4: CampaignTrackingReceiver is not registered, not exported or is disabled. Installation campaign tracking is not possible. See http://goo.gl/8Rd3yj for instructions.
2020-10-29 17:16:31.406 577-628/system_process W/Looper: Slow dispatch took 129ms android.fg h=com.android.server.location.gnss.GnssLocationProvider$ProviderHandler c=android.app.-$$Lambda$LoadedApk$ReceiverDispatcher$Args$_BumDX2UKsnxLVrE6UJsJZkotuA@1ea7a70 m=0
2020-10-29 17:16:31.425 442-442/? W/ServiceManager: Permission failure: android.permission.SYSTEM_CAMERA from uid=10108 pid=1576
2020-10-29 17:16:31.428 442-442/? I/chatty: uid=1047(cameraserver) /system/bin/cameraserver identical 2 lines
2020-10-29 17:16:31.429 442-442/? W/ServiceManager: Permission failure: android.permission.SYSTEM_CAMERA from uid=10108 pid=1576
2020-10-29 17:16:31.432 1576-3406/com.google.android.gms I/OcrModelUpStIntentOp: Updating ocr activity enabled=false (phenotypeFlag=false, lowRamDevice=false, prereqCheck=true)
2020-10-29 17:16:31.433 577-1885/system_process D/PackageManager: Instant App installer not found with android.intent.action.INSTALL_INSTANT_APP_PACKAGE
2020-10-29 17:16:31.433 577-1885/system_process D/PackageManager: Clear ephemeral installer activity
2020-10-29 17:16:31.435 577-827/system_process D/PackageManager: Instant App installer not found with android.intent.action.INSTALL_INSTANT_APP_PACKAGE
2020-10-29 17:16:31.435 577-827/system_process D/PackageManager: Clear ephemeral installer activity
2020-10-29 17:16:31.437 577-577/system_process D/PackageManager: Connected to instant app resolver
2020-10-29 17:16:31.437 577-636/system_process I/PackageManager: Optimistic bind succeeded.
2020-10-29 17:16:31.440 1311-2903/com.google.android.gms E/ActivityThread: Failed to find provider info for instantapp-dev-manager
2020-10-29 17:16:31.442 577-827/system_process D/PackageManager: Instant App installer not found with android.intent.action.INSTALL_INSTANT_APP_PACKAGE
2020-10-29 17:16:31.442 577-827/system_process D/PackageManager: Clear ephemeral installer activity
2020-10-29 17:16:31.453 3126-3267/com.google.android.apps.messaging W/Bugle: BuglePhoneNumberUtils: canonicalizeMccMnc: invalid mccmnc. mcc: null, mnc: null
2020-10-29 17:16:31.460 1213-1229/com.android.phone I/m.android.phon: Background young concurrent copying GC freed 46211(3218KB) AllocSpace objects, 1(20KB) LOS objects, 38% free, 4175KB/6816KB, paused 438us total 156.635ms
2020-10-29 17:16:31.481 1213-1213/com.android.phone I/Telephony: reRegisterPstnPhoneAccount: subId: 1 - no change
2020-10-29 17:16:31.481 1213-1213/com.android.phone D/MultiSimSettingController: onCarrierConfigChanged phoneId 0 subId 1
2020-10-29 17:16:31.481 1213-1213/com.android.phone D/MultiSimSettingController: updateDefaults
2020-10-29 17:16:31.484 1213-1213/com.android.phone D/MultiSimSettingController: [updateDefaultValues] change: 0
2020-10-29 17:16:31.491 3850-3892/com.google.android.calendar W/ndroid.calenda: Accessing hidden field Ljava/util/Collections$SynchronizedCollection;->mutex:Ljava/lang/Object; (greylist-max-o, reflection, denied)
2020-10-29 17:16:31.491 3850-3892/com.google.android.calendar W/ndroid.calenda: Accessing hidden method Ljava/util/Collections$SynchronizedSet;-><init>(Ljava/util/Set;Ljava/lang/Object;)V (greylist-max-o, reflection, denied)
2020-10-29 17:16:31.491 3850-3892/com.google.android.calendar W/ndroid.calenda: Accessing hidden method Ljava/util/Collections$SynchronizedCollection;-><init>(Ljava/util/Collection;Ljava/lang/Object;)V (greylist-max-o, reflection, denied)
2020-10-29 17:16:31.493 2713-2757/com.google.android.gm D/CompatibilityChangeReporter: Compat change id reported: 150939131; UID 10127; state: ENABLED
2020-10-29 17:16:31.514 1213-1213/com.android.phone D/CarrierKeyDownloadManager: Carrier not enabled or invalid values
2020-10-29 17:16:31.514 1213-1213/com.android.phone D/CarrierKeyDownloadManager: Cleaning up existing renewal alarms
2020-10-29 17:16:31.519 1213-1213/com.android.phone D/OtaspSimStateReceiver: Received intent: android.telephony.action.CARRIER_CONFIG_CHANGED
2020-10-29 17:16:31.523 577-2987/system_process D/PackageManager: Instant App installer not found with android.intent.action.INSTALL_INSTANT_APP_PACKAGE
2020-10-29 17:16:31.523 577-2987/system_process D/PackageManager: Clear ephemeral installer activity
2020-10-29 17:16:31.523 1213-1213/com.android.phone D/OtaspSimStateReceiver: otasp activation not needed: no supported carrier
2020-10-29 17:16:31.524 577-942/system_process D/PackageManager: Instant App installer not found with android.intent.action.INSTALL_INSTANT_APP_PACKAGE
2020-10-29 17:16:31.524 577-942/system_process D/PackageManager: Clear ephemeral installer activity
2020-10-29 17:16:31.535 3126-3267/com.google.android.apps.messaging W/Bugle: Obsolete carrier config resource: smsToMmsTextThreshold res: 12, sys: -1
2020-10-29 17:16:31.540 1576-2335/com.google.android.gms I/Icing: Indexing done com.google.android.gms-apps [CONTEXT service_id=21 ]
2020-10-29 17:16:31.567 1311-2906/com.google.android.gms I/GCoreUlr: WorldUpdater received intent Intent { act=com.google.android.location.reporting.ACTION_UPDATE_WORLD cmp=com.google.android.gms/com.google.android.location.reporting.service.DispatchingService (has extras) } with receiverAction init
2020-10-29 17:16:31.570 1311-2906/com.google.android.gms I/GCoreUlr: WorldUpdater:init: Ensuring that reporting is stopped because of reasons: (no Google accounts)
2020-10-29 17:16:31.592 1311-2906/com.google.android.gms I/GCoreUlr: Unbound from all signal providers.
2020-10-29 17:16:31.604 577-1121/system_process D/PackageManager: Instant App installer not found with android.intent.action.INSTALL_INSTANT_APP_PACKAGE
2020-10-29 17:16:31.604 577-1121/system_process D/PackageManager: Clear ephemeral installer activity
2020-10-29 17:16:31.605 577-1121/system_process D/PackageManager: Instant App installer not found with android.intent.action.INSTALL_INSTANT_APP_PACKAGE
2020-10-29 17:16:31.605 577-1121/system_process D/PackageManager: Clear ephemeral installer activity
2020-10-29 17:16:31.606 1213-1213/com.android.phone I/VvmSimStateTracker: android.telephony.action.CARRIER_CONFIG_CHANGED
2020-10-29 17:16:31.607 577-624/system_process D/PackageManager: Instant App installer not found with android.intent.action.INSTALL_INSTANT_APP_PACKAGE
2020-10-29 17:16:31.607 577-624/system_process D/PackageManager: Clear ephemeral installer activity
2020-10-29 17:16:31.608 577-2987/system_process D/PackageManager: Instant App installer not found with android.intent.action.INSTALL_INSTANT_APP_PACKAGE
2020-10-29 17:16:31.608 577-2987/system_process D/PackageManager: Clear ephemeral installer activity
2020-10-29 17:16:31.611 1213-1213/com.android.phone I/VvmSimStateTracker: Service connected on ComponentInfo{com.android.phone/com.android.services.telephony.TelephonyConnectionService}, ***, UserHandle{0}
2020-10-29 17:16:31.618 3126-3220/com.google.android.apps.messaging W/Bugle: RestoreReceiver: Intent { act=android.telephony.action.CARRIER_CONFIG_CHANGED flg=0x15000010 cmp=com.google.android.apps.messaging/.shared.receiver.RestoreReceiver (has extras) }
2020-10-29 17:16:31.621 1311-1311/com.google.android.gms I/GCoreUlr: Unbound from all signal providers.
2020-10-29 17:16:31.621 1311-1311/com.google.android.gms I/GCoreUlr: Stopping handler for UlrDispSvcFast
2020-10-29 17:16:31.623 2782-2782/com.google.android.cellbroadcastreceiver D/CellBroadcastReceiver: onReceive Intent { act=android.telephony.action.CARRIER_CONFIG_CHANGED flg=0x15000010 cmp=com.google.android.cellbroadcastreceiver/com.android.cellbroadcastreceiver.CellBroadcastReceiver (has extras) }
2020-10-29 17:16:31.639 1311-2906/com.google.android.gms I/GCoreUlr: DispatchingService ignoring Intent { act=android.net.wifi.WIFI_STATE_CHANGED flg=0x44000010 (has extras) } because ULR inactive
2020-10-29 17:16:31.644 1311-2851/com.google.android.gms I/NearbyDiscovery: Show notifications: 0 total, no changes since last shown, no-op. [CONTEXT service_id=49 ]
2020-10-29 17:16:31.654 1213-1213/com.android.phone I/RemoteVvmTaskManager: Binding to ComponentInfo{com.android.dialer/com.android.voicemail.impl.OmtpService}
2020-10-29 17:16:31.662 1213-1213/com.android.phone D/TelephonyProvider: subIdString = 1 subId = 1
2020-10-29 17:16:31.672 2556-2556/com.android.dialer I/Dialer: VvmOmtpService - onCellServiceConnected
2020-10-29 17:16:31.674 1576-2335/com.google.android.gms I/Icing: updateResources: need to parse abvr{com.google.android.gm} [CONTEXT service_id=21 ]
2020-10-29 17:16:31.677 2916-2997/com.google.android.ims I/CarrierServices: [237] ehg.a: KEY_CONFIG_IMS_PACKAGE_OVERRIDE_STRING: com.google.android.ims
2020-10-29 17:16:31.694 1576-2985/com.google.android.gms W/Conscrypt: Could not set socket write timeout: java.net.SocketException: Socket closed
2020-10-29 17:16:31.695 1576-2985/com.google.android.gms W/Conscrypt:     at com.google.android.gms.org.conscrypt.Platform.setSocketWriteTimeout(:com.google.android.gms@201817022@20.18.17 (040700-311416286):2)
2020-10-29 17:16:31.695 1576-2985/com.google.android.gms W/Conscrypt:     at com.google.android.gms.org.conscrypt.ConscryptFileDescriptorSocket.setSoWriteTimeout(:com.google.android.gms@201817022@20.18.17 (040700-311416286):0)
2020-10-29 17:16:31.743 1576-2957/com.google.android.gms W/gle.android.gm: Long monitor contention with owner lowpool[2] (2243) at adae adau.b(java.lang.String)(:com.google.android.gms@201817022@20.18.17 (040700-311416286):6) waiters=0 in java.lang.String adau.a(java.lang.String) for 1.092s
2020-10-29 17:16:31.762 1576-2335/com.google.android.gms I/Icing: updateResources: need to parse abvr{com.google.android.gms} [CONTEXT service_id=21 ]
2020-10-29 17:16:31.765 1576-2985/com.google.android.gms W/Conscrypt: Could not set socket write timeout: java.net.SocketException: Socket closed
2020-10-29 17:16:31.765 1576-2985/com.google.android.gms W/Conscrypt:     at com.google.android.gms.org.conscrypt.Platform.setSocketWriteTimeout(:com.google.android.gms@201817022@20.18.17 (040700-311416286):2)
2020-10-29 17:16:31.770 1576-2985/com.google.android.gms W/Conscrypt:     at com.google.android.gms.org.conscrypt.ConscryptFileDescriptorSocket.setSoWriteTimeout(:com.google.android.gms@201817022@20.18.17 (040700-311416286):0)
2020-10-29 17:16:31.782 577-2328/system_process D/PackageManager: Instant App installer not found with android.intent.action.INSTALL_INSTANT_APP_PACKAGE
2020-10-29 17:16:31.782 577-2328/system_process D/PackageManager: Clear ephemeral installer activity
2020-10-29 17:16:31.813 1576-2992/com.google.android.gms W/SQLiteLog: (28) double-quoted string literal: "1603808191813"
2020-10-29 17:16:31.814 1576-2992/com.google.android.gms W/SQLiteLog: (28) double-quoted string literal: "1"
2020-10-29 17:16:31.825 1311-2906/com.google.android.gms E/GCM: Missing checkin config file
2020-10-29 17:16:31.826 1311-2906/com.google.android.gms W/GCM: GCM FAILED TO INITIALIZE - missing checkin
2020-10-29 17:16:31.829 1311-2176/com.google.android.gms E/GCM: Missing checkin config file
2020-10-29 17:16:31.829 1311-2176/com.google.android.gms W/GCM: GCM FAILED TO INITIALIZE - missing checkin
2020-10-29 17:16:31.837 1576-3375/com.google.android.gms I/SubscribedFeeds: Collected 10 certs in 10ms
2020-10-29 17:16:31.842 1576-3375/com.google.android.gms I/SubscribedFeeds: Wrote 10 new signatures
2020-10-29 17:16:31.844 1576-3375/com.google.android.gms I/SubscribedFeeds: Setting ComponentInfo{com.google.android.gms/com.google.android.gms.subscribedfeeds.GcmReceiverService} to 1
2020-10-29 17:16:31.845 577-1121/system_process D/PackageManager: Instant App installer not found with android.intent.action.INSTALL_INSTANT_APP_PACKAGE
2020-10-29 17:16:31.845 577-1121/system_process D/PackageManager: Clear ephemeral installer activity
2020-10-29 17:16:31.846 1576-3375/com.google.android.gms I/SubscribedFeeds: Setting ComponentInfo{com.google.android.gms/com.google.android.gms.subscribedfeeds.GmsSubscribedFeedsProvider} to 1
2020-10-29 17:16:31.846 577-1351/system_process D/PackageManager: Instant App installer not found with android.intent.action.INSTALL_INSTANT_APP_PACKAGE
2020-10-29 17:16:31.846 577-1351/system_process D/PackageManager: Clear ephemeral installer activity
2020-10-29 17:16:31.847 1576-3375/com.google.android.gms I/SubscribedFeeds: Setting ComponentInfo{com.google.android.gsf/com.google.android.gsf.subscribedfeeds.SubscribedFeedsSyncAdapterService} to 2
2020-10-29 17:16:31.847 577-1882/system_process D/PackageManager: Instant App installer not found with android.intent.action.INSTALL_INSTANT_APP_PACKAGE
2020-10-29 17:16:31.848 577-1882/system_process D/PackageManager: Clear ephemeral installer activity
2020-10-29 17:16:31.849 1576-3375/com.google.android.gms I/SubscribedFeeds: Setting ComponentInfo{com.google.android.gms/com.google.android.gms.subscribedfeeds.SyncService} to 1
2020-10-29 17:16:31.849 577-1351/system_process D/PackageManager: Instant App installer not found with android.intent.action.INSTALL_INSTANT_APP_PACKAGE
2020-10-29 17:16:31.849 577-1351/system_process D/PackageManager: Clear ephemeral installer activity
2020-10-29 17:16:31.850 1576-3375/com.google.android.gms I/SubscribedFeeds: Setting ComponentInfo{com.google.android.gms/com.google.android.gms.subscribedfeeds.GmsFeedsSyncService} to 1
2020-10-29 17:16:31.851 577-1121/system_process D/PackageManager: Instant App installer not found with android.intent.action.INSTALL_INSTANT_APP_PACKAGE
2020-10-29 17:16:31.851 577-1121/system_process D/PackageManager: Clear ephemeral installer activity
2020-10-29 17:16:31.861 1576-2335/com.google.android.gms I/Icing: Indexing com.google.android.gms-internal.3p:MobileApplication from com.google.android.gms [CONTEXT service_id=21 ]
2020-10-29 17:16:31.863 1576-2335/com.google.android.gms D/ActivityThread: Loading provider com.google.android.gms.icing.indexapi: com.google.android.gms.icing.indexapi.IndexApiContentProvider
2020-10-29 17:16:31.925 1576-2957/com.google.android.gms W/GCM-GMS: Failed to get direct boot token: java.io.IOException: AUTHENTICATION_FAILED
2020-10-29 17:16:31.926 1576-2243/com.google.android.gms W/GCM-GMS: Failed to get registration: java.io.IOException: AUTHENTICATION_FAILED
2020-10-29 17:16:31.930 1576-3375/com.google.android.gms I/DynamiteModule: Considering local module com.google.android.gms.flags:3 and remote module com.google.android.gms.flags:3
2020-10-29 17:16:31.930 1576-3375/com.google.android.gms I/DynamiteModule: Selected local version of com.google.android.gms.flags
2020-10-29 17:16:31.940 3778-3886/com.google.android.apps.docs W/LibraryVersion: Failed to get app version for libraryName: firebase-iid
2020-10-29 17:16:31.985 1576-3406/com.google.android.gms W/gle.android.gm: Accessing hidden method Landroid/net/ConnectivityManager;->isNetworkSupported(I)Z (greylist-max-p, reflection, denied)
2020-10-29 17:16:32.017 1576-3406/com.google.android.gms D/ActivityThread: Loading provider com.google.android.gms.download: com.google.android.gms.common.download.provider.DownloadsProvider
2020-10-29 17:16:32.033 577-947/system_process D/PackageManager: Instant App installer not found with android.intent.action.INSTALL_INSTANT_APP_PACKAGE
2020-10-29 17:16:32.033 577-947/system_process D/PackageManager: Clear ephemeral installer activity
2020-10-29 17:16:32.034 577-2328/system_process D/PackageManager: Instant App installer not found with android.intent.action.INSTALL_INSTANT_APP_PACKAGE
2020-10-29 17:16:32.034 577-2328/system_process D/PackageManager: Clear ephemeral installer activity
2020-10-29 17:16:32.035 577-1121/system_process D/PackageManager: Instant App installer not found with android.intent.action.INSTALL_INSTANT_APP_PACKAGE
2020-10-29 17:16:32.035 577-1121/system_process D/PackageManager: Clear ephemeral installer activity
2020-10-29 17:16:32.035 577-1121/system_process D/PackageManager: Instant App installer not found with android.intent.action.INSTALL_INSTANT_APP_PACKAGE
2020-10-29 17:16:32.035 577-1121/system_process D/PackageManager: Clear ephemeral installer activity
2020-10-29 17:16:32.036 577-947/system_process D/PackageManager: Instant App installer not found with android.intent.action.INSTALL_INSTANT_APP_PACKAGE
2020-10-29 17:16:32.036 577-947/system_process D/PackageManager: Clear ephemeral installer activity
2020-10-29 17:16:32.037 577-2328/system_process D/PackageManager: Instant App installer not found with android.intent.action.INSTALL_INSTANT_APP_PACKAGE
2020-10-29 17:16:32.037 577-2328/system_process D/PackageManager: Clear ephemeral installer activity
2020-10-29 17:16:32.067 1576-3375/com.google.android.gms I/ChimeraCfgMgr: Received com.google.android.chimera.IntentOperation.NEW_MODULE(2/0): -1,false
2020-10-29 17:16:32.067 1576-3375/com.google.android.gms W/ChimeraCfgMgr: Ignoring unexpected com.google.android.chimera.IntentOperation.NEW_MODULE
2020-10-29 17:16:32.082 1576-3428/com.google.android.gms I/Auth: [SupervisedAccountIntentOperation] onHandleIntent(): com.google.android.gms.chimera.container.CONTAINER_UPDATED
2020-10-29 17:16:32.084 577-2328/system_process D/PackageManager: Instant App installer not found with android.intent.action.INSTALL_INSTANT_APP_PACKAGE
2020-10-29 17:16:32.084 577-2328/system_process D/PackageManager: Clear ephemeral installer activity
2020-10-29 17:16:32.084 1576-3428/com.google.android.gms I/Auth: [SupervisedAccountIntentOperation] This operation is disabled
2020-10-29 17:16:32.085 577-1885/system_process D/PackageManager: Instant App installer not found with android.intent.action.INSTALL_INSTANT_APP_PACKAGE
2020-10-29 17:16:32.086 577-1885/system_process D/PackageManager: Clear ephemeral installer activity
2020-10-29 17:16:32.087 577-1885/system_process D/PackageManager: Instant App installer not found with android.intent.action.INSTALL_INSTANT_APP_PACKAGE
2020-10-29 17:16:32.087 577-1885/system_process D/PackageManager: Clear ephemeral installer activity
2020-10-29 17:16:32.088 577-1885/system_process D/PackageManager: Instant App installer not found with android.intent.action.INSTALL_INSTANT_APP_PACKAGE
2020-10-29 17:16:32.088 577-1885/system_process D/PackageManager: Clear ephemeral installer activity
2020-10-29 17:16:32.134 1576-2335/com.google.android.gms I/Icing: Indexing done com.google.android.gms-internal.3p:MobileApplication [CONTEXT service_id=21 ]
2020-10-29 17:16:32.135 1576-2335/com.google.android.gms I/Icing: Indexing com.google.android.gms-apps from com.google.android.gms [CONTEXT service_id=21 ]
2020-10-29 17:16:32.139 1576-2224/com.google.android.gms W/DynamiteModule: Local module descriptor class for providerinstaller not found.
2020-10-29 17:16:32.140 1576-2224/com.google.android.gms W/ProviderHelper: Unknown dynamite feature providerinstaller
2020-10-29 17:16:32.140 1576-2224/com.google.android.gms I/DynamiteModule: Considering local module providerinstaller:0 and remote module providerinstaller:0
2020-10-29 17:16:32.140 1576-2224/com.google.android.gms W/ProviderInstaller: Failed to load providerinstaller module: No acceptable module found. Local version is 0 and remote version is 0.
2020-10-29 17:16:32.171 1576-2335/com.google.android.gms I/Icing: Indexing done com.google.android.gms-apps [CONTEXT service_id=21 ]
2020-10-29 17:16:32.171 1465-1546/com.google.android.inputmethod.latin I/PeriodicStatsRunner: PeriodicStatsRunner.call():180 call()
2020-10-29 17:16:32.171 1465-1546/com.google.android.inputmethod.latin I/PeriodicStatsRunner: PeriodicStatsRunner.call():184 No submit PeriodicStats since input started.
2020-10-29 17:16:32.180 1576-2224/com.google.android.gms W/DynamiteModule: Local module descriptor class for providerinstaller not found.
2020-10-29 17:16:32.180 1576-2224/com.google.android.gms I/DynamiteModule: Considering local module providerinstaller:0 and remote module providerinstaller:0
2020-10-29 17:16:32.180 1576-2224/com.google.android.gms W/ProviderInstaller: Failed to load providerinstaller module: No acceptable module found. Local version is 0 and remote version is 0.
2020-10-29 17:16:32.225 1576-2224/com.google.android.gms W/DynamiteModule: Local module descriptor class for providerinstaller not found.
2020-10-29 17:16:32.226 1576-2224/com.google.android.gms I/DynamiteModule: Considering local module providerinstaller:0 and remote module providerinstaller:0
2020-10-29 17:16:32.226 1576-2224/com.google.android.gms W/ProviderInstaller: Failed to load providerinstaller module: No acceptable module found. Local version is 0 and remote version is 0.
2020-10-29 17:16:32.245 577-1351/system_process D/PackageManager: Instant App installer not found with android.intent.action.INSTALL_INSTANT_APP_PACKAGE
2020-10-29 17:16:32.245 577-1351/system_process D/PackageManager: Clear ephemeral installer activity
2020-10-29 17:16:32.251 577-1885/system_process D/PackageManager: Instant App installer not found with android.intent.action.INSTALL_INSTANT_APP_PACKAGE
2020-10-29 17:16:32.251 577-1885/system_process D/PackageManager: Clear ephemeral installer activity
2020-10-29 17:16:32.251 577-1885/system_process D/PackageManager: Instant App installer not found with android.intent.action.INSTALL_INSTANT_APP_PACKAGE
2020-10-29 17:16:32.252 577-1885/system_process D/PackageManager: Clear ephemeral installer activity
2020-10-29 17:16:32.258 577-1885/system_process D/PackageManager: Instant App installer not found with android.intent.action.INSTALL_INSTANT_APP_PACKAGE
2020-10-29 17:16:32.258 577-1885/system_process D/PackageManager: Clear ephemeral installer activity
2020-10-29 17:16:32.258 577-947/system_process D/PackageManager: Instant App installer not found with android.intent.action.INSTALL_INSTANT_APP_PACKAGE
2020-10-29 17:16:32.258 577-947/system_process D/PackageManager: Clear ephemeral installer activity
2020-10-29 17:16:32.259 577-1121/system_process D/PackageManager: Instant App installer not found with android.intent.action.INSTALL_INSTANT_APP_PACKAGE
2020-10-29 17:16:32.259 577-1121/system_process D/PackageManager: Clear ephemeral installer activity
2020-10-29 17:16:32.261 1576-2985/com.google.android.gms I/GoogleSettingsUtils: Updated ID in checkin_id_token file [CONTEXT service_id=130 ]
2020-10-29 17:16:32.267 577-1885/system_process D/PackageManager: Instant App installer not found with android.intent.action.INSTALL_INSTANT_APP_PACKAGE
2020-10-29 17:16:32.267 577-1885/system_process D/PackageManager: Clear ephemeral installer activity
2020-10-29 17:16:32.271 577-1885/system_process D/PackageManager: Instant App installer not found with android.intent.action.INSTALL_INSTANT_APP_PACKAGE
2020-10-29 17:16:32.271 577-1885/system_process D/PackageManager: Clear ephemeral installer activity
2020-10-29 17:16:32.272 577-2328/system_process D/PackageManager: Instant App installer not found with android.intent.action.INSTALL_INSTANT_APP_PACKAGE
2020-10-29 17:16:32.273 577-2328/system_process D/PackageManager: Clear ephemeral installer activity
2020-10-29 17:16:32.273 577-2328/system_process D/PackageManager: Instant App installer not found with android.intent.action.INSTALL_INSTANT_APP_PACKAGE
2020-10-29 17:16:32.273 577-2328/system_process D/PackageManager: Clear ephemeral installer activity
2020-10-29 17:16:32.276 1576-2985/com.google.android.gms I/CheckinResponseProcess: From server: 1684 gservices [full] [CONTEXT service_id=130 ]
2020-10-29 17:16:32.279 577-2328/system_process D/PackageManager: Instant App installer not found with android.intent.action.INSTALL_INSTANT_APP_PACKAGE
2020-10-29 17:16:32.280 577-2328/system_process D/PackageManager: Clear ephemeral installer activity
2020-10-29 17:16:32.294 1576-2152/com.google.android.gms I/Backup: [CallLogFlagSetter] Not whitelisted for call log backup.
2020-10-29 17:16:32.295 1576-2224/com.google.android.gms W/DynamiteModule: Local module descriptor class for providerinstaller not found.
2020-10-29 17:16:32.296 1576-2224/com.google.android.gms I/DynamiteModule: Considering local module providerinstaller:0 and remote module providerinstaller:0
2020-10-29 17:16:32.296 1576-2224/com.google.android.gms W/ProviderInstaller: Failed to load providerinstaller module: No acceptable module found. Local version is 0 and remote version is 0.
2020-10-29 17:16:32.296 1576-2152/com.google.android.gms I/ChromeSync: [Sync,SyncIntentOperation] Handling the intent: Intent { act=com.google.android.gms.chimera.container.CONTAINER_UPDATED pkg=com.google.android.gms }.
2020-10-29 17:16:32.299 1576-1586/com.google.android.gms I/gle.android.gm: Background young concurrent copying GC freed 76012(3890KB) AllocSpace objects, 48(2280KB) LOS objects, 23% free, 10MB/13MB, paused 2.533ms total 143.596ms
2020-10-29 17:16:32.312 1576-3375/com.google.android.gms I/ChimeraConfigService: Scheduling checkin every 120 seconds, with flex of 60 seconds
2020-10-29 17:16:32.318 577-827/system_process D/PackageManager: Instant App installer not found with android.intent.action.INSTALL_INSTANT_APP_PACKAGE
2020-10-29 17:16:32.318 577-827/system_process D/PackageManager: Clear ephemeral installer activity
2020-10-29 17:16:32.335 577-827/system_process D/PackageManager: Instant App installer not found with android.intent.action.INSTALL_INSTANT_APP_PACKAGE
2020-10-29 17:16:32.335 577-827/system_process D/PackageManager: Clear ephemeral installer activity
2020-10-29 17:16:32.366 1576-2224/com.google.android.gms W/DynamiteModule: Local module descriptor class for providerinstaller not found.
2020-10-29 17:16:32.367 1576-2224/com.google.android.gms I/DynamiteModule: Considering local module providerinstaller:0 and remote module providerinstaller:0
2020-10-29 17:16:32.368 1576-2224/com.google.android.gms W/ProviderInstaller: Failed to load providerinstaller module: No acceptable module found. Local version is 0 and remote version is 0.
2020-10-29 17:16:32.383 3013-3281/com.google.android.gms W/SystemServiceRegistry: No service published for: persistent_data_block
2020-10-29 17:16:32.414 577-587/system_process I/system_server: Background concurrent copying GC freed 496857(21MB) AllocSpace objects, 25(1016KB) LOS objects, 49% free, 14MB/29MB, paused 989us total 182.414ms
2020-10-29 17:16:32.433 1576-2224/com.google.android.gms W/DynamiteModule: Local module descriptor class for providerinstaller not found.
2020-10-29 17:16:32.435 1576-2224/com.google.android.gms I/DynamiteModule: Considering local module providerinstaller:0 and remote module providerinstaller:0
2020-10-29 17:16:32.435 1576-2224/com.google.android.gms W/ProviderInstaller: Failed to load providerinstaller module: No acceptable module found. Local version is 0 and remote version is 0.
2020-10-29 17:16:32.454 1576-2224/com.google.android.gms W/DynamiteModule: Local module descriptor class for providerinstaller not found.
2020-10-29 17:16:32.454 1576-2224/com.google.android.gms I/DynamiteModule: Considering local module providerinstaller:0 and remote module providerinstaller:0
2020-10-29 17:16:32.454 1576-2224/com.google.android.gms W/ProviderInstaller: Failed to load providerinstaller module: No acceptable module found. Local version is 0 and remote version is 0.
2020-10-29 17:16:32.461 1576-2224/com.google.android.gms W/DynamiteModule: Local module descriptor class for providerinstaller not found.
2020-10-29 17:16:32.461 1576-2224/com.google.android.gms I/DynamiteModule: Considering local module providerinstaller:0 and remote module providerinstaller:0
2020-10-29 17:16:32.461 1576-2224/com.google.android.gms W/ProviderInstaller: Failed to load providerinstaller module: No acceptable module found. Local version is 0 and remote version is 0.
2020-10-29 17:16:32.482 577-827/system_process D/PackageManager: Instant App installer not found with android.intent.action.INSTALL_INSTANT_APP_PACKAGE
2020-10-29 17:16:32.482 577-827/system_process D/PackageManager: Clear ephemeral installer activity
2020-10-29 17:16:32.482 1576-2957/com.google.android.gms I/GCM-GMS: Registering GMS 745476177629
2020-10-29 17:16:32.486 1576-2224/com.google.android.gms I/GmsModuleFndr: Beginning GMS chimera module scan
2020-10-29 17:16:32.489 1576-2224/com.google.android.gms I/ModuleSetMgr: Computing pending module set with APKs: [[AdsFdrDynamite.integ:21460000000], [Cronetdynamite:201817040700], [Dynamiteloader:201817040000], [Dynamitemodulesa:201817040000], [Dynamitemodulesc:201817040000], [Googlecertificates:201817040000], [Mapsdynamite:201817040000], [Measurementdynamite:201817040000]]
2020-10-29 17:16:32.494 577-827/system_process D/PackageManager: Instant App installer not found with android.intent.action.INSTALL_INSTANT_APP_PACKAGE
2020-10-29 17:16:32.494 577-827/system_process D/PackageManager: Clear ephemeral installer activity
2020-10-29 17:16:32.501 577-1121/system_process D/PackageManager: Instant App installer not found with android.intent.action.INSTALL_INSTANT_APP_PACKAGE
2020-10-29 17:16:32.501 577-1121/system_process D/PackageManager: Clear ephemeral installer activity
2020-10-29 17:16:32.505 1576-2224/com.google.android.gms I/ModuleSetMgr: Pending container module APKs: []
2020-10-29 17:16:32.505 1576-2224/com.google.android.gms I/ModuleSetMgr: Pending non-container module APKs: []
2020-10-29 17:16:32.514 577-942/system_process D/PackageManager: Instant App installer not found with android.intent.action.INSTALL_INSTANT_APP_PACKAGE
2020-10-29 17:16:32.514 577-942/system_process D/PackageManager: Clear ephemeral installer activity
2020-10-29 17:16:32.521 1576-3428/com.google.android.gms I/NearbySharing: Runtime state initialization complete. Sharing is disabled. [CONTEXT service_id=194 ]
2020-10-29 17:16:32.524 1311-1311/com.google.android.gms I/NearbySharing: ReceiveSurfaceService created [CONTEXT service_id=194 ]
2020-10-29 17:16:32.526 1311-1311/com.google.android.gms I/NearbySharing: ReceiveSurfaceService started [CONTEXT service_id=194 ]
2020-10-29 17:16:32.534 3013-3281/com.google.android.gms D/EGL_emulation: eglCreateContext: 0xf5ce0bc0: maj 2 min 0 rcv 2
2020-10-29 17:16:32.536 1311-1311/com.google.android.gms I/NearbySharing: ReceiveSurfaceService destroyed [CONTEXT service_id=194 ]
2020-10-29 17:16:32.555 3013-3281/com.google.android.gms D/EGL_emulation: eglCreateContext: 0xf5ce1560: maj 2 min 0 rcv 2
2020-10-29 17:16:32.671 1576-1586/com.google.android.gms I/gle.android.gm: Background concurrent copying GC freed 96974(5223KB) AllocSpace objects, 32(1528KB) LOS objects, 49% free, 8412KB/16MB, paused 631us total 141.296ms
2020-10-29 17:16:32.676 1576-1592/com.google.android.gms W/System: A resource failed to call close. 
2020-10-29 17:16:32.683 1311-2905/com.google.android.gms W/Conscrypt: Could not set socket write timeout: java.net.SocketException: Socket closed
2020-10-29 17:16:32.684 1311-2905/com.google.android.gms W/Conscrypt:     at com.google.android.gms.org.conscrypt.Platform.setSocketWriteTimeout(:com.google.android.gms@201817022@20.18.17 (040700-311416286):2)
2020-10-29 17:16:32.684 1311-2905/com.google.android.gms W/Conscrypt:     at com.google.android.gms.org.conscrypt.ConscryptFileDescriptorSocket.setSoWriteTimeout(:com.google.android.gms@201817022@20.18.17 (040700-311416286):0)
2020-10-29 17:16:32.741 1311-2905/com.google.android.gms W/Conscrypt: Could not set socket write timeout: java.net.SocketException: Socket closed
2020-10-29 17:16:32.742 1311-2905/com.google.android.gms W/Conscrypt:     at com.google.android.gms.org.conscrypt.Platform.setSocketWriteTimeout(:com.google.android.gms@201817022@20.18.17 (040700-311416286):2)
2020-10-29 17:16:32.742 1311-2905/com.google.android.gms W/Conscrypt:     at com.google.android.gms.org.conscrypt.ConscryptFileDescriptorSocket.setSoWriteTimeout(:com.google.android.gms@201817022@20.18.17 (040700-311416286):0)
2020-10-29 17:16:32.761 1576-2335/com.google.android.gms I/Icing: Indexing com.google.android.gms-apps from com.google.android.gms [CONTEXT service_id=21 ]
2020-10-29 17:16:32.791 1576-2243/com.google.android.gms I/Backup: [GmsBackupAccountManager] Backup account not found in gmscore.
2020-10-29 17:16:32.796 1718-3553/com.google.android.providers.media.module W/ModernMediaScanner: Failed to apply ContentProviderOperation(type=insert uri=content://media/internal/file values={instance_id=null, compilation=null, disc_number=0, duration=4383, is_ringtone=0, album_artist=null, resolution=null, orientation=null, artist=pdx, author=null, height=null, is_drm=0, is_audiobook=0, date_modified=1602626168, writer=null, composer=null, datetaken=null, mime_type=audio/ogg, is_notification=1, bitrate=96000, cd_track_number=0, xmp=[], year=null, _data=/product/media/audio/notifications/vega.ogg, _size=29476, album=Unknown, genre=Unknown, is_alarm=0, title=Vega, track=0, width=null, is_music=0, document_id=null, is_podcast=0, capture_framerate=null, num_tracks=1, original_document_id=null, media_type=2} exceptionAllowed)
    android.database.sqlite.SQLiteConstraintException: UNIQUE constraint failed: files._data (code 2067 SQLITE_CONSTRAINT_UNIQUE)
        at android.database.sqlite.SQLiteConnection.nativeExecuteForLastInsertedRowId(Native Method)
        at android.database.sqlite.SQLiteConnection.executeForLastInsertedRowId(SQLiteConnection.java:938)
        at android.database.sqlite.SQLiteSession.executeForLastInsertedRowId(SQLiteSession.java:790)
        at android.database.sqlite.SQLiteStatement.executeInsert(SQLiteStatement.java:88)
        at com.android.providers.media.util.DatabaseUtils.executeInsert(DatabaseUtils.java:457)
        at com.android.providers.media.util.SQLiteQueryBuilder.insert(SQLiteQueryBuilder.java:597)
        at com.android.providers.media.util.SQLiteQueryBuilder.lambda$insert$1(SQLiteQueryBuilder.java:561)
        at com.android.providers.media.util.SQLiteQueryBuilder.lambda$insert$1$SQLiteQueryBuilder(Unknown Source:0)
        at com.android.providers.media.util.-$$Lambda$SQLiteQueryBuilder$YklJ51_aF7j8568p4VYgJs-CWNI.apply(Unknown Source:6)
        at com.android.providers.media.DatabaseHelper.runWithTransaction(DatabaseHelper.java:564)
        at com.android.providers.media.util.SQLiteQueryBuilder.insert(SQLiteQueryBuilder.java:560)
        at com.android.providers.media.MediaProvider.lambda$insertAllowingUpsert$14(MediaProvider.java:3076)
        at com.android.providers.media.MediaProvider.lambda$insertAllowingUpsert$14$MediaProvider(Unknown Source:0)
        at com.android.providers.media.-$$Lambda$MediaProvider$FjHWs2-fjgG761OzVFzdTX4EWZg.apply(Unknown Source:13)
        at com.android.providers.media.DatabaseHelper.runWithTransaction(DatabaseHelper.java:564)
        at com.android.providers.media.MediaProvider.insertAllowingUpsert(MediaProvider.java:3066)
        at com.android.providers.media.MediaProvider.insertFile(MediaProvider.java:3048)
        at com.android.providers.media.MediaProvider.insertInternal(MediaProvider.java:3486)
