        at com.android.providers.media.MediaProvider.insert(MediaProvider.java:3208)
        at android.content.ContentProviderOperation.applyInternal(ContentProviderOperation.java:375)
        at android.content.ContentProviderOperation.apply(ContentProviderOperation.java:347)
        at android.content.ContentProvider.applyBatch(ContentProvider.java:2422)
        at com.android.providers.media.MediaProvider.applyBatch(MediaProvider.java:3538)
        at android.content.ContentProvider.applyBatch(ContentProvider.java:2413)
        at android.content.ContentResolver.applyBatch(ContentResolver.java:2186)
        at com.android.providers.media.scan.ModernMediaScanner$Scan.applyPending(ModernMediaScanner.java:700)
        at com.android.providers.media.scan.ModernMediaScanner$Scan.maybeApplyPending(ModernMediaScanner.java:690)
        at com.android.providers.media.scan.ModernMediaScanner$Scan.visitFile(ModernMediaScanner.java:650)
        at com.android.providers.media.scan.ModernMediaScanner$Scan.visitFile(ModernMediaScanner.java:273)
        at java.nio.file.Files.walkFileTree(Files.java:2670)
        at java.nio.file.Files.walkFileTree(Files.java:2742)
        at com.android.providers.media.scan.ModernMediaScanner$Scan.walkFileTree(ModernMediaScanner.java:367)
        at com.android.providers.media.scan.ModernMediaScanner$Scan.run(ModernMediaScanner.java:330)
        at com.android.providers.media.scan.ModernMediaScanner.scanDirectory(ModernMediaScanner.java:227)
2020-10-29 17:16:32.796 1718-3553/com.google.android.providers.media.module W/ModernMediaScanner:     at com.android.providers.media.MediaProvider.scanDirectory(MediaProvider.java:1111)
        at com.android.providers.media.MediaService.onScanVolume(MediaService.java:148)
        at com.android.providers.media.MediaService.onScanVolume(MediaService.java:117)
        at com.android.providers.media.MediaService.onScanVolume(MediaService.java:108)
        at com.android.providers.media.MediaService.onHandleWork(MediaService.java:71)
        at androidx.core.app.JobIntentService$CommandProcessor.doInBackground(JobIntentService.java:391)
        at androidx.core.app.JobIntentService$CommandProcessor.doInBackground(JobIntentService.java:382)
        at android.os.AsyncTask$3.call(AsyncTask.java:394)
        at java.util.concurrent.FutureTask.run(FutureTask.java:266)
        at java.util.concurrent.ThreadPoolExecutor.runWorker(ThreadPoolExecutor.java:1167)
        at java.util.concurrent.ThreadPoolExecutor$Worker.run(ThreadPoolExecutor.java:641)
        at java.lang.Thread.run(Thread.java:923)
2020-10-29 17:16:32.832 1311-2903/com.google.android.gms W/Conscrypt: Could not set socket write timeout: java.net.SocketException: Socket closed
2020-10-29 17:16:32.833 1311-2903/com.google.android.gms W/Conscrypt:     at com.google.android.gms.org.conscrypt.Platform.setSocketWriteTimeout(:com.google.android.gms@201817022@20.18.17 (040700-311416286):2)
2020-10-29 17:16:32.833 1311-2903/com.google.android.gms W/Conscrypt:     at com.google.android.gms.org.conscrypt.ConscryptFileDescriptorSocket.setSoWriteTimeout(:com.google.android.gms@201817022@20.18.17 (040700-311416286):0)
2020-10-29 17:16:32.905 1311-2903/com.google.android.gms W/Conscrypt: Could not set socket write timeout: java.net.SocketException: Socket closed
2020-10-29 17:16:32.907 1311-2903/com.google.android.gms W/Conscrypt:     at com.google.android.gms.org.conscrypt.Platform.setSocketWriteTimeout(:com.google.android.gms@201817022@20.18.17 (040700-311416286):2)
2020-10-29 17:16:32.907 1311-2903/com.google.android.gms W/Conscrypt:     at com.google.android.gms.org.conscrypt.ConscryptFileDescriptorSocket.setSoWriteTimeout(:com.google.android.gms@201817022@20.18.17 (040700-311416286):0)
2020-10-29 17:16:32.923 1576-2152/com.google.android.gms W/gle.android.gm: Long monitor contention with owner [com.google.android.gms.chimera.GmsIntentOperationService$ChimeraService-Executor] processing qgf for action com.google.android.chimera.IntentOperation.NEW_MODULE (3405) at void cui.run()(:com.google.android.gms@201817022@20.18.17 (040700-311416286):5) waiters=0 in void cui.run() for 440ms
2020-10-29 17:16:32.926 577-827/system_process D/PackageManager: Instant App installer not found with android.intent.action.INSTALL_INSTANT_APP_PACKAGE
2020-10-29 17:16:32.926 577-827/system_process D/PackageManager: Clear ephemeral installer activity
2020-10-29 17:16:32.927 1576-3405/com.google.android.gms I/anhw: Cancel all previously scheduled polling [CONTEXT service_id=51 ]
2020-10-29 17:16:32.929 1576-3405/com.google.android.gms I/anhw: Scheduling Phenotype for first execution 12960 seconds from now (1603980992929) [CONTEXT service_id=51 ]
2020-10-29 17:16:32.939 1576-2335/com.google.android.gms I/Icing: Indexing done com.google.android.gms-apps [CONTEXT service_id=21 ]
2020-10-29 17:16:32.980 3778-3824/com.google.android.apps.docs W/droid.apps.doc: Long monitor contention with owner RxCachedThreadScheduler-3 (3823) at java.lang.Object ovu.a(java.lang.String)(PG:1) waiters=0 in java.lang.Object ovu.a(java.lang.String) for 1.769s
2020-10-29 17:16:32.988 3778-3828/com.google.android.apps.docs W/droid.apps.doc: Long monitor contention with owner RxCachedThreadScheduler-3 (3823) at java.lang.Object snw.a()(PG:3) waiters=0 in java.lang.Object snw.a() for 1.834s
2020-10-29 17:16:32.989 3778-3822/com.google.android.apps.docs W/droid.apps.doc: Long monitor contention with owner RxCachedThreadScheduler-3 (3823) at java.lang.Object snw.a()(PG:3) waiters=1 in java.lang.Object snw.a() for 1.726s
2020-10-29 17:16:32.991 3778-3863/com.google.android.apps.docs W/droid.apps.doc: Long monitor contention with owner RxCachedThreadScheduler-3 (3823) at java.lang.Object snw.a()(PG:3) waiters=2 in java.lang.Object snw.a() for 1.593s
2020-10-29 17:16:32.992 3778-3778/com.google.android.apps.docs W/droid.apps.doc: Long monitor contention with owner RxCachedThreadScheduler-3 (3823) at java.lang.Object snw.a()(PG:3) waiters=3 in java.lang.Object snw.a() for 1.589s
2020-10-29 17:16:32.993 3778-3824/com.google.android.apps.docs W/FieldDefinition: [RxCachedThreadScheduler-4] Ignoring isIndexed constraint as field also has uniqueness constraint (on just this field, and therefore SQLite will have to create an index on that. For field: bok$a@9449aa7
2020-10-29 17:16:33.014 1311-2414/com.google.android.gms I/anhw: Scheduling Phenotype for a PhenotypeSyncImmediately(6, com.google.android.gms.phenotype) one off with window [1, 2] in seconds [CONTEXT service_id=51 ]
2020-10-29 17:16:33.052 577-3924/system_process I/CertBlacklister: Certificate blacklist changed, updating...
2020-10-29 17:16:33.060 2916-2916/com.google.android.ims I/CarrierServices: [2] ecn.onReceive: Received SERVICE_STATE intent, clearing cached cell info
2020-10-29 17:16:33.067 3778-3923/com.google.android.apps.docs W/DatabaseHelper: [Open database in background] Creating a new database at version 243 for /data/user/0/com.google.android.apps.docs/databases/DocList.db
2020-10-29 17:16:33.071 577-3924/system_process I/CertBlacklister: Certificate blacklist updated
2020-10-29 17:16:33.079 577-3926/system_process I/CertBlacklister: Certificate blacklist changed, updating...
2020-10-29 17:16:33.082 577-3926/system_process I/CertBlacklister: Certificate blacklist updated
2020-10-29 17:16:33.090 1213-1213/com.android.phone I/Telephony: isRttCurrentlySupported -- regular acct, hasVoiceAvailability: false
     isRttSupported: false
     isRoaming: false
     isOnWfc: false
2020-10-29 17:16:33.115 577-1121/system_process D/PackageManager: Instant App installer not found with android.intent.action.INSTALL_INSTANT_APP_PACKAGE
2020-10-29 17:16:33.116 577-1121/system_process D/PackageManager: Clear ephemeral installer activity
2020-10-29 17:16:33.122 577-1121/system_process D/PackageManager: Instant App installer not found with android.intent.action.INSTALL_INSTANT_APP_PACKAGE
2020-10-29 17:16:33.122 577-1121/system_process D/PackageManager: Clear ephemeral installer activity
2020-10-29 17:16:33.126 3734-3759/com.google.android.documentsui I/ProvidersCache: Provider returned no roots. Possibly naughty: com.google.android.apps.docs.storage
2020-10-29 17:16:33.130 1311-2906/com.google.android.gms W/Conscrypt: Could not set socket write timeout: java.net.SocketException: Socket closed
2020-10-29 17:16:33.130 1311-2906/com.google.android.gms W/Conscrypt:     at com.google.android.gms.org.conscrypt.Platform.setSocketWriteTimeout(:com.google.android.gms@201817022@20.18.17 (040700-311416286):2)
2020-10-29 17:16:33.131 1311-2906/com.google.android.gms W/Conscrypt:     at com.google.android.gms.org.conscrypt.ConscryptFileDescriptorSocket.setSoWriteTimeout(:com.google.android.gms@201817022@20.18.17 (040700-311416286):0)
2020-10-29 17:16:33.137 3013-3281/com.google.android.gms W/SystemServiceRegistry: No service published for: persistent_data_block
2020-10-29 17:16:33.153 1576-2335/com.google.android.gms I/Icing: Indexing com.google.android.gms-internal.3p:MobileApplication from com.google.android.gms [CONTEXT service_id=21 ]
2020-10-29 17:16:33.162 1576-2335/com.google.android.gms I/Icing: Indexing done com.google.android.gms-internal.3p:MobileApplication [CONTEXT service_id=21 ]
2020-10-29 17:16:33.166 1576-2335/com.google.android.gms I/Icing: Indexing com.google.android.gms-apps from com.google.android.gms [CONTEXT service_id=21 ]
2020-10-29 17:16:33.192 1576-2214/com.google.android.gms I/PeopleChimeraService: onService. callbacks = zup@156a9e4, request = com.google.android.gms.common.internal.GetServiceRequest@401fe4d
2020-10-29 17:16:33.253 1576-3405/com.google.android.gms I/Auth: [AuthManaged,AuthManagedModuleInitIntentOperation] enabling com.google.android.gms.auth.managed.ui.EmmActivity
2020-10-29 17:16:33.254 577-942/system_process D/PackageManager: Instant App installer not found with android.intent.action.INSTALL_INSTANT_APP_PACKAGE
2020-10-29 17:16:33.254 577-942/system_process D/PackageManager: Clear ephemeral installer activity
2020-10-29 17:16:33.255 1576-3405/com.google.android.gms I/Auth: [AuthManaged,AuthManagedModuleInitIntentOperation] enabling com.google.android.gms.auth.managed.ui.PhoneskyDpcInstallActivity
2020-10-29 17:16:33.256 577-2328/system_process D/PackageManager: Instant App installer not found with android.intent.action.INSTALL_INSTANT_APP_PACKAGE
2020-10-29 17:16:33.256 577-2328/system_process D/PackageManager: Clear ephemeral installer activity
2020-10-29 17:16:33.267 1311-2906/com.google.android.gms W/Conscrypt: Could not set socket write timeout: java.net.SocketException: Socket closed
2020-10-29 17:16:33.268 1311-2906/com.google.android.gms W/Conscrypt:     at com.google.android.gms.org.conscrypt.Platform.setSocketWriteTimeout(:com.google.android.gms@201817022@20.18.17 (040700-311416286):2)
2020-10-29 17:16:33.268 1311-2906/com.google.android.gms W/Conscrypt:     at com.google.android.gms.org.conscrypt.ConscryptFileDescriptorSocket.setSoWriteTimeout(:com.google.android.gms@201817022@20.18.17 (040700-311416286):0)
2020-10-29 17:16:33.278 1576-3405/com.google.android.gms I/Auth: [AuthManaged,AuthManagedModuleInitIntentOperation] disabling com.google.android.gms.auth.managed.ui.SettingsSecurityDeviceOwnerActivity
2020-10-29 17:16:33.278 1311-1326/com.google.android.gms I/.gms.persisten: Background concurrent copying GC freed 239924(10174KB) AllocSpace objects, 10(1028KB) LOS objects, 49% free, 7849KB/15MB, paused 715us total 190.638ms
2020-10-29 17:16:33.278 577-827/system_process D/PackageManager: Instant App installer not found with android.intent.action.INSTALL_INSTANT_APP_PACKAGE
2020-10-29 17:16:33.278 577-827/system_process D/PackageManager: Clear ephemeral installer activity
2020-10-29 17:16:33.279 3013-3281/com.google.android.gms D/EGL_emulation: eglCreateContext: 0xf5ce12c0: maj 2 min 0 rcv 2
2020-10-29 17:16:33.289 577-2328/system_process D/PackageManager: Instant App installer not found with android.intent.action.INSTALL_INSTANT_APP_PACKAGE
2020-10-29 17:16:33.289 577-2328/system_process D/PackageManager: Clear ephemeral installer activity
2020-10-29 17:16:33.290 1576-3405/com.google.android.gms I/Auth: [AuthManaged,PasswordComplexityHelperImpl] Updating password complexity components state.
2020-10-29 17:16:33.293 1576-3405/com.google.android.gms I/Auth: [AuthManaged,PasswordComplexityHelperImpl] Disabling com.google.android.gms.auth.managed.admin.DeviceAdminReceiver
2020-10-29 17:16:33.294 577-624/system_process D/PackageManager: Instant App installer not found with android.intent.action.INSTALL_INSTANT_APP_PACKAGE
2020-10-29 17:16:33.294 1465-1546/com.google.android.inputmethod.latin I/PeriodicStatsRunner: PeriodicStatsRunner.call():180 call()
2020-10-29 17:16:33.294 577-624/system_process D/PackageManager: Clear ephemeral installer activity
2020-10-29 17:16:33.295 1465-1546/com.google.android.inputmethod.latin I/PeriodicStatsRunner: PeriodicStatsRunner.call():184 No submit PeriodicStats since input started.
2020-10-29 17:16:33.295 1576-3405/com.google.android.gms I/Auth: [AuthManaged,PasswordComplexityHelperImpl] Disabling com.google.android.gms.auth.managed.ui.SetNewPasswordActivity
2020-10-29 17:16:33.296 577-942/system_process D/PackageManager: Instant App installer not found with android.intent.action.INSTALL_INSTANT_APP_PACKAGE
2020-10-29 17:16:33.296 577-942/system_process D/PackageManager: Clear ephemeral installer activity
2020-10-29 17:16:33.298 577-1121/system_process D/PackageManager: Instant App installer not found with android.intent.action.INSTALL_INSTANT_APP_PACKAGE
2020-10-29 17:16:33.298 577-1121/system_process D/PackageManager: Clear ephemeral installer activity
2020-10-29 17:16:33.300 577-1121/system_process D/PackageManager: Instant App installer not found with android.intent.action.INSTALL_INSTANT_APP_PACKAGE
2020-10-29 17:16:33.300 577-1121/system_process D/PackageManager: Clear ephemeral installer activity
2020-10-29 17:16:33.302 577-2328/system_process D/PackageManager: Instant App installer not found with android.intent.action.INSTALL_INSTANT_APP_PACKAGE
2020-10-29 17:16:33.302 577-2328/system_process D/PackageManager: Clear ephemeral installer activity
2020-10-29 17:16:33.308 3013-3281/com.google.android.gms D/EGL_emulation: eglCreateContext: 0xf5ce1560: maj 2 min 0 rcv 2
2020-10-29 17:16:33.309 1576-2335/com.google.android.gms I/Icing: Indexing done com.google.android.gms-apps [CONTEXT service_id=21 ]
2020-10-29 17:16:33.326 1576-2957/com.google.android.gms I/GCM-GMS: Got GMS registration
2020-10-29 17:16:33.345 1576-3375/com.google.android.gms I/SmsRetrieverModuleInitI: enable sms code autofill feature components
2020-10-29 17:16:33.345 577-1882/system_process D/PackageManager: Instant App installer not found with android.intent.action.INSTALL_INSTANT_APP_PACKAGE
2020-10-29 17:16:33.345 577-1882/system_process D/PackageManager: Clear ephemeral installer activity
2020-10-29 17:16:33.346 577-624/system_process D/PackageManager: Instant App installer not found with android.intent.action.INSTALL_INSTANT_APP_PACKAGE
2020-10-29 17:16:33.346 577-624/system_process D/PackageManager: Clear ephemeral installer activity
2020-10-29 17:16:33.350 577-947/system_process D/PackageManager: Instant App installer not found with android.intent.action.INSTALL_INSTANT_APP_PACKAGE
2020-10-29 17:16:33.350 577-947/system_process D/PackageManager: Clear ephemeral installer activity
2020-10-29 17:16:33.359 577-624/system_process D/PackageManager: Instant App installer not found with android.intent.action.INSTALL_INSTANT_APP_PACKAGE
2020-10-29 17:16:33.359 577-624/system_process D/PackageManager: Clear ephemeral installer activity
2020-10-29 17:16:33.364 577-947/system_process D/CompatibilityChangeReporter: Compat change id reported: 135634846; UID 10126; state: DISABLED
2020-10-29 17:16:33.364 577-638/system_process D/CompatibilityChangeReporter: Compat change id reported: 143937733; UID 10126; state: DISABLED
2020-10-29 17:16:33.365 577-947/system_process I/ActivityManager: Killing 1629:com.google.android.deskclock/u0a111 (adj 985): empty #17
2020-10-29 17:16:33.377 319-319/? D/Zygote: Forked child process 3952
2020-10-29 17:16:33.377 319-319/? I/Zygote: Process 1629 exited due to signal 9 (Killed)
2020-10-29 17:16:33.383 577-638/system_process I/ActivityManager: Start proc 3952:com.android.camera2/u0a126 for broadcast {com.android.camera2/com.android.camera.SetActivitiesCameraReceiver}
2020-10-29 17:16:33.384 1576-2957/com.google.android.gms I/Icing: Indexing com.google.android.gms-apps from com.google.android.gms [CONTEXT service_id=21 ]
2020-10-29 17:16:33.386 1576-2957/com.google.android.gms I/Icing: Indexing done com.google.android.gms-apps [CONTEXT service_id=21 ]
2020-10-29 17:16:33.388 3952-3952/? W/android.camera: Unexpected CPU variant for X86 using defaults: x86
2020-10-29 17:16:33.402 415-440/? I/adbd: jdwp connection from 3952
2020-10-29 17:16:33.415 577-639/system_process I/libprocessgroup: Successfully killed process cgroup uid 10111 pid 1629 in 46ms
2020-10-29 17:16:33.443 1576-2957/com.google.android.gms I/Icing: Indexing com.google.android.gms-apps from com.google.android.gms [CONTEXT service_id=21 ]
2020-10-29 17:16:33.447 3952-3952/com.android.camera2 D/ApplicationLoaders: Returning zygote-cached class loader: /system/framework/android.test.base.jar
2020-10-29 17:16:33.448 1576-2957/com.google.android.gms I/Icing: Indexing done com.google.android.gms-apps [CONTEXT service_id=21 ]
2020-10-29 17:16:33.449 3952-3952/com.android.camera2 I/android.camera: The ClassLoaderContext is a special shared library.
2020-10-29 17:16:33.455 1576-2957/com.google.android.gms I/Icing: Indexing com.google.android.gms-apps from com.google.android.gms [CONTEXT service_id=21 ]
2020-10-29 17:16:33.457 3952-3952/com.android.camera2 I/android.camera: The ClassLoaderContext is a special shared library.
2020-10-29 17:16:33.458 3952-3952/com.android.camera2 D/nativeloader: classloader namespace configured for unbundled product apk. library_path=/product/app/Camera2/lib/x86:/product/app/Camera2/Camera2.apk!/lib/x86:/product/lib:/system/product/lib
2020-10-29 17:16:33.460 1576-2957/com.google.android.gms I/Icing: Indexing done com.google.android.gms-apps [CONTEXT service_id=21 ]
2020-10-29 17:16:33.474 3952-3952/com.android.camera2 D/NetworkSecurityConfig: No Network Security Config specified, using platform default
2020-10-29 17:16:33.475 3952-3952/com.android.camera2 D/NetworkSecurityConfig: No Network Security Config specified, using platform default
2020-10-29 17:16:33.478 1576-2957/com.google.android.gms I/Icing: Indexing com.google.android.gms-apps from com.google.android.gms [CONTEXT service_id=21 ]
2020-10-29 17:16:33.487 1576-2957/com.google.android.gms I/Icing: Indexing done com.google.android.gms-apps [CONTEXT service_id=21 ]
2020-10-29 17:16:33.491 3952-3952/com.android.camera2 W/CAM_Log: Tag SetActivitiesCameraReceiver is 8 chars longer than limit.
2020-10-29 17:16:33.492 442-684/? W/ServiceManager: Permission failure: android.permission.SYSTEM_CAMERA from uid=10126 pid=3952
2020-10-29 17:16:33.492 3952-3952/com.android.camera2 I/CAM_SetActivitiesCamera: number of camera: 2
2020-10-29 17:16:33.492 3952-3952/com.android.camera2 I/CAM_SetActivitiesCamera: component state is 1
2020-10-29 17:16:33.493 577-2987/system_process D/PackageManager: Instant App installer not found with android.intent.action.INSTALL_INSTANT_APP_PACKAGE
2020-10-29 17:16:33.493 577-2987/system_process D/PackageManager: Clear ephemeral installer activity
2020-10-29 17:16:33.500 577-1351/system_process D/PackageManager: Instant App installer not found with android.intent.action.INSTALL_INSTANT_APP_PACKAGE
2020-10-29 17:16:33.500 577-1351/system_process D/PackageManager: Clear ephemeral installer activity
2020-10-29 17:16:33.504 577-2987/system_process D/CompatibilityChangeReporter: Compat change id reported: 135634846; UID 10106; state: DISABLED
2020-10-29 17:16:33.505 577-638/system_process D/CompatibilityChangeReporter: Compat change id reported: 143937733; UID 10106; state: DISABLED
2020-10-29 17:16:33.505 577-2987/system_process I/ActivityManager: Killing 1854:com.android.keychain/1000 (adj 985): empty #17
2020-10-29 17:16:33.505 1576-3406/com.google.android.gms I/constellation: [event_manager] Starting session. sessionId: 51a4ecfa-1a7c-4697-acce-0f214b46adbb from trigger: 1
2020-10-29 17:16:33.515 319-319/? D/Zygote: Forked child process 3985
2020-10-29 17:16:33.518 319-319/? I/Zygote: Process 1854 exited due to signal 9 (Killed)
2020-10-29 17:16:33.520 1576-2957/com.google.android.gms I/Icing: Indexing com.google.android.gms-apps from com.google.android.gms [CONTEXT service_id=21 ]
2020-10-29 17:16:33.525 3985-3985/? W/ndroid.contact: Unexpected CPU variant for X86 using defaults: x86
2020-10-29 17:16:33.534 577-638/system_process I/ActivityManager: Start proc 3985:com.android.contacts/u0a106 for broadcast {com.android.contacts/com.android.contacts.interactions.OnBootOrUpgradeReceiver}
2020-10-29 17:16:33.537 415-440/? I/adbd: jdwp connection from 3985
2020-10-29 17:16:33.538 1576-2957/com.google.android.gms I/Icing: Indexing done com.google.android.gms-apps [CONTEXT service_id=21 ]
2020-10-29 17:16:33.550 577-639/system_process I/libprocessgroup: Successfully killed process cgroup uid 1000 pid 1854 in 43ms
2020-10-29 17:16:33.554 3985-3985/? D/ApplicationLoaders: Returning zygote-cached class loader: /system/framework/android.test.base.jar
2020-10-29 17:16:33.561 577-946/system_process D/PackageManager: Instant App installer not found with android.intent.action.INSTALL_INSTANT_APP_PACKAGE
2020-10-29 17:16:33.561 577-946/system_process D/PackageManager: Clear ephemeral installer activity
2020-10-29 17:16:33.563 577-1906/system_process D/PackageManager: Instant App installer not found with android.intent.action.INSTALL_INSTANT_APP_PACKAGE
2020-10-29 17:16:33.564 577-1906/system_process D/PackageManager: Clear ephemeral installer activity
2020-10-29 17:16:33.564 577-1906/system_process D/PackageManager: Instant App installer not found with android.intent.action.INSTALL_INSTANT_APP_PACKAGE
2020-10-29 17:16:33.564 577-1906/system_process D/PackageManager: Clear ephemeral installer activity
2020-10-29 17:16:33.564 3985-3985/com.android.contacts I/ndroid.contact: The ClassLoaderContext is a special shared library.
2020-10-29 17:16:33.565 577-1906/system_process D/PackageManager: Instant App installer not found with android.intent.action.INSTALL_INSTANT_APP_PACKAGE
2020-10-29 17:16:33.565 577-1906/system_process D/PackageManager: Clear ephemeral installer activity
2020-10-29 17:16:33.565 3985-3985/com.android.contacts D/nativeloader: classloader namespace configured for unbundled product apk. library_path=/product/priv-app/Contacts/lib/x86:/product/lib:/system/product/lib
2020-10-29 17:16:33.566 577-946/system_process D/PackageManager: Instant App installer not found with android.intent.action.INSTALL_INSTANT_APP_PACKAGE
2020-10-29 17:16:33.566 577-946/system_process D/PackageManager: Clear ephemeral installer activity
2020-10-29 17:16:33.570 577-1906/system_process D/PackageManager: Instant App installer not found with android.intent.action.INSTALL_INSTANT_APP_PACKAGE
2020-10-29 17:16:33.570 577-1906/system_process D/PackageManager: Clear ephemeral installer activity
2020-10-29 17:16:33.574 1576-3375/com.google.android.gms I/ChromeSync: [Sync,SyncIntentOperation] Handling the intent: Intent { act=com.google.android.chimera.IntentOperation.NEW_MODULE (has extras) }.
2020-10-29 17:16:33.586 3985-3985/com.android.contacts D/NetworkSecurityConfig: No Network Security Config specified, using platform default
2020-10-29 17:16:33.608 577-1906/system_process I/ActivityManager: Killing 2513:com.android.localtransport/1000 (adj 985): empty #17
2020-10-29 17:16:33.587 3985-3985/com.android.contacts D/NetworkSecurityConfig: No Network Security Config specified, using platform default
2020-10-29 17:16:33.608 1576-2957/com.google.android.gms I/Icing: Indexing com.google.android.gms-apps from com.google.android.gms [CONTEXT service_id=21 ]
2020-10-29 17:16:33.610 2556-2556/com.android.dialer I/Dialer: VvmOmtpService - onBoot
2020-10-29 17:16:33.611 1576-2957/com.google.android.gms I/Icing: Indexing done com.google.android.gms-apps [CONTEXT service_id=21 ]
2020-10-29 17:16:33.613 577-1906/system_process D/PackageManager: Instant App installer not found with android.intent.action.INSTALL_INSTANT_APP_PACKAGE
2020-10-29 17:16:33.613 577-1906/system_process D/PackageManager: Clear ephemeral installer activity
2020-10-29 17:16:33.614 319-319/? I/Zygote: Process 2513 exited due to signal 9 (Killed)
2020-10-29 17:16:33.615 577-624/system_process D/PackageManager: Instant App installer not found with android.intent.action.INSTALL_INSTANT_APP_PACKAGE
2020-10-29 17:16:33.615 577-624/system_process D/PackageManager: Clear ephemeral installer activity
2020-10-29 17:16:33.616 577-624/system_process D/PackageManager: Instant App installer not found with android.intent.action.INSTALL_INSTANT_APP_PACKAGE
2020-10-29 17:16:33.616 577-624/system_process D/PackageManager: Clear ephemeral installer activity
2020-10-29 17:16:33.618 577-624/system_process D/PackageManager: Instant App installer not found with android.intent.action.INSTALL_INSTANT_APP_PACKAGE
2020-10-29 17:16:33.618 577-624/system_process D/PackageManager: Clear ephemeral installer activity
2020-10-29 17:16:33.619 1576-3375/com.google.android.gms I/AutofillModuleInitInten: AutofillModuleInitIntentOperation onInitRuntimeState(12) [CONTEXT service_id=177 ]
2020-10-29 17:16:33.619 577-624/system_process D/CompatibilityChangeReporter: Compat change id reported: 135634846; UID 1000; state: DISABLED
2020-10-29 17:16:33.620 577-1906/system_process D/PackageManager: Instant App installer not found with android.intent.action.INSTALL_INSTANT_APP_PACKAGE
2020-10-29 17:16:33.620 577-1906/system_process D/PackageManager: Clear ephemeral installer activity
2020-10-29 17:16:33.620 577-1906/system_process D/PackageManager: Instant App installer not found with android.intent.action.INSTALL_INSTANT_APP_PACKAGE
2020-10-29 17:16:33.621 577-1906/system_process D/PackageManager: Clear ephemeral installer activity
2020-10-29 17:16:33.621 577-624/system_process D/PackageManager: Instant App installer not found with android.intent.action.INSTALL_INSTANT_APP_PACKAGE
2020-10-29 17:16:33.621 577-624/system_process D/PackageManager: Clear ephemeral installer activity
2020-10-29 17:16:33.622 577-624/system_process D/PackageManager: Instant App installer not found with android.intent.action.INSTALL_INSTANT_APP_PACKAGE
2020-10-29 17:16:33.622 577-624/system_process D/PackageManager: Clear ephemeral installer activity
2020-10-29 17:16:33.622 577-624/system_process D/PackageManager: Instant App installer not found with android.intent.action.INSTALL_INSTANT_APP_PACKAGE
2020-10-29 17:16:33.622 577-624/system_process D/PackageManager: Clear ephemeral installer activity
2020-10-29 17:16:33.631 319-319/? D/Zygote: Forked child process 4016
2020-10-29 17:16:33.643 4016-4016/? W/droid.dynsyste: Unexpected CPU variant for X86 using defaults: x86
2020-10-29 17:16:33.647 577-638/system_process I/ActivityManager: Start proc 4016:com.android.dynsystem/1000 for broadcast {com.android.dynsystem/com.android.dynsystem.BootCompletedReceiver}
2020-10-29 17:16:33.653 415-440/? I/adbd: jdwp connection from 4016
2020-10-29 17:16:33.654 577-639/system_process I/libprocessgroup: Successfully killed process cgroup uid 1000 pid 2513 in 45ms
2020-10-29 17:16:33.675 1576-2957/com.google.android.gms I/Icing: Indexing com.google.android.gms-apps from com.google.android.gms [CONTEXT service_id=21 ]
2020-10-29 17:16:33.678 1576-2957/com.google.android.gms I/Icing: Indexing done com.google.android.gms-apps [CONTEXT service_id=21 ]
2020-10-29 17:16:33.681 577-1906/system_process D/PackageManager: Instant App installer not found with android.intent.action.INSTALL_INSTANT_APP_PACKAGE
2020-10-29 17:16:33.681 577-1906/system_process D/PackageManager: Clear ephemeral installer activity
2020-10-29 17:16:33.688 4016-4016/com.android.dynsystem I/droid.dynsyste: The ClassLoaderContext is a special shared library.
2020-10-29 17:16:33.699 4016-4016/com.android.dynsystem D/NetworkSecurityConfig: No Network Security Config specified, using platform default
2020-10-29 17:16:33.699 4016-4016/com.android.dynsystem D/NetworkSecurityConfig: No Network Security Config specified, using platform default
2020-10-29 17:16:33.710 1576-2957/com.google.android.gms I/Icing: Indexing com.google.android.gms-apps from com.google.android.gms [CONTEXT service_id=21 ]
2020-10-29 17:16:33.713 577-946/system_process I/ActivityManager: Killing 2483:com.android.carrierconfig/u0a134 (adj 985): empty #17
2020-10-29 17:16:33.718 1576-2957/com.google.android.gms I/Icing: Indexing done com.google.android.gms-apps [CONTEXT service_id=21 ]
2020-10-29 17:16:33.720 1988-1988/com.android.providers.media D/NetworkSecurityConfig: No Network Security Config specified, using platform default
2020-10-29 17:16:33.724 319-319/? I/Zygote: Process 2483 exited due to signal 9 (Killed)
2020-10-29 17:16:33.735 1576-2957/com.google.android.gms I/Icing: Indexing com.google.android.gms-apps from com.google.android.gms [CONTEXT service_id=21 ]
2020-10-29 17:16:33.735 577-1906/system_process D/CompatibilityChangeReporter: Compat change id reported: 135634846; UID 1027; state: DISABLED
2020-10-29 17:16:33.744 319-319/? D/Zygote: Forked child process 4050
2020-10-29 17:16:33.746 577-629/system_process D/AutofillUI: destroySaveUiUiThread(): already destroyed
2020-10-29 17:16:33.748 1465-1486/com.google.android.inputmethod.latin D/CompatibilityChangeReporter: Compat change id reported: 150939131; UID 10119; state: DISABLED
2020-10-29 17:16:33.748 3643-4008/com.google.android.gms D/CompatibilityChangeReporter: Compat change id reported: 150939131; UID 10108; state: ENABLED
2020-10-29 17:16:33.748 3778-4011/com.google.android.apps.docs D/CompatibilityChangeReporter: Compat change id reported: 150939131; UID 10132; state: DISABLED
2020-10-29 17:16:33.748 2063-2093/com.google.android.youtube D/CompatibilityChangeReporter: Compat change id reported: 150939131; UID 10120; state: DISABLED
2020-10-29 17:16:33.749 2916-3047/com.google.android.ims D/CompatibilityChangeReporter: Compat change id reported: 150939131; UID 10104; state: DISABLED
2020-10-29 17:16:33.749 1465-1485/com.google.android.inputmethod.latin D/CompatibilityChangeReporter: Compat change id reported: 150939131; UID 10119; state: DISABLED
2020-10-29 17:16:33.750 2629-2659/com.google.android.syncadapters.contacts D/CompatibilityChangeReporter: Compat change id reported: 150939131; UID 10129; state: DISABLED
2020-10-29 17:16:33.749 4050-4050/? W/com.android.nf: Unexpected CPU variant for X86 using defaults: x86
2020-10-29 17:16:33.750 2413-2432/com.google.android.partnersetup D/CompatibilityChangeReporter: Compat change id reported: 150939131; UID 10097; state: ENABLED
2020-10-29 17:16:33.751 3850-3874/com.google.android.calendar D/CompatibilityChangeReporter: Compat change id reported: 150939131; UID 10125; state: DISABLED
2020-10-29 17:16:33.751 2592-3691/com.google.android.googlequicksearchbox D/CompatibilityChangeReporter: Compat change id reported: 150939131; UID 10107; state: DISABLED
2020-10-29 17:16:33.751 1514-1832/com.google.android.apps.wellbeing D/CompatibilityChangeReporter: Compat change id reported: 150939131; UID 10103; state: DISABLED
2020-10-29 17:16:33.751 3519-3807/com.google.android.apps.photos D/CompatibilityChangeReporter: Compat change id reported: 150939131; UID 10133; state: ENABLED
2020-10-29 17:16:33.752 2028-2649/com.google.android.apps.youtube.music D/CompatibilityChangeReporter: Compat change id reported: 150939131; UID 10130; state: DISABLED
2020-10-29 17:16:33.753 3013-3281/com.google.android.gms D/CompatibilityChangeReporter: Compat change id reported: 150939131; UID 10108; state: ENABLED
2020-10-29 17:16:33.755 577-636/system_process D/AutofillManagerServiceImpl: Set component for user 0 as ComponentInfo{com.google.android.gms/com.google.android.gms.autofill.service.AutofillService} and info as ServiceInfo{aa0bf95 com.google.android.gms.autofill.service.AutofillService}
2020-10-29 17:16:33.755 577-636/system_process E/RemoteAugmentedAutofillService: Bad service name for flags 1048704: com.google.android.as/com.google.android.apps.miphone.aiai.app.AiAiAugmentedAutofillService
2020-10-29 17:16:33.756 577-636/system_process D/AutofillManagerServiceImpl: Set component for user 0 as ComponentInfo{com.google.android.gms/com.google.android.gms.autofill.service.AutofillService} and info as ServiceInfo{d9ac011 com.google.android.gms.autofill.service.AutofillService}
2020-10-29 17:16:33.756 577-636/system_process E/RemoteAugmentedAutofillService: Bad service name for flags 1048704: com.google.android.as/com.google.android.apps.miphone.aiai.app.AiAiAugmentedAutofillService
2020-10-29 17:16:33.756 577-629/system_process D/AutofillUI: destroySaveUiUiThread(): already destroyed
2020-10-29 17:16:33.759 1692-2886/com.google.android.gsf I/GservicesProvider: main update completed
2020-10-29 17:16:33.761 577-638/system_process I/ActivityManager: Start proc 4050:com.android.nfc/1027 for broadcast {com.android.nfc/com.android.nfc.NfcBootCompletedReceiver}
2020-10-29 17:16:33.761 1576-1595/com.google.android.gms D/CompatibilityChangeReporter: Compat change id reported: 150939131; UID 10108; state: ENABLED
2020-10-29 17:16:33.761 1576-1586/com.google.android.gms I/gle.android.gm: Background young concurrent copying GC freed 57388(3480KB) AllocSpace objects, 24(3236KB) LOS objects, 0% free, 19MB/19MB, paused 2.138ms total 136.909ms
2020-10-29 17:16:33.763 577-639/system_process I/libprocessgroup: Successfully killed process cgroup uid 10134 pid 2483 in 45ms
2020-10-29 17:16:33.766 1576-2957/com.google.android.gms I/Icing: Indexing done com.google.android.gms-apps [CONTEXT service_id=21 ]
2020-10-29 17:16:33.766 415-440/? I/adbd: jdwp connection from 4050
2020-10-29 17:16:33.776 3643-3665/com.google.android.gms I/.android.gms.u: Waiting for a blocking GC ProfileSaver
2020-10-29 17:16:33.782 3643-3665/com.google.android.gms I/.android.gms.u: WaitForGcToComplete blocked ProfileSaver on ClassLinker for 6.724ms
2020-10-29 17:16:33.812 4050-4050/com.android.nfc I/com.android.nf: The ClassLoaderContext is a special shared library.
2020-10-29 17:16:33.821 2916-3343/com.google.android.ims W/CarrierServices: [274] dvk.a: No config URL. RCS will be disabled!
2020-10-29 17:16:33.833 2916-2916/com.google.android.ims E/CarrierServices: [2] ecr.a: Invalid signature found for com.android.contacts: E39B7BFBE0A67D78292F6CC62E06CA27A2EBF255
2020-10-29 17:16:33.844 4050-4050/com.android.nfc D/NetworkSecurityConfig: No Network Security Config specified, using platform default
2020-10-29 17:16:33.856 577-2987/system_process D/PackageManager: Instant App installer not found with android.intent.action.INSTALL_INSTANT_APP_PACKAGE
2020-10-29 17:16:33.856 577-2987/system_process D/PackageManager: Clear ephemeral installer activity
2020-10-29 17:16:33.859 577-2987/system_process I/ActivityManager: Killing 2063:com.google.android.youtube/u0a120 (adj 985): empty #17
2020-10-29 17:16:33.844 4050-4050/? D/NetworkSecurityConfig: No Network Security Config specified, using platform default
2020-10-29 17:16:33.859 1213-1213/com.android.phone I/VvmSimStateTracker: android.intent.action.BOOT_COMPLETED
2020-10-29 17:16:33.873 2916-2916/com.google.android.ims E/CarrierServices: [2] ecr.a: Invalid signature found for com.android.contacts: E39B7BFBE0A67D78292F6CC62E06CA27A2EBF255
2020-10-29 17:16:33.884 3126-4078/com.google.android.apps.messaging W/BugleRcsEngine: [331] wxm.a: No config URL. RCS will be disabled!
2020-10-29 17:16:33.885 2916-2997/com.google.android.ims D/CarrierServices: log_saver already enabled
2020-10-29 17:16:33.892 577-1386/system_process D/ConnectivityService: ConnectivityService NetworkRequestInfo binderDied(NetworkRequest [ LISTEN id=22, [ Capabilities: INTERNET&NOT_RESTRICTED&TRUSTED&FOREGROUND Uid: 10120 AdministratorUids: [] RequestorUid: 10120 RequestorPackageName: com.google.android.youtube] ], android.os.BinderProxy@4359af1)
2020-10-29 17:16:33.892 577-827/system_process D/ConnectivityService: ConnectivityService NetworkRequestInfo binderDied(NetworkRequest [ TRACK_DEFAULT id=21, [ Capabilities: INTERNET&NOT_RESTRICTED&TRUSTED Uid: 10120 AdministratorUids: [] RequestorUid: 10120 RequestorPackageName: com.google.android.youtube] ], android.os.BinderProxy@76e96d6)
2020-10-29 17:16:33.893 577-790/system_process D/ConnectivityService: releasing NetworkRequest [ TRACK_DEFAULT id=21, [ Capabilities: INTERNET&NOT_RESTRICTED&TRUSTED Uid: 10120 AdministratorUids: [] RequestorUid: 10120 RequestorPackageName: com.google.android.youtube] ] (release request)
2020-10-29 17:16:33.894 319-319/? I/Zygote: Process 2063 exited due to signal 9 (Killed)
2020-10-29 17:16:33.907 577-639/system_process I/libprocessgroup: Successfully killed process cgroup uid 10120 pid 2063 in 47ms
2020-10-29 17:16:33.907 577-655/system_process I/ActivityManager: Killing 4050:com.android.nfc/1027 (adj 905): change com.android.nfc
2020-10-29 17:16:33.908 1213-1213/com.android.phone D/Telephony: isEmergencyPreferredAccount: subId=1, activeData=1
2020-10-29 17:16:33.908 1213-1213/com.android.phone D/Telephony: isEmergencyPreferredAccount: Device does not require preference.
2020-10-29 17:16:33.919 577-628/system_process I/RoleManagerService: Granting default roles...
2020-10-29 17:16:33.922 319-319/? I/Zygote: Process 4050 exited due to signal 9 (Killed)
2020-10-29 17:16:33.942 838-838/com.android.bluetooth D/AvrcpMediaPlayerList: Name of package changed: com.android.nfc
2020-10-29 17:16:33.958 577-639/system_process I/libprocessgroup: Successfully killed process cgroup uid 1027 pid 4050 in 43ms
2020-10-29 17:16:33.979 577-696/system_process I/InputReader: Reconfiguring input devices, changes=KEYBOARD_LAYOUTS | 
2020-10-29 17:16:33.981 577-577/system_process D/WifiService: Remove settings for package:com.android.nfc
2020-10-29 17:16:33.982 872-904/com.google.android.permissioncontroller I/PermissionControllerServiceImpl: Updating user sensitive for uid 1027
2020-10-29 17:16:33.982 577-784/system_process D/WifiConfigManager: Remove all networks for app ApplicationInfo{b6f467f com.android.nfc}
2020-10-29 17:16:33.985 2916-2916/com.google.android.ims I/CarrierServices: [2] ekb.d: Carrier Services GServices flags:
       carrier_services_security_flags_ec_api_white_listed_packages: com.google.android.apps.messaging,com.google.android.dialer,com.google.android.ims.client.sampleapp,com.android.contacts,com.lge.rcscall,com.android.incallui,com.huawei.incallui.appfeature.rcsfeature
       carrier_services_security_flags_ec_api_white_listed_signatures: B28C3EDB665DF32686224DF800F603E9959BBE4E,0980A12BE993528C19107BC21AD811478C63CEFC,B38FA7B5ECFAEC44620A020752B07E063B3120A8,203997BC46B8792DC9747ABD230569071F9A0439,EDA6413C3E3A95492114FE07CD953AD897E40D1A,760EBB9F4200B3DFB1B817B40FF0563A3C150D39,5B368CFF2DA2686996BC95EAC190EAA4F5630FE5,01D845B26B688D8EF647205A5944E9407E52E06E,27196E386B875E76ADF700E7EA84E4C6EEE33DFA,1CDD04F1E4A732BB0352FDFAEE26D2315526DF85,025D5212BF3B5F5CDA6117A518721D70A94D84E0
       carrier_services_security_flags_test_service_white_listed_packages: com.google.android.ims.mobly.snippets
       carrier_services_security_flags_test_service_white_listed_signatures: AE41481F52E0F58DF2806D5A38EB3DBCA5AE02B0,E165542B31953CC282AA4EF2F4D5F07F7663A2A2
       carrier_services_security_flags_white_listed_packages: com.google.android.apps.messaging,com.google.android.dialer,com.google.android.ims.client.sampleapp,com.android.contacts,com.lge.rcscall,com.android.incallui,com.huawei.incallui.appfeature.rcsfeature
       carrier_services_security_flags_white_listed_signatures: B28C3EDB665DF32686224DF800F603E9959BBE4E,0980A12BE993528C19107BC21AD811478C63CEFC,B38FA7B5ECFAEC44620A020752B07E063B3120A8,203997BC46B8792DC9747ABD230569071F9A0439,EDA6413C3E3A95492114FE07CD953AD897E40D1A,760EBB9F4200B3DFB1B817B40FF0563A3C150D39,5B368CFF2DA2686996BC95EAC190EAA4F5630FE5,01D845B26B688D8EF647205A5944E9407E52E06E,27196E386B875E76ADF700E7EA84E4C6EEE33DFA,1CDD04F1E4A732BB0352FDFAEE26D2315526DF85,025D5212BF3B5F5CDA6117A518721D70A94D84E0
       carrier_services_video_share_disabled_user_agent_substrings: SM-G930,SM-G935,SM-A320
    ====================
2020-10-29 17:16:33.985 2916-2916/com.google.android.ims D/PrimesShutdown: BroadcastReceiver: action = com.google.gservices.intent.action.GSERVICES_CHANGED
2020-10-29 17:16:34.017 577-784/system_process D/WifiConfigStore: Writing to stores completed in 12 ms.
2020-10-29 17:16:34.018 577-587/system_process I/system_server: Background young concurrent copying GC freed 331255(11MB) AllocSpace objects, 39(1868KB) LOS objects, 36% free, 18MB/29MB, paused 1.252ms total 129.513ms
2020-10-29 17:16:34.023 2916-3361/com.google.android.ims I/CarrierServices: [278] ehg.a: KEY_CONFIG_IMS_PACKAGE_OVERRIDE_STRING: com.google.android.ims
2020-10-29 17:16:34.025 577-784/system_process I/PasspointManager: No app ops listener found for com.android.nfc
2020-10-29 17:16:34.044 3126-3389/com.google.android.apps.messaging I/BugleJobs: GenericWorkerQueueAction: Work found
2020-10-29 17:16:34.047 577-577/system_process I/Telecom: DefaultDialerCache: Refreshing default dialer for user 0: now com.android.dialer: DDC.oR@AHk
2020-10-29 17:16:34.050 1576-2957/com.google.android.gms I/Icing: Indexing com.google.android.gms-apps from com.google.android.gms [CONTEXT service_id=21 ]
2020-10-29 17:16:34.053 1213-1213/com.android.phone D/CarrierSvcBindHelper: No carrier app for: 0
2020-10-29 17:16:34.066 577-631/system_process D/ColorDisplayService: GlobalSaturationTintController Animation cancelled: false to matrix: 
           1.000000 0.000000 0.000000 0.000000 0.000000 1.000000 0.000000 0.000000 0.000000 0.000000 1.000000 0.000000 0.000000 0.000000 0.000000 1.000000 min matrix coefficients: 
           1.000000 0.000000 0.000000 0.000000 0.000000 1.000000 0.000000 0.000000 0.000000 0.000000 1.000000 0.000000 0.000000 0.000000 0.000000 1.000000 max matrix coefficients: 
           1.000000 0.000000 0.000000 0.000000 0.000000 1.000000 0.000000 0.000000 0.000000 0.000000 1.000000 0.000000 0.000000 0.000000 0.000000 1.000000
2020-10-29 17:16:34.067 3734-3759/com.google.android.documentsui I/ProvidersCache: Provider returned no roots. Possibly naughty: com.google.android.apps.docs.storage
2020-10-29 17:16:34.097 1576-3375/com.google.android.gms I/Fido: [FidoInitIntentOperation] Initializing Fido module, InitRuntimeState=12
2020-10-29 17:16:34.098 577-1887/system_process D/PackageManager: Instant App installer not found with android.intent.action.INSTALL_INSTANT_APP_PACKAGE
2020-10-29 17:16:34.098 577-1887/system_process D/PackageManager: Clear ephemeral installer activity
2020-10-29 17:16:34.100 577-1887/system_process D/PackageManager: Instant App installer not found with android.intent.action.INSTALL_INSTANT_APP_PACKAGE
2020-10-29 17:16:34.100 577-1887/system_process D/PackageManager: Clear ephemeral installer activity
2020-10-29 17:16:34.100 3126-3864/com.google.android.apps.messaging D/BugleRcsEngine: log_saver already enabled
2020-10-29 17:16:34.102 577-1906/system_process D/PackageManager: Instant App installer not found with android.intent.action.INSTALL_INSTANT_APP_PACKAGE
2020-10-29 17:16:34.102 577-1906/system_process D/PackageManager: Clear ephemeral installer activity
2020-10-29 17:16:34.107 1311-3394/com.google.android.gms I/Fitness: FitCleanupIntentOperation received Intent android.intent.action.PACKAGE_CHANGED [CONTEXT service_id=17 ]
2020-10-29 17:16:34.112 1311-2146/com.google.android.gms I/Fitness: OnPackageChangedOperation got intent: Intent { act=android.intent.action.PACKAGE_CHANGED dat=package:com.android.nfc flg=0x5000010 cmp=com.google.android.gms/.chimera.PersistentIntentOperationService (has extras) } [CONTEXT service_id=17 ]
2020-10-29 17:16:34.121 1576-2957/com.google.android.gms I/Icing: Indexing done com.google.android.gms-apps [CONTEXT service_id=21 ]
2020-10-29 17:16:34.127 577-4081/system_process D/CompatibilityChangeReporter: Compat change id reported: 135634846; UID 2000; state: DISABLED
2020-10-29 17:16:34.141 1576-2957/com.google.android.gms I/Icing: doRemovePackageData com.android.nfc [CONTEXT service_id=21 ]
2020-10-29 17:16:34.146 1576-2957/com.google.android.gms I/Icing: Indexing com.google.android.gms-apps from com.google.android.gms [CONTEXT service_id=21 ]
2020-10-29 17:16:34.162 319-319/? D/Zygote: Forked child process 4094
2020-10-29 17:16:34.166 1576-2957/com.google.android.gms I/Icing: Indexing done com.google.android.gms-apps [CONTEXT service_id=21 ]
2020-10-29 17:16:34.169 1082-1119/com.google.android.apps.nexuslauncher D/ModelWriter: removing items from db 
    java.lang.Exception
        at com.android.launcher3.model.ModelWriter.deleteItemsFromDatabase(SourceFile:4)
        at com.android.launcher3.model.BaseModelUpdateTask.deleteAndBindComponentsRemoved(SourceFile:2)
        at com.android.launcher3.model.PackageUpdatedTask.execute(SourceFile:158)
        at com.android.launcher3.model.BaseModelUpdateTask.run(SourceFile:2)
        at android.os.Handler.handleCallback(Handler.java:938)
        at android.os.Handler.dispatchMessage(Handler.java:99)
        at android.os.Looper.loop(Looper.java:223)
        at android.os.HandlerThread.run(HandlerThread.java:67)
2020-10-29 17:16:34.170 4094-4094/? W/m.android.shel: Unexpected CPU variant for X86 using defaults: x86
2020-10-29 17:16:34.171 1576-2985/com.google.android.gms I/Checkin: [CheckinRequestProcessor] CheckinNowTaskTag : Checkin Succeeded: https://android.googleapis.com/checkin (fragment #1).
2020-10-29 17:16:34.176 577-638/system_process I/ActivityManager: Start proc 4094:com.android.shell/2000 for broadcast {com.android.shell/com.android.shell.HeapDumpReceiver}
2020-10-29 17:16:34.186 1576-2224/com.google.android.gms E/MDD: MDDManager Failed to init shared file metadata.
2020-10-29 17:16:34.186 415-440/? I/adbd: jdwp connection from 4094
2020-10-29 17:16:34.187 1576-2957/com.google.android.gms I/Icing: Indexing com.google.android.gms-apps from com.google.android.gms [CONTEXT service_id=21 ]
2020-10-29 17:16:34.204 4094-4094/com.android.shell I/m.android.shel: The ClassLoaderContext is a special shared library.
2020-10-29 17:16:34.213 1576-2957/com.google.android.gms I/Icing: Indexing done com.google.android.gms-apps [CONTEXT service_id=21 ]
2020-10-29 17:16:34.221 4094-4094/com.android.shell D/NetworkSecurityConfig: No Network Security Config specified, using platform default
2020-10-29 17:16:34.221 4094-4094/com.android.shell D/NetworkSecurityConfig: No Network Security Config specified, using platform default
2020-10-29 17:16:34.231 4094-4094/com.android.shell D/HeapDumpReceiver: onReceive(): Intent { act=android.intent.action.BOOT_COMPLETED flg=0x89000010 cmp=com.android.shell/.HeapDumpReceiver (has extras) }
2020-10-29 17:16:34.235 4094-4118/com.android.shell D/HeapDumpReceiver: Deleting from /data/user_de/0/com.android.shell/files/heapdumps
2020-10-29 17:16:34.238 577-2987/system_process I/ActivityManager: Killing 1908:com.android.printspooler/u0a87 (adj 985): empty #17
2020-10-29 17:16:34.248 1213-1213/com.android.phone I/m.android.phon: The ClassLoaderContext is a special shared library.
2020-10-29 17:16:34.263 319-319/? I/Zygote: Process 1908 exited due to signal 9 (Killed)
2020-10-29 17:16:34.268 1213-1213/com.android.phone D/NetworkSecurityConfig: No Network Security Config specified, using platform default
2020-10-29 17:16:34.269 577-1809/system_process D/CompatibilityChangeReporter: Compat change id reported: 149924527; UID 10132; state: ENABLED
2020-10-29 17:16:34.269 1213-1213/com.android.phone W/nsconfig: com.android.phone: New config does not match the previously set config.
2020-10-29 17:16:34.269 577-624/system_process D/CompatibilityChangeReporter: Compat change id reported: 132649864; UID 10132; state: DISABLED
2020-10-29 17:16:34.280 577-2332/system_process D/CompatibilityChangeReporter: Compat change id reported: 135634846; UID 10095; state: DISABLED
2020-10-29 17:16:34.280 577-638/system_process D/CompatibilityChangeReporter: Compat change id reported: 143937733; UID 10095; state: DISABLED
2020-10-29 17:16:34.283 577-639/system_process I/libprocessgroup: Successfully killed process cgroup uid 10087 pid 1908 in 43ms
2020-10-29 17:16:34.288 319-319/? D/Zygote: Forked child process 4121
2020-10-29 17:16:34.293 4121-4121/? W/android.traceu: Unexpected CPU variant for X86 using defaults: x86
2020-10-29 17:16:34.296 577-638/system_process I/ActivityManager: Start proc 4121:com.android.traceur/u0a95 for broadcast {com.android.traceur/com.android.traceur.Receiver}
2020-10-29 17:16:34.311 415-440/? I/adbd: jdwp connection from 4121
2020-10-29 17:16:34.319 577-2332/system_process D/PackageManager: Instant App installer not found with android.intent.action.INSTALL_INSTANT_APP_PACKAGE
2020-10-29 17:16:34.320 577-2332/system_process D/PackageManager: Clear ephemeral installer activity
2020-10-29 17:16:34.336 4121-4121/com.android.traceur D/ApplicationLoaders: Returning zygote-cached class loader: /system/framework/android.test.base.jar
2020-10-29 17:16:34.342 4121-4121/com.android.traceur I/android.traceu: The ClassLoaderContext is a special shared library.
2020-10-29 17:16:34.366 4121-4121/com.android.traceur D/NetworkSecurityConfig: No Network Security Config specified, using platform default
2020-10-29 17:16:34.366 4121-4121/com.android.traceur D/NetworkSecurityConfig: No Network Security Config specified, using platform default
2020-10-29 17:16:34.373 1576-2369/com.google.android.gms I/Checkin: [EventLogChimeraService] Opted in for usage reporting: false
