2020-10-29 17:16:43.176 1311-2176/com.google.android.gms I/GCoreUlr: DispatchingService ignoring Intent { act=android.net.wifi.WIFI_STATE_CHANGED flg=0x44000010 (has extras) } because ULR inactive
2020-10-29 17:16:43.177 1311-4775/com.google.android.gms I/Fitness: FitCleanupIntentOperation received Intent android.intent.action.PACKAGE_CHANGED [CONTEXT service_id=17 ]
2020-10-29 17:16:43.200 1311-1311/com.google.android.gms I/GCoreUlr: Unbound from all signal providers.
2020-10-29 17:16:43.200 1311-1311/com.google.android.gms I/GCoreUlr: Stopping handler for UlrDispSvcFast
2020-10-29 17:16:43.251 4987-4987/com.google.android.videos E/PlayCommon: [2] nmb.<init>: Failed to restore PlayMetalog
2020-10-29 17:16:43.251 4987-4987/com.google.android.videos E/PlayCommon: [2] nmb.<init>: Failed to restore LogsUploadAttempt
2020-10-29 17:16:43.258 1311-2906/com.google.android.gms I/GCoreUlr: WorldUpdater received intent Intent { act=com.google.android.location.reporting.ACTION_UPDATE_WORLD cmp=com.google.android.gms/com.google.android.location.reporting.service.DispatchingService (has extras) } with receiverAction android.location.PROVIDERS_CHANGED
2020-10-29 17:16:43.260 1311-2906/com.google.android.gms I/GCoreUlr: WorldUpdater:android.location.PROVIDERS_CHANGED: Ensuring that reporting is stopped because of reasons: (no Google accounts)
2020-10-29 17:16:43.264 1311-2906/com.google.android.gms I/GCoreUlr: Unbound from all signal providers.
2020-10-29 17:16:43.278 1311-1326/com.google.android.gms I/.gms.persisten: Background concurrent copying GC freed 182955(8062KB) AllocSpace objects, 22(1144KB) LOS objects, 49% free, 8098KB/15MB, paused 808us total 146.423ms
2020-10-29 17:16:43.285 1311-2906/com.google.android.gms I/GCoreUlr: DispatchingService ignoring Intent { act=android.net.wifi.WIFI_STATE_CHANGED flg=0x44000010 (has extras) } because ULR inactive
2020-10-29 17:16:43.292 1311-1311/com.google.android.gms I/GCoreUlr: Unbound from all signal providers.
2020-10-29 17:16:43.292 1311-1311/com.google.android.gms I/GCoreUlr: Stopping handler for UlrDispSvcFast
2020-10-29 17:16:43.306 577-2989/system_process W/ActivityManager: Unable to start service Intent { act=com.android.vending.contentfilters.IContentFiltersService.BIND pkg=com.android.vending } U=0: not found
2020-10-29 17:16:43.335 4987-5040/com.google.android.videos W/PlayMovies: esk.run:3 User config found
2020-10-29 17:16:43.354 1576-2369/com.google.android.gms I/CheckinUtil: Classify the device as Phone. [CONTEXT service_id=130 ]
2020-10-29 17:16:43.360 1576-2243/com.google.android.gms I/Icing: Indexing com.google.android.gms-internal.3p:MobileApplication from com.google.android.gms [CONTEXT service_id=21 ]
2020-10-29 17:16:43.374 1576-2243/com.google.android.gms I/Icing: Indexing done com.google.android.gms-internal.3p:MobileApplication [CONTEXT service_id=21 ]
2020-10-29 17:16:43.390 4987-5044/com.google.android.videos W/.android.video: Accessing hidden field Ljava/util/Collections$SynchronizedCollection;->mutex:Ljava/lang/Object; (greylist-max-o, reflection, denied)
2020-10-29 17:16:43.391 4987-5044/com.google.android.videos W/.android.video: Accessing hidden method Ljava/util/Collections$SynchronizedSet;-><init>(Ljava/util/Set;Ljava/lang/Object;)V (greylist-max-o, reflection, denied)
2020-10-29 17:16:43.391 4987-5044/com.google.android.videos W/.android.video: Accessing hidden method Ljava/util/Collections$SynchronizedCollection;-><init>(Ljava/util/Collection;Ljava/lang/Object;)V (greylist-max-o, reflection, denied)
2020-10-29 17:16:43.410 577-624/system_process D/PackageManager: Instant App installer not found with android.intent.action.INSTALL_INSTANT_APP_PACKAGE
2020-10-29 17:16:43.410 577-624/system_process D/PackageManager: Clear ephemeral installer activity
2020-10-29 17:16:43.422 1576-2369/com.google.android.gms W/Conscrypt: Could not set socket write timeout: java.net.SocketException: Socket closed
2020-10-29 17:16:43.423 1576-2369/com.google.android.gms W/Conscrypt:     at com.google.android.gms.org.conscrypt.Platform.setSocketWriteTimeout(:com.google.android.gms@201817022@20.18.17 (040700-311416286):2)
2020-10-29 17:16:43.423 1576-2369/com.google.android.gms W/Conscrypt:     at com.google.android.gms.org.conscrypt.ConscryptFileDescriptorSocket.setSoWriteTimeout(:com.google.android.gms@201817022@20.18.17 (040700-311416286):0)
2020-10-29 17:16:43.431 4987-4987/com.google.android.videos W/PlayMovies: bjc.onCreate:76 Installer Package: null
2020-10-29 17:16:43.462 4987-4987/com.google.android.videos W/MediaSessionCompat: Couldn't find a unique registered media button receiver in the given context.
2020-10-29 17:16:43.477 1576-2369/com.google.android.gms W/Conscrypt: Could not set socket write timeout: java.net.SocketException: Socket closed
2020-10-29 17:16:43.478 1576-2369/com.google.android.gms W/Conscrypt:     at com.google.android.gms.org.conscrypt.Platform.setSocketWriteTimeout(:com.google.android.gms@201817022@20.18.17 (040700-311416286):2)
2020-10-29 17:16:43.478 1576-2369/com.google.android.gms W/Conscrypt:     at com.google.android.gms.org.conscrypt.ConscryptFileDescriptorSocket.setSoWriteTimeout(:com.google.android.gms@201817022@20.18.17 (040700-311416286):0)
2020-10-29 17:16:43.482 577-624/system_process D/PackageManager: Instant App installer not found with android.intent.action.INSTALL_INSTANT_APP_PACKAGE
2020-10-29 17:16:43.482 577-624/system_process D/PackageManager: Clear ephemeral installer activity
2020-10-29 17:16:43.489 1576-2243/com.google.android.gms I/Icing: Indexing com.google.android.gms-apps from com.google.android.gms [CONTEXT service_id=21 ]
2020-10-29 17:16:43.533 577-1798/system_process I/WifiService: acquireWifiLock uid=10131 lockMode=3
2020-10-29 17:16:43.535 1576-2243/com.google.android.gms I/Icing: Indexing done com.google.android.gms-apps [CONTEXT service_id=21 ]
2020-10-29 17:16:43.536 543-543/? I/hostapd: wlan1: STA-OPMODE-SMPS-MODE-CHANGED 02:15:b2:00:00:00 off
2020-10-29 17:16:43.539 577-1798/system_process I/WifiService: releaseWifiLock uid=10131
2020-10-29 17:16:43.540 543-543/? I/hostapd: wlan1: STA-OPMODE-SMPS-MODE-CHANGED 02:15:b2:00:00:00 dynamic
2020-10-29 17:16:43.552 577-1798/system_process I/WifiService: acquireWifiLock uid=10131 lockMode=3
2020-10-29 17:16:43.553 543-543/? I/hostapd: wlan1: STA-OPMODE-SMPS-MODE-CHANGED 02:15:b2:00:00:00 off
2020-10-29 17:16:43.557 577-2989/system_process I/WifiService: releaseWifiLock uid=10131
2020-10-29 17:16:43.558 543-543/? I/hostapd: wlan1: STA-OPMODE-SMPS-MODE-CHANGED 02:15:b2:00:00:00 dynamic
2020-10-29 17:16:43.576 577-2989/system_process D/PackageManager: Instant App installer not found with android.intent.action.INSTALL_INSTANT_APP_PACKAGE
2020-10-29 17:16:43.576 577-2989/system_process D/PackageManager: Clear ephemeral installer activity
2020-10-29 17:16:43.614 4987-5065/com.google.android.videos D/CompatibilityChangeReporter: Compat change id reported: 150939131; UID 10131; state: DISABLED
2020-10-29 17:16:43.619 577-2989/system_process W/ActivityManager: Foreground service started from background can not have location/camera/microphone access: service com.google.android.videos/com.google.android.apps.play.movies.common.service.pinning.TransferService
2020-10-29 17:16:43.619 1576-2243/com.google.android.gms I/Icing: Indexing com.google.android.gms-apps from com.google.android.gms [CONTEXT service_id=21 ]
2020-10-29 17:16:43.622 1576-2243/com.google.android.gms I/Icing: Indexing done com.google.android.gms-apps [CONTEXT service_id=21 ]
2020-10-29 17:16:43.623 1576-2243/com.google.android.gms I/Icing: Indexing com.google.android.gms-internal.3p:MobileApplication from com.google.android.gms [CONTEXT service_id=21 ]
2020-10-29 17:16:43.627 1576-2243/com.google.android.gms I/Icing: Indexing done com.google.android.gms-internal.3p:MobileApplication [CONTEXT service_id=21 ]
2020-10-29 17:16:43.634 577-1906/system_process D/PackageManager: Instant App installer not found with android.intent.action.INSTALL_INSTANT_APP_PACKAGE
2020-10-29 17:16:43.634 577-1906/system_process D/PackageManager: Clear ephemeral installer activity
2020-10-29 17:16:43.635 577-1906/system_process D/CompatibilityChangeReporter: Compat change id reported: 135634846; UID 10120; state: DISABLED
2020-10-29 17:16:43.635 577-638/system_process D/CompatibilityChangeReporter: Compat change id reported: 143937733; UID 10120; state: DISABLED
2020-10-29 17:16:43.645 1311-2851/com.google.android.gms I/NearbyDiscovery: Show notifications: 0 total, no changes since last shown, no-op. [CONTEXT service_id=49 ]
2020-10-29 17:16:43.651 577-3015/system_process D/CompatibilityChangeReporter: Compat change id reported: 149924527; UID 10131; state: ENABLED
2020-10-29 17:16:43.652 577-3015/system_process D/CompatibilityChangeReporter: Compat change id reported: 132649864; UID 10131; state: DISABLED
2020-10-29 17:16:43.666 319-319/? D/Zygote: Forked child process 5078
2020-10-29 17:16:43.667 577-3015/system_process D/ConnectivityService: requestNetwork for uid/pid:10131/4987 NetworkRequest [ TRACK_DEFAULT id=33, [ Capabilities: INTERNET&NOT_RESTRICTED&TRUSTED Uid: 10131 AdministratorUids: [] RequestorUid: 10131 RequestorPackageName: com.google.android.videos] ]
2020-10-29 17:16:43.668 577-790/system_process D/ConnectivityService: NetReassign [33 : null > 100]
2020-10-29 17:16:43.669 577-784/system_process D/UntrustedWifiNetworkFactory: got request NetworkRequest [ TRACK_DEFAULT id=33, [ Capabilities: INTERNET&NOT_RESTRICTED&TRUSTED Uid: 10131 AdministratorUids: [] RequestorUid: 10131 RequestorPackageName: com.google.android.videos] ] with score 60 and providerId 1
2020-10-29 17:16:43.669 577-638/system_process I/ActivityManager: Start proc 5078:com.google.android.youtube/u0a120 for broadcast {com.google.android.youtube/com.google.android.libraries.youtube.mdx.background.MdxBackgroundScanBootReceiver}
2020-10-29 17:16:43.669 577-784/system_process D/WifiNetworkFactory: got request NetworkRequest [ TRACK_DEFAULT id=33, [ Capabilities: INTERNET&NOT_RESTRICTED&TRUSTED Uid: 10131 AdministratorUids: [] RequestorUid: 10131 RequestorPackageName: com.google.android.videos] ] with score 60 and providerId 1
2020-10-29 17:16:43.670 1718-3553/com.google.android.providers.media.module W/ModernMediaScanner: Failed to apply ContentProviderOperation(type=insert uri=content://media/internal/file values={instance_id=null, compilation=null, disc_number=null, duration=3000, is_ringtone=1, album_artist=null, resolution=null, orientation=null, artist=pdx, author=null, height=null, is_drm=0, is_audiobook=0, date_modified=1602626168, writer=null, composer=null, datetaken=null, mime_type=audio/ogg, is_notification=0, bitrate=80000, cd_track_number=2d_rr23_M12, xmp=[], year=null, _data=/product/media/audio/ringtones/ANDROMEDA.ogg, _size=25014, album=ringtones, genre=null, is_alarm=0, title=Andromeda, width=null, is_music=0, document_id=null, is_podcast=0, capture_framerate=null, num_tracks=1, original_document_id=null, media_type=2} exceptionAllowed)
    android.database.sqlite.SQLiteConstraintException: UNIQUE constraint failed: files._data (code 2067 SQLITE_CONSTRAINT_UNIQUE)
        at android.database.sqlite.SQLiteConnection.nativeExecuteForLastInsertedRowId(Native Method)
        at android.database.sqlite.SQLiteConnection.executeForLastInsertedRowId(SQLiteConnection.java:938)
        at android.database.sqlite.SQLiteSession.executeForLastInsertedRowId(SQLiteSession.java:790)
        at android.database.sqlite.SQLiteStatement.executeInsert(SQLiteStatement.java:88)
        at com.android.providers.media.util.DatabaseUtils.executeInsert(DatabaseUtils.java:457)
        at com.android.providers.media.util.SQLiteQueryBuilder.insert(SQLiteQueryBuilder.java:597)
        at com.android.providers.media.util.SQLiteQueryBuilder.lambda$insert$1(SQLiteQueryBuilder.java:561)
        at com.android.providers.media.util.SQLiteQueryBuilder.lambda$insert$1$SQLiteQueryBuilder(Unknown Source:0)
        at com.android.providers.media.util.-$$Lambda$SQLiteQueryBuilder$YklJ51_aF7j8568p4VYgJs-CWNI.apply(Unknown Source:6)
        at com.android.providers.media.DatabaseHelper.runWithTransaction(DatabaseHelper.java:564)
        at com.android.providers.media.util.SQLiteQueryBuilder.insert(SQLiteQueryBuilder.java:560)
        at com.android.providers.media.MediaProvider.lambda$insertAllowingUpsert$14(MediaProvider.java:3076)
        at com.android.providers.media.MediaProvider.lambda$insertAllowingUpsert$14$MediaProvider(Unknown Source:0)
        at com.android.providers.media.-$$Lambda$MediaProvider$FjHWs2-fjgG761OzVFzdTX4EWZg.apply(Unknown Source:13)
        at com.android.providers.media.DatabaseHelper.runWithTransaction(DatabaseHelper.java:564)
        at com.android.providers.media.MediaProvider.insertAllowingUpsert(MediaProvider.java:3066)
        at com.android.providers.media.MediaProvider.insertFile(MediaProvider.java:3048)
        at com.android.providers.media.MediaProvider.insertInternal(MediaProvider.java:3486)
        at com.android.providers.media.MediaProvider.insert(MediaProvider.java:3208)
        at android.content.ContentProviderOperation.applyInternal(ContentProviderOperation.java:375)
        at android.content.ContentProviderOperation.apply(ContentProviderOperation.java:347)
        at android.content.ContentProvider.applyBatch(ContentProvider.java:2422)
        at com.android.providers.media.MediaProvider.applyBatch(MediaProvider.java:3538)
        at android.content.ContentProvider.applyBatch(ContentProvider.java:2413)
        at android.content.ContentResolver.applyBatch(ContentResolver.java:2186)
        at com.android.providers.media.scan.ModernMediaScanner$Scan.applyPending(ModernMediaScanner.java:700)
        at com.android.providers.media.scan.ModernMediaScanner$Scan.maybeApplyPending(ModernMediaScanner.java:690)
        at com.android.providers.media.scan.ModernMediaScanner$Scan.visitFile(ModernMediaScanner.java:650)
        at com.android.providers.media.scan.ModernMediaScanner$Scan.visitFile(ModernMediaScanner.java:273)
        at java.nio.file.Files.walkFileTree(Files.java:2670)
        at java.nio.file.Files.walkFileTree(Files.java:2742)
        at com.android.providers.media.scan.ModernMediaScanner$Scan.walkFileTree(ModernMediaScanner.java:367)
        at com.android.providers.media.scan.ModernMediaScanner$Scan.run(ModernMediaScanner.java:330)
        at com.android.providers.media.scan.ModernMediaScanner.scanDirectory(ModernMediaScanner.java:227)
2020-10-29 17:16:43.670 1718-3553/com.google.android.providers.media.module W/ModernMediaScanner:     at com.android.providers.media.MediaProvider.scanDirectory(MediaProvider.java:1111)
        at com.android.providers.media.MediaService.onScanVolume(MediaService.java:148)
        at com.android.providers.media.MediaService.onScanVolume(MediaService.java:117)
        at com.android.providers.media.MediaService.onScanVolume(MediaService.java:108)
        at com.android.providers.media.MediaService.onHandleWork(MediaService.java:71)
        at androidx.core.app.JobIntentService$CommandProcessor.doInBackground(JobIntentService.java:391)
        at androidx.core.app.JobIntentService$CommandProcessor.doInBackground(JobIntentService.java:382)
        at android.os.AsyncTask$3.call(AsyncTask.java:394)
        at java.util.concurrent.FutureTask.run(FutureTask.java:266)
        at java.util.concurrent.ThreadPoolExecutor.runWorker(ThreadPoolExecutor.java:1167)
        at java.util.concurrent.ThreadPoolExecutor$Worker.run(ThreadPoolExecutor.java:641)
        at java.lang.Thread.run(Thread.java:923)
2020-10-29 17:16:43.671 1213-1213/com.android.phone D/PhoneSwitcherNetworkRequstListener: got request NetworkRequest [ TRACK_DEFAULT id=33, [ Capabilities: INTERNET&NOT_RESTRICTED&TRUSTED Uid: 10131 AdministratorUids: [] RequestorUid: 10131 RequestorPackageName: com.google.android.videos] ] with score 60 and providerId 1
2020-10-29 17:16:43.671 5078-5078/? W/android.youtub: Unexpected CPU variant for X86 using defaults: x86
2020-10-29 17:16:43.671 4987-5076/com.google.android.videos W/PlayMovies: ewa.a:3 Start clean up task with reason 1
2020-10-29 17:16:43.671 4987-5076/com.google.android.videos W/PlayMovies: ewa.a:4 Start cleanup unpinned content
2020-10-29 17:16:43.682 1576-2243/com.google.android.gms I/Icing: Indexing com.google.android.gms-internal.3p:MobileApplication from com.google.android.gms [CONTEXT service_id=21 ]
2020-10-29 17:16:43.685 1213-1213/com.android.phone D/Telephony: isEmergencyPreferredAccount: subId=1, activeData=1
2020-10-29 17:16:43.686 1213-1213/com.android.phone D/Telephony: isEmergencyPreferredAccount: Device does not require preference.
2020-10-29 17:16:43.686 1576-2243/com.google.android.gms I/Icing: Indexing done com.google.android.gms-internal.3p:MobileApplication [CONTEXT service_id=21 ]
2020-10-29 17:16:43.686 4987-5076/com.google.android.videos W/PlayMovies: ewa.a:32 Done cleanup unpinned content: removed 0 files
2020-10-29 17:16:43.688 577-3015/system_process D/PackageManager: Instant App installer not found with android.intent.action.INSTALL_INSTANT_APP_PACKAGE
2020-10-29 17:16:43.688 577-3015/system_process D/PackageManager: Clear ephemeral installer activity
2020-10-29 17:16:43.689 4987-4987/com.google.android.videos E/BACKGROUND_QUIT_SAFELY: pending jobs == 0
2020-10-29 17:16:43.691 415-440/? I/adbd: jdwp connection from 5078
2020-10-29 17:16:43.698 1576-2369/com.google.android.gms I/Checkin: [CheckinRequestProcessor] updateCheckinIdTokenFileFromResponse, Reading existing AID
2020-10-29 17:16:43.709 5078-5078/com.google.android.youtube D/ApplicationLoaders: Returning zygote-cached class loader: /system/framework/android.test.base.jar
2020-10-29 17:16:43.710 5078-5078/com.google.android.youtube I/android.youtub: The ClassLoaderContext is a special shared library.
2020-10-29 17:16:43.714 5078-5078/com.google.android.youtube I/chatty: uid=10120(com.google.android.youtube) identical 1 line
2020-10-29 17:16:43.722 5078-5078/com.google.android.youtube I/android.youtub: The ClassLoaderContext is a special shared library.
2020-10-29 17:16:43.723 5078-5078/com.google.android.youtube D/nativeloader: classloader namespace configured for unbundled product apk. library_path=/product/app/YouTube/lib/x86:/product/app/YouTube/YouTube.apk!/lib/x86:/product/lib:/system/product/lib
2020-10-29 17:16:43.723 1576-2369/com.google.android.gms I/Checkin: [CheckinRequestProcessor] CheckinNowTaskTag : Checkin Succeeded: https://android.googleapis.com/checkin (fragment #1).
2020-10-29 17:16:43.733 4987-5040/com.google.android.videos W/PlayMovies: ewa.a:3 Start clean up task with reason 3
2020-10-29 17:16:43.733 5078-5078/com.google.android.youtube D/NetworkSecurityConfig: Using Network Security Config from resource network_security_config debugBuild: false
2020-10-29 17:16:43.733 4987-5040/com.google.android.videos W/PlayMovies: ewa.a:4 Start cleanup unpinned content
2020-10-29 17:16:43.734 5078-5078/com.google.android.youtube D/NetworkSecurityConfig: Using Network Security Config from resource network_security_config debugBuild: false
2020-10-29 17:16:43.746 4987-5040/com.google.android.videos W/PlayMovies: ewa.a:32 Done cleanup unpinned content: removed 0 files
2020-10-29 17:16:43.772 4987-5073/com.google.android.videos W/PlayMovies: ewa.a:3 Start clean up task with reason 2
2020-10-29 17:16:43.772 4987-5073/com.google.android.videos W/PlayMovies: ewa.a:4 Start cleanup unpinned content
2020-10-29 17:16:43.800 4987-5073/com.google.android.videos W/PlayMovies: ewa.a:32 Done cleanup unpinned content: removed 0 files
2020-10-29 17:16:43.807 1576-2243/com.google.android.gms I/Icing: Indexing com.google.android.gms-apps from com.google.android.gms [CONTEXT service_id=21 ]
2020-10-29 17:16:43.811 1576-2243/com.google.android.gms I/Icing: Indexing done com.google.android.gms-apps [CONTEXT service_id=21 ]
2020-10-29 17:16:43.819 5078-5078/com.google.android.youtube E/YouTube: flushBinderConnectionCallbacks is unverified on SDK 30
2020-10-29 17:16:43.824 577-577/system_process D/NotificationService: 0|com.google.android.videos|2|null|10131: granting content://settings/system/notification_sound
2020-10-29 17:16:43.825 577-577/system_process I/chatty: uid=1000(system) Binder:577_3 identical 2 lines
2020-10-29 17:16:43.825 577-577/system_process D/NotificationService: 0|com.google.android.videos|2|null|10131: granting content://settings/system/notification_sound
2020-10-29 17:16:43.826 577-577/system_process W/NotificationHistory: Attempted to add notif for locked/gone/disabled user 0
2020-10-29 17:16:43.840 858-858/com.android.systemui D/InterruptionStateProvider: No bubble up: not allowed to bubble: 0|com.google.android.videos|2|null|10131
2020-10-29 17:16:43.840 858-858/com.android.systemui D/InterruptionStateProvider: No heads up: unimportant notification: 0|com.google.android.videos|2|null|10131
2020-10-29 17:16:43.847 5078-5113/com.google.android.youtube W/YouTube: Fetching the Gservices key 'failsafe_clear_cache_release_13_02' before the end of the bulk initialization
2020-10-29 17:16:43.852 577-2989/system_process I/ActivityManager: Killing 4203:com.google.android.apps.maps/u0a117 (adj 935): empty #17
2020-10-29 17:16:43.868 1576-2243/com.google.android.gms I/Icing: Indexing com.google.android.gms-apps from com.google.android.gms [CONTEXT service_id=21 ]
2020-10-29 17:16:43.869 1576-2243/com.google.android.gms I/Icing: Indexing done com.google.android.gms-apps [CONTEXT service_id=21 ]
2020-10-29 17:16:43.879 4551-4574/com.google.android.gm I/ogle.android.g: Waiting for a blocking GC ProfileSaver
2020-10-29 17:16:43.884 4551-4574/com.google.android.gm I/ogle.android.g: WaitForGcToComplete blocked ProfileSaver on ClassLinker for 5.123ms
2020-10-29 17:16:43.886 319-319/? I/Zygote: Process 4203 exited due to signal 9 (Killed)
2020-10-29 17:16:43.891 577-639/system_process I/libprocessgroup: Successfully killed process cgroup uid 10117 pid 4203 in 39ms
2020-10-29 17:16:43.923 4987-5061/com.google.android.videos W/LibraryVersion: Failed to get app version for libraryName: firebase-iid
2020-10-29 17:16:43.934 5078-5108/com.google.android.youtube W/DynamiteModule: Local module descriptor class for providerinstaller not found.
2020-10-29 17:16:43.934 5078-5078/com.google.android.youtube I/TetheringManager: registerTetheringEventCallback:com.google.android.youtube
2020-10-29 17:16:43.938 1311-3810/com.google.android.gms W/ProviderHelper: Unknown dynamite feature providerinstaller
2020-10-29 17:16:43.939 5078-5109/com.google.android.youtube I/android.youtub: The ClassLoaderContext is a special shared library.
2020-10-29 17:16:43.948 5078-5108/com.google.android.youtube W/ProviderInstaller: Failed to load providerinstaller module: No acceptable module found. Local version is 0 and remote version is 0.
2020-10-29 17:16:43.957 5078-5109/com.google.android.youtube I/android.youtub: The ClassLoaderContext is a special shared library.
2020-10-29 17:16:43.958 5078-5109/com.google.android.youtube D/nativeloader: classloader namespace configured for unbundled product apk. library_path=/product/priv-app/PrebuiltGmsCore/lib/x86:/product/priv-app/PrebuiltGmsCore/PrebuiltGmsCore.apk!/lib/x86:/product/lib:/system/product/lib
2020-10-29 17:16:43.979 5078-5109/com.google.android.youtube W/android.youtub: Unsupported class loader
2020-10-29 17:16:43.999 5078-5109/com.google.android.youtube W/android.youtub: Unsupported class loader
2020-10-29 17:16:44.003 577-1907/system_process E/system_server: Invalid class loader spec: =UnsupportedClassLoaderContext=
2020-10-29 17:16:44.003 577-1907/system_process E/PackageDexUsage: Unsupported context?
2020-10-29 17:16:44.003 577-2989/system_process D/ConnectivityService: requestNetwork for uid/pid:10120/5078 NetworkRequest [ TRACK_DEFAULT id=34, [ Capabilities: INTERNET&NOT_RESTRICTED&TRUSTED Uid: 10120 AdministratorUids: [] RequestorUid: 10120 RequestorPackageName: com.google.android.youtube] ]
2020-10-29 17:16:44.004 577-790/system_process D/ConnectivityService: NetReassign [34 : null > 100]
2020-10-29 17:16:44.004 577-784/system_process D/UntrustedWifiNetworkFactory: got request NetworkRequest [ TRACK_DEFAULT id=34, [ Capabilities: INTERNET&NOT_RESTRICTED&TRUSTED Uid: 10120 AdministratorUids: [] RequestorUid: 10120 RequestorPackageName: com.google.android.youtube] ] with score 60 and providerId 1
2020-10-29 17:16:44.005 577-784/system_process D/WifiNetworkFactory: got request NetworkRequest [ TRACK_DEFAULT id=34, [ Capabilities: INTERNET&NOT_RESTRICTED&TRUSTED Uid: 10120 AdministratorUids: [] RequestorUid: 10120 RequestorPackageName: com.google.android.youtube] ] with score 60 and providerId 1
2020-10-29 17:16:44.005 1213-1213/com.android.phone D/PhoneSwitcherNetworkRequstListener: got request NetworkRequest [ TRACK_DEFAULT id=34, [ Capabilities: INTERNET&NOT_RESTRICTED&TRUSTED Uid: 10120 AdministratorUids: [] RequestorUid: 10120 RequestorPackageName: com.google.android.youtube] ] with score 60 and providerId 1
2020-10-29 17:16:44.009 577-790/system_process D/ConnectivityService: NetReassign [no changes]
2020-10-29 17:16:44.012 1213-1213/com.android.phone D/Telephony: isEmergencyPreferredAccount: subId=1, activeData=1
2020-10-29 17:16:44.012 1213-1213/com.android.phone D/Telephony: isEmergencyPreferredAccount: Device does not require preference.
2020-10-29 17:16:44.027 5078-5109/com.google.android.youtube I/DynamiteModule: Considering local module com.google.android.gms.ads.dynamite:0 and remote module com.google.android.gms.ads.dynamite:21400
2020-10-29 17:16:44.053 1576-2243/com.google.android.gms I/Icing: Indexing com.google.android.gms-apps from com.google.android.gms [CONTEXT service_id=21 ]
2020-10-29 17:16:44.054 5078-5109/com.google.android.youtube I/DynamiteModule: Selected remote version of com.google.android.gms.ads.dynamite, version >= 21400
2020-10-29 17:16:44.055 5078-5121/com.google.android.youtube E/GEL_DELAYED_EVENT_DEBUG: Failed delayed event dispatch, no dispatchers.
2020-10-29 17:16:44.055 1576-2243/com.google.android.gms I/Icing: Indexing done com.google.android.gms-apps [CONTEXT service_id=21 ]
2020-10-29 17:16:44.058 1576-2243/com.google.android.gms I/Icing: Indexing com.google.android.gms-internal.3p:MobileApplication from com.google.android.gms [CONTEXT service_id=21 ]
2020-10-29 17:16:44.060 1576-2243/com.google.android.gms I/Icing: Indexing done com.google.android.gms-internal.3p:MobileApplication [CONTEXT service_id=21 ]
2020-10-29 17:16:44.094 5078-5108/com.google.android.youtube I/ProviderInstaller: Installed default security provider GmsCore_OpenSSL
2020-10-29 17:16:44.108 1576-2243/com.google.android.gms I/Icing: Indexing com.google.android.gms-apps from com.google.android.gms [CONTEXT service_id=21 ]
2020-10-29 17:16:44.112 1576-2243/com.google.android.gms I/Icing: Indexing done com.google.android.gms-apps [CONTEXT service_id=21 ]
2020-10-29 17:16:44.123 1576-2243/com.google.android.gms I/Icing: Indexing com.google.android.gms-apps from com.google.android.gms [CONTEXT service_id=21 ]
2020-10-29 17:16:44.125 1576-2243/com.google.android.gms I/Icing: Indexing done com.google.android.gms-apps [CONTEXT service_id=21 ]
2020-10-29 17:16:44.131 5078-5109/com.google.android.youtube W/android.youtub: Unsupported class loader
2020-10-29 17:16:44.152 5078-5170/com.google.android.youtube W/LibraryVersion: Failed to get app version for libraryName: firebase-iid
2020-10-29 17:16:44.163 442-683/? W/ServiceManager: Permission failure: android.permission.SYSTEM_CAMERA from uid=10120 pid=5078
2020-10-29 17:16:44.168 442-683/? I/chatty: uid=1047(cameraserver) Binder:442_1 identical 3 lines
2020-10-29 17:16:44.174 442-683/? W/ServiceManager: Permission failure: android.permission.SYSTEM_CAMERA from uid=10120 pid=5078
2020-10-29 17:16:44.175 442-3696/? W/ServiceManager: Permission failure: android.permission.SYSTEM_CAMERA from uid=10120 pid=5078
2020-10-29 17:16:44.175 442-3696/? W/ServiceManager: Permission failure: android.permission.SYSTEM_CAMERA from uid=10120 pid=5078
2020-10-29 17:16:44.184 4334-4373/com.google.android.apps.youtube.music W/ConnectionTracker: Exception thrown while unbinding
    java.lang.IllegalArgumentException: Service not registered: lbw@f9fa3
        at android.app.LoadedApk.forgetServiceDispatcher(LoadedApk.java:1757)
        at android.app.ContextImpl.unbindService(ContextImpl.java:1874)
        at android.content.ContextWrapper.unbindService(ContextWrapper.java:792)
        at kcy.b(PG:30)
        at kcy.a(PG:26)
        at lbx.q(PG:48)
        at lbi.a(PG:5)
        at ksz.run(PG:5)
        at java.util.concurrent.Executors$RunnableAdapter.call(Executors.java:462)
        at java.util.concurrent.FutureTask.run(FutureTask.java:266)
        at kyl.run(PG:26)
2020-10-29 17:16:44.201 5078-5109/com.google.android.youtube W/android.youtub: Unsupported class loader
2020-10-29 17:16:44.201 577-2989/system_process E/system_server: Invalid class loader spec: =UnsupportedClassLoaderContext=
2020-10-29 17:16:44.201 577-2989/system_process E/PackageDexUsage: Unsupported context?
2020-10-29 17:16:44.207 5078-5109/com.google.android.youtube D/DynamitePackage: Instantiated singleton DynamitePackage.
2020-10-29 17:16:44.207 5078-5109/com.google.android.youtube D/DynamitePackage: Instantiating com.google.android.gms.ads.adshield.ChimeraAdShieldCreatorImpl
2020-10-29 17:16:44.355 5078-5078/com.google.android.youtube W/YT.MDX.aeto: CastAppId for type 0 not found. Defaulting to mainCastAppId.
2020-10-29 17:16:44.357 5078-5078/com.google.android.youtube W/YT.MDX.aeto: CastAppId for type 0 not found. Defaulting to mainCastAppId.
2020-10-29 17:16:44.393 1576-4089/com.google.android.gms W/SQLiteLog: (28) double-quoted string literal: "1603808204393"
2020-10-29 17:16:44.393 1576-4089/com.google.android.gms W/SQLiteLog: (28) double-quoted string literal: "1"
2020-10-29 17:16:44.423 577-1907/system_process I/ActivityManager: Finished processing BOOT_COMPLETED for u0
2020-10-29 17:16:44.424 577-1907/system_process I/ActivityManager: Killing 1752:com.google.android.apps.messaging:rcs/u0a115 (adj 985): empty #17
2020-10-29 17:16:44.427 577-1907/system_process W/BroadcastQueue: Background execution not allowed: receiving Intent { act=android.intent.action.DROPBOX_ENTRY_ADDED flg=0x10 (has extras) } to com.google.android.gms/.stats.service.DropBoxEntryAddedReceiver
2020-10-29 17:16:44.428 577-637/system_process W/BroadcastQueue: Background execution not allowed: receiving Intent { act=android.intent.action.DROPBOX_ENTRY_ADDED flg=0x10 (has extras) } to com.google.android.gms/.chimera.GmsIntentOperationService$PersistentTrustedReceiver
2020-10-29 17:16:44.429 577-637/system_process W/BroadcastQueue: Background execution not allowed: receiving Intent { act=android.intent.action.DROPBOX_ENTRY_ADDED flg=0x10 (has extras) } to com.google.android.gms/.stats.service.DropBoxEntryAddedReceiver
2020-10-29 17:16:44.430 577-637/system_process W/BroadcastQueue: Background execution not allowed: receiving Intent { act=android.intent.action.DROPBOX_ENTRY_ADDED flg=0x10 (has extras) } to com.google.android.gms/.chimera.GmsIntentOperationService$PersistentTrustedReceiver
2020-10-29 17:16:44.458 319-319/? I/Zygote: Process 1752 exited due to signal 9 (Killed)
2020-10-29 17:16:44.466 577-639/system_process I/libprocessgroup: Successfully killed process cgroup uid 10115 pid 1752 in 39ms
2020-10-29 17:16:44.483 577-2989/system_process D/ConnectivityService: requestNetwork for uid/pid:10120/5078 NetworkRequest [ TRACK_DEFAULT id=36, [ Capabilities: INTERNET&NOT_RESTRICTED&TRUSTED Uid: 10120 AdministratorUids: [] RequestorUid: 10120 RequestorPackageName: com.google.android.youtube] ]
2020-10-29 17:16:44.484 577-790/system_process D/ConnectivityService: NetReassign [36 : null > 100]
2020-10-29 17:16:44.484 577-784/system_process D/UntrustedWifiNetworkFactory: got request NetworkRequest [ TRACK_DEFAULT id=36, [ Capabilities: INTERNET&NOT_RESTRICTED&TRUSTED Uid: 10120 AdministratorUids: [] RequestorUid: 10120 RequestorPackageName: com.google.android.youtube] ] with score 60 and providerId 1
2020-10-29 17:16:44.485 1213-1213/com.android.phone D/PhoneSwitcherNetworkRequstListener: got request NetworkRequest [ TRACK_DEFAULT id=36, [ Capabilities: INTERNET&NOT_RESTRICTED&TRUSTED Uid: 10120 AdministratorUids: [] RequestorUid: 10120 RequestorPackageName: com.google.android.youtube] ] with score 60 and providerId 1
2020-10-29 17:16:44.485 577-784/system_process D/WifiNetworkFactory: got request NetworkRequest [ TRACK_DEFAULT id=36, [ Capabilities: INTERNET&NOT_RESTRICTED&TRUSTED Uid: 10120 AdministratorUids: [] RequestorUid: 10120 RequestorPackageName: com.google.android.youtube] ] with score 60 and providerId 1
2020-10-29 17:16:44.493 1213-1213/com.android.phone D/Telephony: isEmergencyPreferredAccount: subId=1, activeData=1
2020-10-29 17:16:44.493 1213-1213/com.android.phone D/Telephony: isEmergencyPreferredAccount: Device does not require preference.
2020-10-29 17:16:44.542 3850-3850/com.google.android.calendar W/GrowthKit: Failed to get phenotypeManager in PhenotypeBroadcastReceiver
    java.lang.NullPointerException: Unable to get GrowthKit Component from host app: com.google.android.calendar
        at cal.ott.a(PG:12)
        at com.google.android.libraries.internal.growth.growthkit.internal.experiments.impl.PhenotypeBroadcastReceiver.onReceive(PG:3)
        at android.app.ActivityThread.handleReceiver(ActivityThread.java:4032)
        at android.app.ActivityThread.access$1400(ActivityThread.java:237)
        at android.app.ActivityThread$H.handleMessage(ActivityThread.java:1924)
        at android.os.Handler.dispatchMessage(Handler.java:106)
        at android.os.Looper.loop(Looper.java:223)
        at android.app.ActivityThread.main(ActivityThread.java:7656)
        at java.lang.reflect.Method.invoke(Native Method)
        at com.android.internal.os.RuntimeInit$MethodAndArgsCaller.run(RuntimeInit.java:592)
        at com.android.internal.os.ZygoteInit.main(ZygoteInit.java:947)
2020-10-29 17:16:44.543 3850-3850/com.google.android.calendar W/Notifications: [ChimeBroadcastReceiver] BroadcastReceiver stopped
    java.lang.IllegalStateException: Unable to get ChimeComponent from host app. Did you mean for your application to extend GeneratedComponentManager or HasComponent or to use jcga.libraries.notifications.injection.Chime#set(ChimeComponent)?
        at cal.pwl.a(PG:7)
        at cal.pun.onReceive(PG:8)
        at android.app.ActivityThread.handleReceiver(ActivityThread.java:4032)
        at android.app.ActivityThread.access$1400(ActivityThread.java:237)
        at android.app.ActivityThread$H.handleMessage(ActivityThread.java:1924)
        at android.os.Handler.dispatchMessage(Handler.java:106)
        at android.os.Looper.loop(Looper.java:223)
        at android.app.ActivityThread.main(ActivityThread.java:7656)
        at java.lang.reflect.Method.invoke(Native Method)
        at com.android.internal.os.RuntimeInit$MethodAndArgsCaller.run(RuntimeInit.java:592)
        at com.android.internal.os.ZygoteInit.main(ZygoteInit.java:947)
2020-10-29 17:16:44.549 2556-2556/com.android.dialer I/Dialer: VvmTaskReceiver - task received
2020-10-29 17:16:44.549 2556-2556/com.android.dialer I/Dialer: VvmTaskReceiver - TaskExecutor already running
2020-10-29 17:16:44.550 2556-2556/com.android.dialer I/Dialer: Task.createTask - create task:com.android.voicemail.impl.ActivationTask
2020-10-29 17:16:44.552 2556-2556/com.android.dialer I/Dialer: TaskQueue.add - duplicated task added
2020-10-29 17:16:44.552 2556-2556/com.android.dialer I/Dialer: VvmTaskExecutor - com.android.voicemail.impl.ActivationTask@60e6af7 added
2020-10-29 17:16:44.556 577-947/system_process W/BroadcastQueue: Background execution not allowed: receiving Intent { act=android.intent.action.DROPBOX_ENTRY_ADDED flg=0x10 (has extras) } to com.google.android.gms/.stats.service.DropBoxEntryAddedReceiver
2020-10-29 17:16:44.561 577-637/system_process W/BroadcastQueue: Background execution not allowed: receiving Intent { act=android.intent.action.DROPBOX_ENTRY_ADDED flg=0x10 (has extras) } to com.google.android.gms/.chimera.GmsIntentOperationService$PersistentTrustedReceiver
2020-10-29 17:16:44.562 577-790/system_process D/ConnectivityService: releasing NetworkRequest [ TRACK_DEFAULT id=36, [ Capabilities: INTERNET&NOT_RESTRICTED&TRUSTED Uid: 10120 AdministratorUids: [] RequestorUid: 10120 RequestorPackageName: com.google.android.youtube] ] (release request)
2020-10-29 17:16:44.574 1213-1213/com.android.phone D/Telephony: isEmergencyPreferredAccount: subId=1, activeData=1
2020-10-29 17:16:44.574 1213-1213/com.android.phone D/Telephony: isEmergencyPreferredAccount: Device does not require preference.
2020-10-29 17:16:44.587 577-947/system_process D/CompatibilityChangeReporter: Compat change id reported: 135634846; UID 10150; state: DISABLED
2020-10-29 17:16:44.587 577-638/system_process D/CompatibilityChangeReporter: Compat change id reported: 143937733; UID 10150; state: ENABLED
2020-10-29 17:16:44.596 319-319/? D/Zygote: Forked child process 5222
2020-10-29 17:16:44.604 577-638/system_process I/ActivityManager: Start proc 5222:com.google.android.cellbroadcastreceiver/u0a150 for broadcast {com.google.android.cellbroadcastreceiver/com.android.cellbroadcastreceiver.CellBroadcastReceiver}
2020-10-29 17:16:44.603 5222-5222/? W/oadcastreceive: Unexpected CPU variant for X86 using defaults: x86
2020-10-29 17:16:44.613 415-440/? I/adbd: jdwp connection from 5222
2020-10-29 17:16:44.636 4674-4698/com.google.android.onetimeinitializer I/timeinitialize: Waiting for a blocking GC ProfileSaver
2020-10-29 17:16:44.641 5222-5222/com.google.android.cellbroadcastreceiver D/NetworkSecurityConfig: No Network Security Config specified, using platform default
2020-10-29 17:16:44.641 5222-5222/com.google.android.cellbroadcastreceiver D/NetworkSecurityConfig: No Network Security Config specified, using platform default
2020-10-29 17:16:44.658 5222-5222/com.google.android.cellbroadcastreceiver D/CellBroadcastReceiver: onReceive Intent { act=android.intent.action.SERVICE_STATE flg=0x1000010 cmp=com.google.android.cellbroadcastreceiver/com.android.cellbroadcastreceiver.CellBroadcastReceiver (has extras) }
2020-10-29 17:16:44.674 577-942/system_process W/BroadcastQueue: Background execution not allowed: receiving Intent { act=android.intent.action.DROPBOX_ENTRY_ADDED flg=0x10 (has extras) } to com.google.android.gms/.stats.service.DropBoxEntryAddedReceiver
2020-10-29 17:16:44.676 577-942/system_process I/ActivityManager: Killing 4297:com.google.android.apps.wallpaper/u0a141 (adj 985): empty #17
2020-10-29 17:16:44.677 577-637/system_process W/BroadcastQueue: Background execution not allowed: receiving Intent { act=android.intent.action.DROPBOX_ENTRY_ADDED flg=0x10 (has extras) } to com.google.android.gms/.chimera.GmsIntentOperationService$PersistentTrustedReceiver
2020-10-29 17:16:44.684 319-319/? I/Zygote: Process 4297 exited due to signal 9 (Killed)
2020-10-29 17:16:44.697 1576-5246/com.google.android.gms I/Authzen: [AuthZenEventHandler] Handling event: com.google.android.gms.gcm.REGISTERED
2020-10-29 17:16:44.704 1311-1311/com.google.android.gms I/GCoreUlr: GCM registration ID changed: Intent { act=com.google.android.gms.gcm.REGISTERED flg=0x10 pkg=com.google.android.gms cmp=com.google.android.gms/com.google.android.location.reporting.service.GcmRegistrationReceiver }
2020-10-29 17:16:44.723 577-639/system_process I/libprocessgroup: Successfully killed process cgroup uid 10141 pid 4297 in 46ms
2020-10-29 17:16:44.737 577-947/system_process D/CompatibilityChangeReporter: Compat change id reported: 135634846; UID 10132; state: DISABLED
2020-10-29 17:16:44.737 577-638/system_process D/CompatibilityChangeReporter: Compat change id reported: 143937733; UID 10132; state: DISABLED
2020-10-29 17:16:44.741 1576-3375/com.google.android.gms E/MDM: [195] afxi.a: No Google accounts; deferring server state update.
2020-10-29 17:16:44.746 1311-2906/com.google.android.gms I/GCoreUlr: DispatchingService ignoring Intent { act=android.net.wifi.WIFI_STATE_CHANGED flg=0x44000010 (has extras) } because ULR inactive
2020-10-29 17:16:44.747 319-319/? D/Zygote: Forked child process 5248
2020-10-29 17:16:44.749 1311-1311/com.google.android.gms I/GCoreUlr: Unbound from all signal providers.
2020-10-29 17:16:44.750 1311-1311/com.google.android.gms I/GCoreUlr: Stopping handler for UlrDispSvcFast
2020-10-29 17:16:44.753 577-638/system_process I/ActivityManager: Start proc 5248:com.google.android.apps.docs/u0a132 for broadcast {com.google.android.apps.docs/com.google.firebase.iid.FirebaseInstanceIdReceiver}
2020-10-29 17:16:44.755 5248-5248/? W/droid.apps.doc: Unexpected CPU variant for X86 using defaults: x86
2020-10-29 17:16:44.768 415-440/? I/adbd: jdwp connection from 5248
2020-10-29 17:16:44.789 5248-5248/com.google.android.apps.docs D/ApplicationLoaders: Returning zygote-cached class loader: /system/framework/android.test.base.jar
2020-10-29 17:16:44.791 5248-5248/com.google.android.apps.docs I/droid.apps.doc: The ClassLoaderContext is a special shared library.
2020-10-29 17:16:44.797 5248-5248/com.google.android.apps.docs I/droid.apps.doc: The ClassLoaderContext is a special shared library.
2020-10-29 17:16:44.797 5248-5248/com.google.android.apps.docs D/nativeloader: classloader namespace configured for unbundled product apk. library_path=/product/app/Drive/lib/x86:/product/app/Drive/Drive.apk!/lib/x86:/product/lib:/system/product/lib
2020-10-29 17:16:44.808 5248-5248/com.google.android.apps.docs D/NetworkSecurityConfig: Using Network Security Config from resource network_security_config debugBuild: false
2020-10-29 17:16:44.808 5248-5248/com.google.android.apps.docs D/NetworkSecurityConfig: Using Network Security Config from resource network_security_config debugBuild: false
2020-10-29 17:16:44.841 5248-5272/com.google.android.apps.docs W/droid.apps.doc: Accessing hidden field Ljava/util/Collections$SynchronizedCollection;->mutex:Ljava/lang/Object; (greylist-max-o, reflection, denied)
2020-10-29 17:16:44.841 5248-5272/com.google.android.apps.docs W/droid.apps.doc: Accessing hidden method Ljava/util/Collections$SynchronizedSet;-><init>(Ljava/util/Set;Ljava/lang/Object;)V (greylist-max-o, reflection, denied)
2020-10-29 17:16:44.841 5248-5272/com.google.android.apps.docs W/droid.apps.doc: Accessing hidden method Ljava/util/Collections$SynchronizedCollection;-><init>(Ljava/util/Collection;Ljava/lang/Object;)V (greylist-max-o, reflection, denied)
2020-10-29 17:16:44.887 5078-5172/com.google.android.youtube I/FA: App measurement disabled by setAnalyticsCollectionEnabled(false)
2020-10-29 17:16:44.890 5078-5172/com.google.android.youtube I/FA: App measurement initialized, version: 26017
2020-10-29 17:16:44.890 5078-5172/com.google.android.youtube I/FA: To enable debug logging run: adb shell setprop log.tag.FA VERBOSE
2020-10-29 17:16:44.890 5078-5172/com.google.android.youtube I/FA: To enable faster debug mode event logging run:
      adb shell setprop debug.firebase.analytics.app com.google.android.youtube
2020-10-29 17:16:44.950 5248-5277/com.google.android.apps.docs I/GAv4: Google Analytics 202.3.00 is starting up. To enable debug logging on a device run:
      adb shell setprop log.tag.GAv4 DEBUG
      adb logcat -s GAv4
2020-10-29 17:16:44.971 5248-5291/com.google.android.apps.docs W/GAv4: CampaignTrackingReceiver is not registered, not exported or is disabled. Installation campaign tracking is not possible. See http://goo.gl/8Rd3yj for instructions.
2020-10-29 17:16:44.976 5248-5282/com.google.android.apps.docs W/FieldDefinition: [RxCachedThreadScheduler-5] Ignoring isIndexed constraint as field also has uniqueness constraint (on just this field, and therefore SQLite will have to create an index on that. For field: bok$a@e51349
2020-10-29 17:16:44.998 5248-5280/com.google.android.apps.docs I/TetheringManager: registerTetheringEventCallback:com.google.android.apps.docs
2020-10-29 17:16:45.058 1576-1595/com.google.android.gms I/PeopleChimeraService: onService. callbacks = zup@dcdf5e, request = com.google.android.gms.common.internal.GetServiceRequest@acdef3f
2020-10-29 17:16:45.112 577-1907/system_process I/ActivityManager: Killing 3519:com.google.android.apps.photos/u0a133 (adj 985): empty #17
2020-10-29 17:16:45.133 319-319/? I/Zygote: Process 3519 exited due to signal 9 (Killed)
2020-10-29 17:16:45.142 577-1884/system_process W/ActivityManager: Unable to start service Intent { act=com.google.android.gms.auth.key.retrieval.service.START pkg=com.google.android.gms } U=0: not found
2020-10-29 17:16:45.142 577-1884/system_process W/ActivityManager: Unbind failed: could not find connection for android.os.BinderProxy@6624b54
2020-10-29 17:16:45.142 1576-2244/com.google.android.gms E/GmsClient: unable to connect to service: com.google.android.gms.auth.key.retrieval.service.START on com.google.android.gms
2020-10-29 17:16:45.145 1311-4775/com.google.android.gms I/NetRec: [388] akje.a: onConfigChanged()
2020-10-29 17:16:45.147 1311-4983/com.google.android.gms I/Herrevad: [424] abjt.a: updateListenState
2020-10-29 17:16:45.153 5248-5248/com.google.android.apps.docs D/CompatibilityChangeReporter: Compat change id reported: 119147584; UID 10132; state: DISABLED
2020-10-29 17:16:45.159 577-639/system_process I/libprocessgroup: Successfully killed process cgroup uid 10133 pid 3519 in 45ms
2020-10-29 17:16:45.161 1311-4775/com.google.android.gms I/NetRec: [388] akje.a: Cancelling all NetRec GCM tasks
2020-10-29 17:16:45.161 1311-3346/com.google.android.gms I/NetRec: [199] ClearDatabaseService.onHandleIntent: Clearing score cache
2020-10-29 17:16:45.161 1311-4776/com.google.android.gms I/Auth: [AuthManaged,PasswordComplexityHelperImpl] Updating password complexity components state.
2020-10-29 17:16:45.166 1576-3406/com.google.android.gms I/GmsModuleFndr: Beginning GMS chimera module scan
2020-10-29 17:16:45.167 1311-4776/com.google.android.gms I/Auth: [AuthManaged,PasswordComplexityHelperImpl] Disabling com.google.android.gms.auth.managed.admin.DeviceAdminReceiver
2020-10-29 17:16:45.168 1311-4776/com.google.android.gms I/Auth: [AuthManaged,PasswordComplexityHelperImpl] Disabling com.google.android.gms.auth.managed.ui.SetNewPasswordActivity
2020-10-29 17:16:45.175 1576-3406/com.google.android.gms I/ModuleSetMgr: Computing pending module set with APKs: [[AdsFdrDynamite.integ:21460000000], [Cronetdynamite:201817040700], [Dynamiteloader:201817040000], [Dynamitemodulesa:201817040000], [Dynamitemodulesc:201817040000], [Googlecertificates:201817040000], [Mapsdynamite:201817040000], [Measurementdynamite:201817040000]]
2020-10-29 17:16:45.203 1576-3406/com.google.android.gms I/ModuleSetMgr: Pending container module APKs: []
2020-10-29 17:16:45.203 1576-3406/com.google.android.gms I/ModuleSetMgr: Pending non-container module APKs: []
2020-10-29 17:16:45.207 1311-3746/com.google.android.gms I/GCoreUlr: WorldUpdater received intent Intent { act=com.google.android.location.reporting.ACTION_UPDATE_WORLD cmp=com.google.android.gms/com.google.android.location.reporting.service.DispatchingService (has extras) } with receiverAction com.google.gservices.intent.action.GSERVICES_CHANGED
2020-10-29 17:16:45.234 1311-3746/com.google.android.gms I/GCoreUlr: WorldUpdater:com.google.gservices.intent.action.GSERVICES_CHANGED: Ensuring that reporting is stopped because of reasons: (no Google accounts)
2020-10-29 17:16:45.241 1311-3746/com.google.android.gms I/GCoreUlr: Unbound from all signal providers.
2020-10-29 17:16:45.248 1311-3746/com.google.android.gms I/GCoreUlr: DispatchingService ignoring Intent { act=android.net.wifi.WIFI_STATE_CHANGED flg=0x44000010 (has extras) } because ULR inactive
2020-10-29 17:16:45.257 1311-1311/com.google.android.gms I/GCoreUlr: Unbound from all signal providers.
2020-10-29 17:16:45.257 1311-1311/com.google.android.gms I/GCoreUlr: Stopping handler for UlrDispSvcFast
2020-10-29 17:16:45.265 1576-2219/com.google.android.gms I/ChromeSync: [Sync,SyncIntentOperation] Handling the intent: Intent { act=com.google.gservices.intent.action.GSERVICES_CHANGED flg=0x1000010 cmp=com.google.android.gms/.chimera.GmsIntentOperationService$PersistentInternalReceiver }.
2020-10-29 17:16:45.280 1311-1311/com.google.android.gms I/GeofencerStateMachine: sendQueryLocationOptIn
2020-10-29 17:16:45.282 1576-2369/com.google.android.gms I/GmsModuleFndr: Beginning GMS chimera module scan
2020-10-29 17:16:45.287 1576-2369/com.google.android.gms I/ModuleSetMgr: Computing pending module set with APKs: [[AdsFdrDynamite.integ:21460000000], [Cronetdynamite:201817040700], [Dynamiteloader:201817040000], [Dynamitemodulesa:201817040000], [Dynamitemodulesc:201817040000], [Googlecertificates:201817040000], [Mapsdynamite:201817040000], [Measurementdynamite:201817040000]]
2020-10-29 17:16:45.289 1576-2369/com.google.android.gms I/ModuleSetMgr: Pending container module APKs: []
2020-10-29 17:16:45.289 1576-2369/com.google.android.gms I/ModuleSetMgr: Pending non-container module APKs: []
2020-10-29 17:16:45.308 1311-1311/com.google.android.gms I/GeofencerStateMachine: sendQueryLocationOptIn
2020-10-29 17:16:45.323 1311-1311/com.google.android.gms I/GeofencerStateMachine: sendQueryLocationOptIn
2020-10-29 17:16:45.327 1576-3406/com.google.android.gms I/MobileDataHub: Scheduling periodic tasks
2020-10-29 17:16:45.328 1576-3406/com.google.android.gms W/MobileDataHub: [Service] appsupload-periodic periodic task disabled
2020-10-29 17:16:45.343 577-1351/system_process D/PackageManager: Instant App installer not found with android.intent.action.INSTALL_INSTANT_APP_PACKAGE
2020-10-29 17:16:45.343 577-1351/system_process D/PackageManager: Clear ephemeral installer activity
2020-10-29 17:16:45.345 1311-1311/com.google.android.gms I/GeofencerStateMachine: sendQueryLocationOptIn
